
Error [ERR_IPC_DISCONNECTED]: IPC channel is already disconnected
    at ChildProcess.target.disconnect (internal/child_process.js:832:26)
    at QueryProcessWrapper.destroy (C:\Users\Tegan\Downloads\DH-master\DH-M\DH\.lib-dist\process-manager.js:178:16)
    at QueryProcessWrapper.release (C:\Users\Tegan\Downloads\DH-master\DH-M\DH\.lib-dist\process-manager.js:164:9)
    at QueryProcessManager.releaseCrashed (C:\Users\Tegan\Downloads\DH-master\DH-M\DH\.lib-dist\process-manager.js:421:16)
    at ChildProcess.<anonymous> (C:\Users\Tegan\Downloads\DH-master\DH-M\DH\.lib-dist\process-manager.js:468:48)
    at ChildProcess.emit (events.js:315:20)
    at ChildProcess.EventEmitter.emit (domain.js:483:12)
    at finish (internal/child_process.js:861:14)
    at processTicksAndRejections (internal/process/task_queues.js:79:11)

Error [ERR_IPC_DISCONNECTED]: IPC channel is already disconnected
    at ChildProcess.target.disconnect (internal/child_process.js:832:26)
    at QueryProcessWrapper.destroy (C:\Users\Tegan\Downloads\DH-master\DH-M\DH\.lib-dist\process-manager.js:178:16)
    at QueryProcessWrapper.release (C:\Users\Tegan\Downloads\DH-master\DH-M\DH\.lib-dist\process-manager.js:164:9)
    at QueryProcessManager.releaseCrashed (C:\Users\Tegan\Downloads\DH-master\DH-M\DH\.lib-dist\process-manager.js:421:16)
    at ChildProcess.<anonymous> (C:\Users\Tegan\Downloads\DH-master\DH-M\DH\.lib-dist\process-manager.js:468:48)
    at ChildProcess.emit (events.js:315:20)
    at ChildProcess.EventEmitter.emit (domain.js:483:12)
    at finish (internal/child_process.js:861:14)
    at processTicksAndRejections (internal/process/task_queues.js:79:11)

Error [ERR_IPC_DISCONNECTED]: IPC channel is already disconnected
    at ChildProcess.target.disconnect (internal/child_process.js:832:26)
    at QueryProcessWrapper.destroy (C:\Users\Tegan\Downloads\DH-master\DH-M\DH\.lib-dist\process-manager.js:178:16)
    at QueryProcessWrapper.release (C:\Users\Tegan\Downloads\DH-master\DH-M\DH\.lib-dist\process-manager.js:164:9)
    at QueryProcessManager.releaseCrashed (C:\Users\Tegan\Downloads\DH-master\DH-M\DH\.lib-dist\process-manager.js:421:16)
    at ChildProcess.<anonymous> (C:\Users\Tegan\Downloads\DH-master\DH-M\DH\.lib-dist\process-manager.js:468:48)
    at ChildProcess.emit (events.js:315:20)
    at ChildProcess.EventEmitter.emit (domain.js:483:12)
    at finish (internal/child_process.js:861:14)
    at processTicksAndRejections (internal/process/task_queues.js:79:11)

Error [ERR_IPC_DISCONNECTED]: IPC channel is already disconnected
    at ChildProcess.target.disconnect (internal/child_process.js:832:26)
    at StreamProcessWrapper.destroy (C:\Users\Tegan\Downloads\DH-master\DH-M\DH\.lib-dist\process-manager.js:288:16)
    at StreamProcessWrapper.release (C:\Users\Tegan\Downloads\DH-master\DH-M\DH\.lib-dist\process-manager.js:274:14)
    at StreamProcessManager.releaseCrashed (C:\Users\Tegan\Downloads\DH-master\DH-M\DH\.lib-dist\process-manager.js:421:16)
    at ChildProcess.<anonymous> (C:\Users\Tegan\Downloads\DH-master\DH-M\DH\.lib-dist\process-manager.js:468:48)
    at ChildProcess.emit (events.js:315:20)
    at ChildProcess.EventEmitter.emit (domain.js:483:12)
    at finish (internal/child_process.js:861:14)
    at processTicksAndRejections (internal/process/task_queues.js:79:11)

TypeError: C:\Users\Tegan\Downloads\DH-master\DH-M\DH\.data-dist\mods/inksrandbats/conditions, if it exists, must export an object whose 'Conditions' property is an Object
    at ModdedDex.loadDataFile (C:\Users\Tegan\Downloads\DH-master\DH-M\DH\.sim-dist\dex.js:1353:11)
    at ModdedDex.loadData (C:\Users\Tegan\Downloads\DH-master\DH-M\DH\.sim-dist\dex.js:1427:28)
    at ModdedDex.includeData (C:\Users\Tegan\Downloads\DH-master\DH-M\DH\.sim-dist\dex.js:1390:8)
    at ModdedDex.forFormat (C:\Users\Tegan\Downloads\DH-master\DH-M\DH\.sim-dist\dex.js:194:33)
    at new TeamValidator (C:\Users\Tegan\Downloads\DH-master\DH-M\DH\.sim-dist\team-validator.js:197:18)
    at Function.get (C:\Users\Tegan\Downloads\DH-master\DH-M\DH\.sim-dist\team-validator.js:2098:10)
    at QueryProcessManager._query (C:\Users\Tegan\Downloads\DH-master\DH-M\DH\.server-dist\team-validator-async.js:51:43)
    at process.<anonymous> (C:\Users\Tegan\Downloads\DH-master\DH-M\DH\.lib-dist\process-manager.js:538:30)
    at process.emit (events.js:315:20)
    at process.EventEmitter.emit (domain.js:483:12)

Additional information:
  formatid = gen8inksrandbats
  team = null


Error [ERR_IPC_DISCONNECTED]: IPC channel is already disconnected
    at ChildProcess.target.disconnect (internal/child_process.js:832:26)
    at QueryProcessWrapper.destroy (C:\Users\Tegan\Downloads\DH-master\DH-M\DH\.lib-dist\process-manager.js:178:16)
    at QueryProcessWrapper.release (C:\Users\Tegan\Downloads\DH-master\DH-M\DH\.lib-dist\process-manager.js:164:9)
    at QueryProcessManager.releaseCrashed (C:\Users\Tegan\Downloads\DH-master\DH-M\DH\.lib-dist\process-manager.js:421:16)
    at ChildProcess.<anonymous> (C:\Users\Tegan\Downloads\DH-master\DH-M\DH\.lib-dist\process-manager.js:468:48)
    at ChildProcess.emit (events.js:315:20)
    at ChildProcess.EventEmitter.emit (domain.js:483:12)
    at finish (internal/child_process.js:861:14)
    at processTicksAndRejections (internal/process/task_queues.js:79:11)

Error [ERR_IPC_DISCONNECTED]: IPC channel is already disconnected
    at ChildProcess.target.disconnect (internal/child_process.js:832:26)
    at QueryProcessWrapper.destroy (C:\Users\Tegan\Downloads\DH-master\DH-M\DH\.lib-dist\process-manager.js:178:16)
    at QueryProcessWrapper.release (C:\Users\Tegan\Downloads\DH-master\DH-M\DH\.lib-dist\process-manager.js:164:9)
    at QueryProcessManager.releaseCrashed (C:\Users\Tegan\Downloads\DH-master\DH-M\DH\.lib-dist\process-manager.js:421:16)
    at ChildProcess.<anonymous> (C:\Users\Tegan\Downloads\DH-master\DH-M\DH\.lib-dist\process-manager.js:468:48)
    at ChildProcess.emit (events.js:315:20)
    at ChildProcess.EventEmitter.emit (domain.js:483:12)
    at finish (internal/child_process.js:861:14)
    at processTicksAndRejections (internal/process/task_queues.js:79:11)

Error [ERR_IPC_DISCONNECTED]: IPC channel is already disconnected
    at ChildProcess.target.disconnect (internal/child_process.js:832:26)
    at QueryProcessWrapper.destroy (C:\Users\Tegan\Downloads\DH-master\DH-M\DH\.lib-dist\process-manager.js:178:16)
    at QueryProcessWrapper.release (C:\Users\Tegan\Downloads\DH-master\DH-M\DH\.lib-dist\process-manager.js:164:9)
    at QueryProcessManager.releaseCrashed (C:\Users\Tegan\Downloads\DH-master\DH-M\DH\.lib-dist\process-manager.js:421:16)
    at ChildProcess.<anonymous> (C:\Users\Tegan\Downloads\DH-master\DH-M\DH\.lib-dist\process-manager.js:468:48)
    at ChildProcess.emit (events.js:315:20)
    at ChildProcess.EventEmitter.emit (domain.js:483:12)
    at finish (internal/child_process.js:861:14)
    at processTicksAndRejections (internal/process/task_queues.js:79:11)

Error [ERR_IPC_DISCONNECTED]: IPC channel is already disconnected
    at ChildProcess.target.disconnect (internal/child_process.js:832:26)
    at QueryProcessWrapper.destroy (C:\Users\Tegan\Downloads\DH-master\DH-M\DH\.lib-dist\process-manager.js:178:16)
    at QueryProcessWrapper.release (C:\Users\Tegan\Downloads\DH-master\DH-M\DH\.lib-dist\process-manager.js:164:9)
    at QueryProcessManager.releaseCrashed (C:\Users\Tegan\Downloads\DH-master\DH-M\DH\.lib-dist\process-manager.js:421:16)
    at ChildProcess.<anonymous> (C:\Users\Tegan\Downloads\DH-master\DH-M\DH\.lib-dist\process-manager.js:468:48)
    at ChildProcess.emit (events.js:315:20)
    at ChildProcess.EventEmitter.emit (domain.js:483:12)
    at finish (internal/child_process.js:861:14)
    at processTicksAndRejections (internal/process/task_queues.js:79:11)

Error [ERR_IPC_DISCONNECTED]: IPC channel is already disconnected
    at ChildProcess.target.disconnect (internal/child_process.js:832:26)
    at StreamProcessWrapper.destroy (C:\Users\Tegan\Downloads\DH-master\DH-M\DH\.lib-dist\process-manager.js:288:16)
    at StreamProcessWrapper.release (C:\Users\Tegan\Downloads\DH-master\DH-M\DH\.lib-dist\process-manager.js:274:14)
    at StreamProcessManager.releaseCrashed (C:\Users\Tegan\Downloads\DH-master\DH-M\DH\.lib-dist\process-manager.js:421:16)
    at ChildProcess.<anonymous> (C:\Users\Tegan\Downloads\DH-master\DH-M\DH\.lib-dist\process-manager.js:468:48)
    at ChildProcess.emit (events.js:315:20)
    at ChildProcess.EventEmitter.emit (domain.js:483:12)
    at finish (internal/child_process.js:861:14)
    at processTicksAndRejections (internal/process/task_queues.js:79:11)

TypeError: C:\Users\Tegan\Downloads\DH-master\DH-M\DH\.data-dist\mods/inksrandbats/conditions, if it exists, must export an object whose 'Conditions' property is an Object
    at ModdedDex.loadDataFile (C:\Users\Tegan\Downloads\DH-master\DH-M\DH\.sim-dist\dex.js:1353:11)
    at ModdedDex.loadData (C:\Users\Tegan\Downloads\DH-master\DH-M\DH\.sim-dist\dex.js:1427:28)
    at ModdedDex.includeData (C:\Users\Tegan\Downloads\DH-master\DH-M\DH\.sim-dist\dex.js:1390:8)
    at ModdedDex.forFormat (C:\Users\Tegan\Downloads\DH-master\DH-M\DH\.sim-dist\dex.js:194:33)
    at new TeamValidator (C:\Users\Tegan\Downloads\DH-master\DH-M\DH\.sim-dist\team-validator.js:197:18)
    at Function.get (C:\Users\Tegan\Downloads\DH-master\DH-M\DH\.sim-dist\team-validator.js:2098:10)
    at QueryProcessManager._query (C:\Users\Tegan\Downloads\DH-master\DH-M\DH\.server-dist\team-validator-async.js:51:43)
    at process.<anonymous> (C:\Users\Tegan\Downloads\DH-master\DH-M\DH\.lib-dist\process-manager.js:538:30)
    at process.emit (events.js:315:20)
    at process.EventEmitter.emit (domain.js:483:12)

Additional information:
  formatid = gen8inksrandbats
  team = null


Error [ERR_IPC_DISCONNECTED]: IPC channel is already disconnected
    at ChildProcess.target.disconnect (internal/child_process.js:832:26)
    at QueryProcessWrapper.destroy (C:\Users\Tegan\Downloads\DH-master\DH-M\DH\.lib-dist\process-manager.js:178:16)
    at QueryProcessWrapper.release (C:\Users\Tegan\Downloads\DH-master\DH-M\DH\.lib-dist\process-manager.js:164:9)
    at QueryProcessManager.releaseCrashed (C:\Users\Tegan\Downloads\DH-master\DH-M\DH\.lib-dist\process-manager.js:421:16)
    at ChildProcess.<anonymous> (C:\Users\Tegan\Downloads\DH-master\DH-M\DH\.lib-dist\process-manager.js:468:48)
    at ChildProcess.emit (events.js:315:20)
    at ChildProcess.EventEmitter.emit (domain.js:483:12)
    at finish (internal/child_process.js:861:14)
    at processTicksAndRejections (internal/process/task_queues.js:79:11)

Error [ERR_IPC_DISCONNECTED]: IPC channel is already disconnected
    at ChildProcess.target.disconnect (internal/child_process.js:832:26)
    at QueryProcessWrapper.destroy (C:\Users\Tegan\Downloads\DH-master\DH-M\DH\.lib-dist\process-manager.js:178:16)
    at QueryProcessWrapper.release (C:\Users\Tegan\Downloads\DH-master\DH-M\DH\.lib-dist\process-manager.js:164:9)
    at QueryProcessManager.releaseCrashed (C:\Users\Tegan\Downloads\DH-master\DH-M\DH\.lib-dist\process-manager.js:421:16)
    at ChildProcess.<anonymous> (C:\Users\Tegan\Downloads\DH-master\DH-M\DH\.lib-dist\process-manager.js:468:48)
    at ChildProcess.emit (events.js:315:20)
    at ChildProcess.EventEmitter.emit (domain.js:483:12)
    at finish (internal/child_process.js:861:14)
    at processTicksAndRejections (internal/process/task_queues.js:79:11)

Error [ERR_IPC_DISCONNECTED]: IPC channel is already disconnected
    at ChildProcess.target.disconnect (internal/child_process.js:832:26)
    at QueryProcessWrapper.destroy (C:\Users\Tegan\Downloads\DH-master\DH-M\DH\.lib-dist\process-manager.js:178:16)
    at QueryProcessWrapper.release (C:\Users\Tegan\Downloads\DH-master\DH-M\DH\.lib-dist\process-manager.js:164:9)
    at QueryProcessManager.releaseCrashed (C:\Users\Tegan\Downloads\DH-master\DH-M\DH\.lib-dist\process-manager.js:421:16)
    at ChildProcess.<anonymous> (C:\Users\Tegan\Downloads\DH-master\DH-M\DH\.lib-dist\process-manager.js:468:48)
    at ChildProcess.emit (events.js:315:20)
    at ChildProcess.EventEmitter.emit (domain.js:483:12)
    at finish (internal/child_process.js:861:14)
    at processTicksAndRejections (internal/process/task_queues.js:79:11)

Error [ERR_IPC_DISCONNECTED]: IPC channel is already disconnected
    at ChildProcess.target.disconnect (internal/child_process.js:832:26)
    at StreamProcessWrapper.destroy (C:\Users\Tegan\Downloads\DH-master\DH-M\DH\.lib-dist\process-manager.js:288:16)
    at StreamProcessWrapper.release (C:\Users\Tegan\Downloads\DH-master\DH-M\DH\.lib-dist\process-manager.js:274:14)
    at StreamProcessManager.releaseCrashed (C:\Users\Tegan\Downloads\DH-master\DH-M\DH\.lib-dist\process-manager.js:421:16)
    at ChildProcess.<anonymous> (C:\Users\Tegan\Downloads\DH-master\DH-M\DH\.lib-dist\process-manager.js:468:48)
    at ChildProcess.emit (events.js:315:20)
    at ChildProcess.EventEmitter.emit (domain.js:483:12)
    at finish (internal/child_process.js:861:14)
    at processTicksAndRejections (internal/process/task_queues.js:79:11)

TypeError: C:\Users\Tegan\Downloads\DH-master\DH-M\DH\.data-dist\mods/inksrandbats/conditions, if it exists, must export an object whose 'Conditions' property is an Object
    at ModdedDex.loadDataFile (C:\Users\Tegan\Downloads\DH-master\DH-M\DH\.sim-dist\dex.js:1353:11)
    at ModdedDex.loadData (C:\Users\Tegan\Downloads\DH-master\DH-M\DH\.sim-dist\dex.js:1427:28)
    at ModdedDex.includeData (C:\Users\Tegan\Downloads\DH-master\DH-M\DH\.sim-dist\dex.js:1390:8)
    at ModdedDex.forFormat (C:\Users\Tegan\Downloads\DH-master\DH-M\DH\.sim-dist\dex.js:194:33)
    at new TeamValidator (C:\Users\Tegan\Downloads\DH-master\DH-M\DH\.sim-dist\team-validator.js:197:18)
    at Function.get (C:\Users\Tegan\Downloads\DH-master\DH-M\DH\.sim-dist\team-validator.js:2098:10)
    at QueryProcessManager._query (C:\Users\Tegan\Downloads\DH-master\DH-M\DH\.server-dist\team-validator-async.js:51:43)
    at process.<anonymous> (C:\Users\Tegan\Downloads\DH-master\DH-M\DH\.lib-dist\process-manager.js:538:30)
    at process.emit (events.js:315:20)
    at process.EventEmitter.emit (domain.js:483:12)

Additional information:
  formatid = gen8inksrandbats
  team = null


Error [ERR_IPC_DISCONNECTED]: IPC channel is already disconnected
    at ChildProcess.target.disconnect (internal/child_process.js:832:26)
    at QueryProcessWrapper.destroy (C:\Users\Tegan\Downloads\DH-master\DH-M\DH\.lib-dist\process-manager.js:178:16)
    at QueryProcessWrapper.release (C:\Users\Tegan\Downloads\DH-master\DH-M\DH\.lib-dist\process-manager.js:164:9)
    at QueryProcessManager.releaseCrashed (C:\Users\Tegan\Downloads\DH-master\DH-M\DH\.lib-dist\process-manager.js:421:16)
    at ChildProcess.<anonymous> (C:\Users\Tegan\Downloads\DH-master\DH-M\DH\.lib-dist\process-manager.js:468:48)
    at ChildProcess.emit (events.js:315:20)
    at ChildProcess.EventEmitter.emit (domain.js:483:12)
    at finish (internal/child_process.js:861:14)
    at processTicksAndRejections (internal/process/task_queues.js:79:11)

Error [ERR_IPC_DISCONNECTED]: IPC channel is already disconnected
    at ChildProcess.target.disconnect (internal/child_process.js:832:26)
    at QueryProcessWrapper.destroy (C:\Users\Tegan\Downloads\DH-master\DH-M\DH\.lib-dist\process-manager.js:178:16)
    at QueryProcessWrapper.release (C:\Users\Tegan\Downloads\DH-master\DH-M\DH\.lib-dist\process-manager.js:164:9)
    at QueryProcessManager.releaseCrashed (C:\Users\Tegan\Downloads\DH-master\DH-M\DH\.lib-dist\process-manager.js:421:16)
    at ChildProcess.<anonymous> (C:\Users\Tegan\Downloads\DH-master\DH-M\DH\.lib-dist\process-manager.js:468:48)
    at ChildProcess.emit (events.js:315:20)
    at ChildProcess.EventEmitter.emit (domain.js:483:12)
    at finish (internal/child_process.js:861:14)
    at processTicksAndRejections (internal/process/task_queues.js:79:11)

Error [ERR_IPC_DISCONNECTED]: IPC channel is already disconnected
    at ChildProcess.target.disconnect (internal/child_process.js:832:26)
    at QueryProcessWrapper.destroy (C:\Users\Tegan\Downloads\DH-master\DH-M\DH\.lib-dist\process-manager.js:178:16)
    at QueryProcessWrapper.release (C:\Users\Tegan\Downloads\DH-master\DH-M\DH\.lib-dist\process-manager.js:164:9)
    at QueryProcessManager.releaseCrashed (C:\Users\Tegan\Downloads\DH-master\DH-M\DH\.lib-dist\process-manager.js:421:16)
    at ChildProcess.<anonymous> (C:\Users\Tegan\Downloads\DH-master\DH-M\DH\.lib-dist\process-manager.js:468:48)
    at ChildProcess.emit (events.js:315:20)
    at ChildProcess.EventEmitter.emit (domain.js:483:12)
    at finish (internal/child_process.js:861:14)
    at processTicksAndRejections (internal/process/task_queues.js:79:11)

Error [ERR_IPC_DISCONNECTED]: IPC channel is already disconnected
    at ChildProcess.target.disconnect (internal/child_process.js:832:26)
    at StreamProcessWrapper.destroy (C:\Users\Tegan\Downloads\DH-master\DH-M\DH\.lib-dist\process-manager.js:288:16)
    at StreamProcessWrapper.release (C:\Users\Tegan\Downloads\DH-master\DH-M\DH\.lib-dist\process-manager.js:274:14)
    at StreamProcessManager.releaseCrashed (C:\Users\Tegan\Downloads\DH-master\DH-M\DH\.lib-dist\process-manager.js:421:16)
    at ChildProcess.<anonymous> (C:\Users\Tegan\Downloads\DH-master\DH-M\DH\.lib-dist\process-manager.js:468:48)
    at ChildProcess.emit (events.js:315:20)
    at ChildProcess.EventEmitter.emit (domain.js:483:12)
    at finish (internal/child_process.js:861:14)
    at processTicksAndRejections (internal/process/task_queues.js:79:11)

Error: Cannot find module 'C:\Users\Tegan\Downloads\DH-master\DH-M\DH\.data-dist\mods/inksrandbats/random-teams'
Require stack:
- C:\Users\Tegan\Downloads\DH-master\DH-M\DH\.sim-dist\dex.js
- C:\Users\Tegan\Downloads\DH-master\DH-M\DH\.sim-dist\battle.js
- C:\Users\Tegan\Downloads\DH-master\DH-M\DH\.sim-dist\battle-stream.js
- C:\Users\Tegan\Downloads\DH-master\DH-M\DH\.server-dist\room-battle.js
    at Function.Module._resolveFilename (internal/modules/cjs/loader.js:965:15)
    at Function.Module._load (internal/modules/cjs/loader.js:841:27)
    at Module.require (internal/modules/cjs/loader.js:1025:19)
    at require (internal/modules/cjs/helpers.js:72:18)
    at ModdedDex.getTeamGenerator (C:\Users\Tegan\Downloads\DH-master\DH-M\DH\.sim-dist\dex.js:1031:25)
    at Battle.getTeam (C:\Users\Tegan\Downloads\DH-master\DH-M\DH\.sim-dist\battle.js:2979:34)
    at Battle.setPlayer (C:\Users\Tegan\Downloads\DH-master\DH-M\DH\.sim-dist\battle.js:2994:22)
    at RoomBattleStream._writeLine (C:\Users\Tegan\Downloads\DH-master\DH-M\DH\.sim-dist\battle-stream.js:110:16)
    at RoomBattleStream._writeLine (C:\Users\Tegan\Downloads\DH-master\DH-M\DH\.server-dist\room-battle.js:1255:18)
    at RoomBattleStream._writeLines (C:\Users\Tegan\Downloads\DH-master\DH-M\DH\.sim-dist\battle-stream.js:77:10)

Additional information:
  chunk = >player p1 {"name":"ink2","avatar":"aaron","team":"","rating":0}
  inputLog = 
>start {"formatid":"gen8inksrandbats","seed":[9027,54756,53708,6537]}
  log = 
|t:|1606466297


Error: Cannot find module 'C:\Users\Tegan\Downloads\DH-master\DH-M\DH\.data-dist\mods/inksrandbats/random-teams'
Require stack:
- C:\Users\Tegan\Downloads\DH-master\DH-M\DH\.sim-dist\dex.js
- C:\Users\Tegan\Downloads\DH-master\DH-M\DH\.sim-dist\battle.js
- C:\Users\Tegan\Downloads\DH-master\DH-M\DH\.sim-dist\battle-stream.js
- C:\Users\Tegan\Downloads\DH-master\DH-M\DH\.server-dist\room-battle.js
    at Function.Module._resolveFilename (internal/modules/cjs/loader.js:965:15)
    at Function.Module._load (internal/modules/cjs/loader.js:841:27)
    at Module.require (internal/modules/cjs/loader.js:1025:19)
    at require (internal/modules/cjs/helpers.js:72:18)
    at ModdedDex.getTeamGenerator (C:\Users\Tegan\Downloads\DH-master\DH-M\DH\.sim-dist\dex.js:1031:25)
    at Battle.getTeam (C:\Users\Tegan\Downloads\DH-master\DH-M\DH\.sim-dist\battle.js:2979:34)
    at Battle.setPlayer (C:\Users\Tegan\Downloads\DH-master\DH-M\DH\.sim-dist\battle.js:2994:22)
    at RoomBattleStream._writeLine (C:\Users\Tegan\Downloads\DH-master\DH-M\DH\.sim-dist\battle-stream.js:110:16)
    at RoomBattleStream._writeLine (C:\Users\Tegan\Downloads\DH-master\DH-M\DH\.server-dist\room-battle.js:1255:18)
    at RoomBattleStream._writeLines (C:\Users\Tegan\Downloads\DH-master\DH-M\DH\.sim-dist\battle-stream.js:77:10)

Additional information:
  chunk = >player p2 {"name":"inkbug1","avatar":"burgh","team":"","rating":0}
  inputLog = 
>start {"formatid":"gen8inksrandbats","seed":[9027,54756,53708,6537]}
  log = 
|t:|1606466297


Error [ERR_IPC_DISCONNECTED]: IPC channel is already disconnected
    at ChildProcess.target.disconnect (internal/child_process.js:832:26)
    at QueryProcessWrapper.destroy (C:\Users\Tegan\Downloads\DH-master\DH-M\DH\.lib-dist\process-manager.js:178:16)
    at QueryProcessWrapper.release (C:\Users\Tegan\Downloads\DH-master\DH-M\DH\.lib-dist\process-manager.js:164:9)
    at QueryProcessManager.releaseCrashed (C:\Users\Tegan\Downloads\DH-master\DH-M\DH\.lib-dist\process-manager.js:421:16)
    at ChildProcess.<anonymous> (C:\Users\Tegan\Downloads\DH-master\DH-M\DH\.lib-dist\process-manager.js:468:48)
    at ChildProcess.emit (events.js:315:20)
    at ChildProcess.EventEmitter.emit (domain.js:483:12)
    at finish (internal/child_process.js:861:14)
    at processTicksAndRejections (internal/process/task_queues.js:79:11)

Error [ERR_IPC_DISCONNECTED]: IPC channel is already disconnected
    at ChildProcess.target.disconnect (internal/child_process.js:832:26)
    at QueryProcessWrapper.destroy (C:\Users\Tegan\Downloads\DH-master\DH-M\DH\.lib-dist\process-manager.js:178:16)
    at QueryProcessWrapper.release (C:\Users\Tegan\Downloads\DH-master\DH-M\DH\.lib-dist\process-manager.js:164:9)
    at QueryProcessManager.releaseCrashed (C:\Users\Tegan\Downloads\DH-master\DH-M\DH\.lib-dist\process-manager.js:421:16)
    at ChildProcess.<anonymous> (C:\Users\Tegan\Downloads\DH-master\DH-M\DH\.lib-dist\process-manager.js:468:48)
    at ChildProcess.emit (events.js:315:20)
    at ChildProcess.EventEmitter.emit (domain.js:483:12)
    at finish (internal/child_process.js:861:14)
    at processTicksAndRejections (internal/process/task_queues.js:79:11)

Error [ERR_IPC_DISCONNECTED]: IPC channel is already disconnected
    at ChildProcess.target.disconnect (internal/child_process.js:832:26)
    at QueryProcessWrapper.destroy (C:\Users\Tegan\Downloads\DH-master\DH-M\DH\.lib-dist\process-manager.js:178:16)
    at QueryProcessWrapper.release (C:\Users\Tegan\Downloads\DH-master\DH-M\DH\.lib-dist\process-manager.js:164:9)
    at QueryProcessManager.releaseCrashed (C:\Users\Tegan\Downloads\DH-master\DH-M\DH\.lib-dist\process-manager.js:421:16)
    at ChildProcess.<anonymous> (C:\Users\Tegan\Downloads\DH-master\DH-M\DH\.lib-dist\process-manager.js:468:48)
    at ChildProcess.emit (events.js:315:20)
    at ChildProcess.EventEmitter.emit (domain.js:483:12)
    at finish (internal/child_process.js:861:14)
    at processTicksAndRejections (internal/process/task_queues.js:79:11)

Error [ERR_IPC_DISCONNECTED]: IPC channel is already disconnected
    at ChildProcess.target.disconnect (internal/child_process.js:832:26)
    at StreamProcessWrapper.destroy (C:\Users\Tegan\Downloads\DH-master\DH-M\DH\.lib-dist\process-manager.js:288:16)
    at StreamProcessWrapper.release (C:\Users\Tegan\Downloads\DH-master\DH-M\DH\.lib-dist\process-manager.js:274:14)
    at StreamProcessManager.releaseCrashed (C:\Users\Tegan\Downloads\DH-master\DH-M\DH\.lib-dist\process-manager.js:421:16)
    at ChildProcess.<anonymous> (C:\Users\Tegan\Downloads\DH-master\DH-M\DH\.lib-dist\process-manager.js:468:48)
    at ChildProcess.emit (events.js:315:20)
    at ChildProcess.EventEmitter.emit (domain.js:483:12)
    at finish (internal/child_process.js:861:14)
    at processTicksAndRejections (internal/process/task_queues.js:79:11)

Error: setting weather without a source
    at Field.setWeather (C:\Users\Tegan\Downloads\DH-master\DH-M\DH\.sim-dist\field.js:79:23)
    at Battle.onBegin (C:\Users\Tegan\Downloads\DH-master\DH-M\DH\.data-dist\mods\inksrandbats\rulesets.js:9:15)
    at Battle.start (C:\Users\Tegan\Downloads\DH-master\DH-M\DH\.sim-dist\battle.js:1636:46)
    at Battle.setPlayer (C:\Users\Tegan\Downloads\DH-master\DH-M\DH\.sim-dist\battle.js:3020:75)
    at RoomBattleStream._writeLine (C:\Users\Tegan\Downloads\DH-master\DH-M\DH\.sim-dist\battle-stream.js:110:16)
    at RoomBattleStream._writeLine (C:\Users\Tegan\Downloads\DH-master\DH-M\DH\.server-dist\room-battle.js:1255:18)
    at RoomBattleStream._writeLines (C:\Users\Tegan\Downloads\DH-master\DH-M\DH\.sim-dist\battle-stream.js:77:10)
    at RoomBattleStream._write (C:\Users\Tegan\Downloads\DH-master\DH-M\DH\.server-dist\room-battle.js:1172:9)
    at RoomBattleStream.write (C:\Users\Tegan\Downloads\DH-master\DH-M\DH\.lib-dist\streams.js:836:15)
    at process.<anonymous> (C:\Users\Tegan\Downloads\DH-master\DH-M\DH\.lib-dist\process-manager.js:618:17)

Additional information:
  chunk = >player p2 {"name":"ink2","avatar":"aaron","team":"","rating":0}
  inputLog = 
>start {"formatid":"gen8inksrandbats","seed":[520,42253,47798,61344]}
>player p1 {"name":"inkbug1","avatar":"burgh","team":"","rating":0,"seed":[19775,37816,29267,18766]}
>player p2 {"name":"ink2","avatar":"aaron","team":"","rating":0,"seed":[53965,18317,42804,46452]}
  log = 
|t:|1606466521
|player|p1|inkbug1|burgh|
|player|p2|ink2|aaron|
|teamsize|p1|6
|teamsize|p2|6
|gametype|singles
|gen|8
|tier|[Gen 8] Ink's Randbats
|rule|Dynamax Clause: You cannot dynamax
|rule|Species Clause: Limit one of each Pokémon
|rule|HP Percentage Mod: HP is shown in percentages
|rule|Sleep Clause Mod: Limit one foe put to sleep
|rule|Permasnow: The weather will always be Hail


Error [ERR_IPC_DISCONNECTED]: IPC channel is already disconnected
    at ChildProcess.target.disconnect (internal/child_process.js:832:26)
    at QueryProcessWrapper.destroy (C:\Users\Tegan\Downloads\DH-master\DH-M\DH\.lib-dist\process-manager.js:178:16)
    at QueryProcessWrapper.release (C:\Users\Tegan\Downloads\DH-master\DH-M\DH\.lib-dist\process-manager.js:164:9)
    at QueryProcessManager.releaseCrashed (C:\Users\Tegan\Downloads\DH-master\DH-M\DH\.lib-dist\process-manager.js:421:16)
    at ChildProcess.<anonymous> (C:\Users\Tegan\Downloads\DH-master\DH-M\DH\.lib-dist\process-manager.js:468:48)
    at ChildProcess.emit (events.js:315:20)
    at ChildProcess.EventEmitter.emit (domain.js:483:12)
    at finish (internal/child_process.js:861:14)
    at processTicksAndRejections (internal/process/task_queues.js:79:11)

Error [ERR_IPC_DISCONNECTED]: IPC channel is already disconnected
    at ChildProcess.target.disconnect (internal/child_process.js:832:26)
    at QueryProcessWrapper.destroy (C:\Users\Tegan\Downloads\DH-master\DH-M\DH\.lib-dist\process-manager.js:178:16)
    at QueryProcessWrapper.release (C:\Users\Tegan\Downloads\DH-master\DH-M\DH\.lib-dist\process-manager.js:164:9)
    at QueryProcessManager.releaseCrashed (C:\Users\Tegan\Downloads\DH-master\DH-M\DH\.lib-dist\process-manager.js:421:16)
    at ChildProcess.<anonymous> (C:\Users\Tegan\Downloads\DH-master\DH-M\DH\.lib-dist\process-manager.js:468:48)
    at ChildProcess.emit (events.js:315:20)
    at ChildProcess.EventEmitter.emit (domain.js:483:12)
    at finish (internal/child_process.js:861:14)
    at processTicksAndRejections (internal/process/task_queues.js:79:11)

Error [ERR_IPC_DISCONNECTED]: IPC channel is already disconnected
    at ChildProcess.target.disconnect (internal/child_process.js:832:26)
    at StreamProcessWrapper.destroy (C:\Users\Tegan\Downloads\DH-master\DH-M\DH\.lib-dist\process-manager.js:288:16)
    at StreamProcessWrapper.release (C:\Users\Tegan\Downloads\DH-master\DH-M\DH\.lib-dist\process-manager.js:274:14)
    at StreamProcessManager.releaseCrashed (C:\Users\Tegan\Downloads\DH-master\DH-M\DH\.lib-dist\process-manager.js:421:16)
    at ChildProcess.<anonymous> (C:\Users\Tegan\Downloads\DH-master\DH-M\DH\.lib-dist\process-manager.js:468:48)
    at ChildProcess.emit (events.js:315:20)
    at ChildProcess.EventEmitter.emit (domain.js:483:12)
    at finish (internal/child_process.js:861:14)
    at processTicksAndRejections (internal/process/task_queues.js:79:11)

Error [ERR_IPC_DISCONNECTED]: IPC channel is already disconnected
    at ChildProcess.target.disconnect (internal/child_process.js:832:26)
    at QueryProcessWrapper.destroy (C:\Users\Tegan\Downloads\DH-master\DH-M\DH\.lib-dist\process-manager.js:178:16)
    at QueryProcessWrapper.release (C:\Users\Tegan\Downloads\DH-master\DH-M\DH\.lib-dist\process-manager.js:164:9)
    at QueryProcessManager.releaseCrashed (C:\Users\Tegan\Downloads\DH-master\DH-M\DH\.lib-dist\process-manager.js:421:16)
    at ChildProcess.<anonymous> (C:\Users\Tegan\Downloads\DH-master\DH-M\DH\.lib-dist\process-manager.js:468:48)
    at ChildProcess.emit (events.js:315:20)
    at ChildProcess.EventEmitter.emit (domain.js:483:12)
    at finish (internal/child_process.js:861:14)
    at processTicksAndRejections (internal/process/task_queues.js:79:11)

Error [ERR_IPC_DISCONNECTED]: IPC channel is already disconnected
    at ChildProcess.target.disconnect (internal/child_process.js:832:26)
    at QueryProcessWrapper.destroy (C:\Users\Tegan\Downloads\DH-master\DH-M\DH\.lib-dist\process-manager.js:178:16)
    at QueryProcessWrapper.release (C:\Users\Tegan\Downloads\DH-master\DH-M\DH\.lib-dist\process-manager.js:164:9)
    at QueryProcessManager.releaseCrashed (C:\Users\Tegan\Downloads\DH-master\DH-M\DH\.lib-dist\process-manager.js:421:16)
    at ChildProcess.<anonymous> (C:\Users\Tegan\Downloads\DH-master\DH-M\DH\.lib-dist\process-manager.js:468:48)
    at ChildProcess.emit (events.js:315:20)
    at ChildProcess.EventEmitter.emit (domain.js:483:12)
    at finish (internal/child_process.js:861:14)
    at processTicksAndRejections (internal/process/task_queues.js:79:11)

Error: setting weather without a source
    at Field.setWeather (C:\Users\Tegan\Downloads\DH-master\DH-M\DH\.sim-dist\field.js:79:23)
    at Battle.onBegin (C:\Users\Tegan\Downloads\DH-master\DH-M\DH\.data-dist\mods\inksrandbats\rulesets.js:9:15)
    at Battle.start (C:\Users\Tegan\Downloads\DH-master\DH-M\DH\.sim-dist\battle.js:1636:46)
    at Battle.setPlayer (C:\Users\Tegan\Downloads\DH-master\DH-M\DH\.sim-dist\battle.js:3020:75)
    at RoomBattleStream._writeLine (C:\Users\Tegan\Downloads\DH-master\DH-M\DH\.sim-dist\battle-stream.js:110:16)
    at RoomBattleStream._writeLine (C:\Users\Tegan\Downloads\DH-master\DH-M\DH\.server-dist\room-battle.js:1255:18)
    at RoomBattleStream._writeLines (C:\Users\Tegan\Downloads\DH-master\DH-M\DH\.sim-dist\battle-stream.js:77:10)
    at RoomBattleStream._write (C:\Users\Tegan\Downloads\DH-master\DH-M\DH\.server-dist\room-battle.js:1172:9)
    at RoomBattleStream.write (C:\Users\Tegan\Downloads\DH-master\DH-M\DH\.lib-dist\streams.js:836:15)
    at process.<anonymous> (C:\Users\Tegan\Downloads\DH-master\DH-M\DH\.lib-dist\process-manager.js:618:17)

Additional information:
  chunk = >player p2 {"name":"inkbug1","avatar":"burgh","team":"","rating":0}
  inputLog = 
>start {"formatid":"gen8inksrandbats","seed":[9981,6965,21345,63487]}
>player p1 {"name":"ink2","avatar":"aaron","team":"","rating":0,"seed":[58908,54119,46390,43647]}
>player p2 {"name":"inkbug1","avatar":"burgh","team":"","rating":0,"seed":[45102,26896,21950,42923]}
  log = 
|t:|1606467175
|player|p1|ink2|aaron|
|player|p2|inkbug1|burgh|
|teamsize|p1|6
|teamsize|p2|6
|gametype|singles
|gen|8
|tier|[Gen 8] Ink's Randbats
|rule|Dynamax Clause: You cannot dynamax
|rule|Species Clause: Limit one of each Pokémon
|rule|HP Percentage Mod: HP is shown in percentages
|rule|Sleep Clause Mod: Limit one foe put to sleep
|rule|Permasnow: The weather will always be Hail


Error [ERR_IPC_DISCONNECTED]: IPC channel is already disconnected
    at ChildProcess.target.disconnect (internal/child_process.js:832:26)
    at QueryProcessWrapper.destroy (C:\Users\Tegan\Downloads\DH-master\DH-M\DH\.lib-dist\process-manager.js:178:16)
    at QueryProcessWrapper.release (C:\Users\Tegan\Downloads\DH-master\DH-M\DH\.lib-dist\process-manager.js:164:9)
    at QueryProcessManager.releaseCrashed (C:\Users\Tegan\Downloads\DH-master\DH-M\DH\.lib-dist\process-manager.js:421:16)
    at ChildProcess.<anonymous> (C:\Users\Tegan\Downloads\DH-master\DH-M\DH\.lib-dist\process-manager.js:468:48)
    at ChildProcess.emit (events.js:315:20)
    at ChildProcess.EventEmitter.emit (domain.js:483:12)
    at finish (internal/child_process.js:861:14)
    at processTicksAndRejections (internal/process/task_queues.js:79:11)

Error [ERR_IPC_DISCONNECTED]: IPC channel is already disconnected
    at ChildProcess.target.disconnect (internal/child_process.js:832:26)
    at QueryProcessWrapper.destroy (C:\Users\Tegan\Downloads\DH-master\DH-M\DH\.lib-dist\process-manager.js:178:16)
    at QueryProcessWrapper.release (C:\Users\Tegan\Downloads\DH-master\DH-M\DH\.lib-dist\process-manager.js:164:9)
    at QueryProcessManager.releaseCrashed (C:\Users\Tegan\Downloads\DH-master\DH-M\DH\.lib-dist\process-manager.js:421:16)
    at ChildProcess.<anonymous> (C:\Users\Tegan\Downloads\DH-master\DH-M\DH\.lib-dist\process-manager.js:468:48)
    at ChildProcess.emit (events.js:315:20)
    at ChildProcess.EventEmitter.emit (domain.js:483:12)
    at finish (internal/child_process.js:861:14)
    at processTicksAndRejections (internal/process/task_queues.js:79:11)

Error [ERR_IPC_DISCONNECTED]: IPC channel is already disconnected
    at ChildProcess.target.disconnect (internal/child_process.js:832:26)
    at QueryProcessWrapper.destroy (C:\Users\Tegan\Downloads\DH-master\DH-M\DH\.lib-dist\process-manager.js:178:16)
    at QueryProcessWrapper.release (C:\Users\Tegan\Downloads\DH-master\DH-M\DH\.lib-dist\process-manager.js:164:9)
    at QueryProcessManager.releaseCrashed (C:\Users\Tegan\Downloads\DH-master\DH-M\DH\.lib-dist\process-manager.js:421:16)
    at ChildProcess.<anonymous> (C:\Users\Tegan\Downloads\DH-master\DH-M\DH\.lib-dist\process-manager.js:468:48)
    at ChildProcess.emit (events.js:315:20)
    at ChildProcess.EventEmitter.emit (domain.js:483:12)
    at finish (internal/child_process.js:861:14)
    at processTicksAndRejections (internal/process/task_queues.js:79:11)

Error: Process sockets.js 12192 crashed and had to be restarted
    at RawProcessManager.releaseCrashed (C:\Users\Tegan\Downloads\DH-master\DH-M\DH\.lib-dist\process-manager.js:437:4)
    at Worker.<anonymous> (C:\Users\Tegan\Downloads\DH-master\DH-M\DH\.lib-dist\process-manager.js:468:48)
    at Worker.emit (events.js:315:20)
    at Worker.EventEmitter.emit (domain.js:483:12)
    at ChildProcess.<anonymous> (internal/cluster/master.js:212:12)
    at Object.onceWrapper (events.js:421:28)
    at ChildProcess.emit (events.js:315:20)
    at ChildProcess.EventEmitter.emit (domain.js:483:12)
    at finish (internal/child_process.js:861:14)
    at processTicksAndRejections (internal/process/task_queues.js:79:11)

Error [ERR_IPC_DISCONNECTED]: IPC channel is already disconnected
    at ChildProcess.target.disconnect (internal/child_process.js:832:26)
    at QueryProcessWrapper.destroy (C:\Users\Tegan\Downloads\DH-master\DH-M\DH\.lib-dist\process-manager.js:178:16)
    at QueryProcessWrapper.release (C:\Users\Tegan\Downloads\DH-master\DH-M\DH\.lib-dist\process-manager.js:164:9)
    at QueryProcessManager.releaseCrashed (C:\Users\Tegan\Downloads\DH-master\DH-M\DH\.lib-dist\process-manager.js:421:16)
    at ChildProcess.<anonymous> (C:\Users\Tegan\Downloads\DH-master\DH-M\DH\.lib-dist\process-manager.js:468:48)
    at ChildProcess.emit (events.js:315:20)
    at ChildProcess.EventEmitter.emit (domain.js:483:12)
    at finish (internal/child_process.js:861:14)
    at processTicksAndRejections (internal/process/task_queues.js:79:11)

Error [ERR_IPC_DISCONNECTED]: IPC channel is already disconnected
    at ChildProcess.target.disconnect (internal/child_process.js:832:26)
    at StreamProcessWrapper.destroy (C:\Users\Tegan\Downloads\DH-master\DH-M\DH\.lib-dist\process-manager.js:288:16)
    at StreamProcessWrapper.release (C:\Users\Tegan\Downloads\DH-master\DH-M\DH\.lib-dist\process-manager.js:274:14)
    at StreamProcessManager.releaseCrashed (C:\Users\Tegan\Downloads\DH-master\DH-M\DH\.lib-dist\process-manager.js:421:16)
    at ChildProcess.<anonymous> (C:\Users\Tegan\Downloads\DH-master\DH-M\DH\.lib-dist\process-manager.js:468:48)
    at ChildProcess.emit (events.js:315:20)
    at ChildProcess.EventEmitter.emit (domain.js:483:12)
    at finish (internal/child_process.js:861:14)
    at processTicksAndRejections (internal/process/task_queues.js:79:11)

Error [ERR_IPC_DISCONNECTED]: IPC channel is already disconnected
    at ChildProcess.target.disconnect (internal/child_process.js:832:26)
    at QueryProcessWrapper.destroy (C:\Users\Tegan\Downloads\DH-master\DH-M\DH\.lib-dist\process-manager.js:178:16)
    at QueryProcessWrapper.release (C:\Users\Tegan\Downloads\DH-master\DH-M\DH\.lib-dist\process-manager.js:164:9)
    at QueryProcessManager.releaseCrashed (C:\Users\Tegan\Downloads\DH-master\DH-M\DH\.lib-dist\process-manager.js:421:16)
    at ChildProcess.<anonymous> (C:\Users\Tegan\Downloads\DH-master\DH-M\DH\.lib-dist\process-manager.js:468:48)
    at ChildProcess.emit (events.js:315:20)
    at ChildProcess.EventEmitter.emit (domain.js:483:12)
    at finish (internal/child_process.js:861:14)
    at processTicksAndRejections (internal/process/task_queues.js:79:11)

Error: setting weather without a source
    at Field.setWeather (C:\Users\Tegan\Downloads\DH-master\DH-M\DH\.sim-dist\field.js:79:23)
    at Battle.onBegin (C:\Users\Tegan\Downloads\DH-master\DH-M\DH\.data-dist\mods\inksrandbats\rulesets.js:9:15)
    at Battle.start (C:\Users\Tegan\Downloads\DH-master\DH-M\DH\.sim-dist\battle.js:1636:46)
    at Battle.setPlayer (C:\Users\Tegan\Downloads\DH-master\DH-M\DH\.sim-dist\battle.js:3020:75)
    at RoomBattleStream._writeLine (C:\Users\Tegan\Downloads\DH-master\DH-M\DH\.sim-dist\battle-stream.js:110:16)
    at RoomBattleStream._writeLine (C:\Users\Tegan\Downloads\DH-master\DH-M\DH\.server-dist\room-battle.js:1255:18)
    at RoomBattleStream._writeLines (C:\Users\Tegan\Downloads\DH-master\DH-M\DH\.sim-dist\battle-stream.js:77:10)
    at RoomBattleStream._write (C:\Users\Tegan\Downloads\DH-master\DH-M\DH\.server-dist\room-battle.js:1172:9)
    at RoomBattleStream.write (C:\Users\Tegan\Downloads\DH-master\DH-M\DH\.lib-dist\streams.js:836:15)
    at process.<anonymous> (C:\Users\Tegan\Downloads\DH-master\DH-M\DH\.lib-dist\process-manager.js:618:17)

Additional information:
  chunk = >player p2 {"name":"inkbug1","avatar":"burgh","team":"","rating":0}
  inputLog = 
>start {"formatid":"gen8inksrandbats","seed":[35206,29577,18923,56017]}
>player p1 {"name":"ink2","avatar":"aaron","team":"","rating":0,"seed":[64707,44737,24241,57874]}
>player p2 {"name":"inkbug1","avatar":"burgh","team":"","rating":0,"seed":[31886,51141,45699,9837]}
  log = 
|t:|1606467342
|player|p1|ink2|aaron|
|player|p2|inkbug1|burgh|
|teamsize|p1|6
|teamsize|p2|6
|gametype|singles
|gen|8
|tier|[Gen 8] Ink's Randbats
|rule|Dynamax Clause: You cannot dynamax
|rule|Species Clause: Limit one of each Pokémon
|rule|HP Percentage Mod: HP is shown in percentages
|rule|Sleep Clause Mod: Limit one foe put to sleep
|rule|Permasnow: The weather will always be Hail


Error [ERR_IPC_DISCONNECTED]: IPC channel is already disconnected
    at ChildProcess.target.disconnect (internal/child_process.js:832:26)
    at QueryProcessWrapper.destroy (C:\Users\Tegan\Downloads\DH-master\DH-M\DH\.lib-dist\process-manager.js:178:16)
    at QueryProcessWrapper.release (C:\Users\Tegan\Downloads\DH-master\DH-M\DH\.lib-dist\process-manager.js:164:9)
    at QueryProcessManager.releaseCrashed (C:\Users\Tegan\Downloads\DH-master\DH-M\DH\.lib-dist\process-manager.js:421:16)
    at ChildProcess.<anonymous> (C:\Users\Tegan\Downloads\DH-master\DH-M\DH\.lib-dist\process-manager.js:468:48)
    at ChildProcess.emit (events.js:315:20)
    at ChildProcess.EventEmitter.emit (domain.js:483:12)
    at finish (internal/child_process.js:861:14)
    at processTicksAndRejections (internal/process/task_queues.js:79:11)

Error [ERR_IPC_DISCONNECTED]: IPC channel is already disconnected
    at ChildProcess.target.disconnect (internal/child_process.js:832:26)
    at QueryProcessWrapper.destroy (C:\Users\Tegan\Downloads\DH-master\DH-M\DH\.lib-dist\process-manager.js:178:16)
    at QueryProcessWrapper.release (C:\Users\Tegan\Downloads\DH-master\DH-M\DH\.lib-dist\process-manager.js:164:9)
    at QueryProcessManager.releaseCrashed (C:\Users\Tegan\Downloads\DH-master\DH-M\DH\.lib-dist\process-manager.js:421:16)
    at ChildProcess.<anonymous> (C:\Users\Tegan\Downloads\DH-master\DH-M\DH\.lib-dist\process-manager.js:468:48)
    at ChildProcess.emit (events.js:315:20)
    at ChildProcess.EventEmitter.emit (domain.js:483:12)
    at finish (internal/child_process.js:861:14)
    at processTicksAndRejections (internal/process/task_queues.js:79:11)

Error [ERR_IPC_DISCONNECTED]: IPC channel is already disconnected
    at ChildProcess.target.disconnect (internal/child_process.js:832:26)
    at QueryProcessWrapper.destroy (C:\Users\Tegan\Downloads\DH-master\DH-M\DH\.lib-dist\process-manager.js:178:16)
    at QueryProcessWrapper.release (C:\Users\Tegan\Downloads\DH-master\DH-M\DH\.lib-dist\process-manager.js:164:9)
    at QueryProcessManager.releaseCrashed (C:\Users\Tegan\Downloads\DH-master\DH-M\DH\.lib-dist\process-manager.js:421:16)
    at ChildProcess.<anonymous> (C:\Users\Tegan\Downloads\DH-master\DH-M\DH\.lib-dist\process-manager.js:468:48)
    at ChildProcess.emit (events.js:315:20)
    at ChildProcess.EventEmitter.emit (domain.js:483:12)
    at finish (internal/child_process.js:861:14)
    at processTicksAndRejections (internal/process/task_queues.js:79:11)

Error [ERR_IPC_DISCONNECTED]: IPC channel is already disconnected
    at ChildProcess.target.disconnect (internal/child_process.js:832:26)
    at QueryProcessWrapper.destroy (C:\Users\Tegan\Downloads\DH-master\DH-M\DH\.lib-dist\process-manager.js:178:16)
    at QueryProcessWrapper.release (C:\Users\Tegan\Downloads\DH-master\DH-M\DH\.lib-dist\process-manager.js:164:9)
    at QueryProcessManager.releaseCrashed (C:\Users\Tegan\Downloads\DH-master\DH-M\DH\.lib-dist\process-manager.js:421:16)
    at ChildProcess.<anonymous> (C:\Users\Tegan\Downloads\DH-master\DH-M\DH\.lib-dist\process-manager.js:468:48)
    at ChildProcess.emit (events.js:315:20)
    at ChildProcess.EventEmitter.emit (domain.js:483:12)
    at finish (internal/child_process.js:861:14)
    at processTicksAndRejections (internal/process/task_queues.js:79:11)

Error [ERR_IPC_DISCONNECTED]: IPC channel is already disconnected
    at ChildProcess.target.disconnect (internal/child_process.js:832:26)
    at QueryProcessWrapper.destroy (C:\Users\Tegan\Downloads\DH-master\DH-M\DH\.lib-dist\process-manager.js:178:16)
    at QueryProcessWrapper.release (C:\Users\Tegan\Downloads\DH-master\DH-M\DH\.lib-dist\process-manager.js:164:9)
    at QueryProcessManager.releaseCrashed (C:\Users\Tegan\Downloads\DH-master\DH-M\DH\.lib-dist\process-manager.js:421:16)
    at ChildProcess.<anonymous> (C:\Users\Tegan\Downloads\DH-master\DH-M\DH\.lib-dist\process-manager.js:468:48)
    at ChildProcess.emit (events.js:315:20)
    at ChildProcess.EventEmitter.emit (domain.js:483:12)
    at finish (internal/child_process.js:861:14)
    at processTicksAndRejections (internal/process/task_queues.js:79:11)

Error [ERR_IPC_DISCONNECTED]: IPC channel is already disconnected
    at ChildProcess.target.disconnect (internal/child_process.js:832:26)
    at QueryProcessWrapper.destroy (C:\Users\Tegan\Downloads\DH-master\DH-M\DH\.lib-dist\process-manager.js:178:16)
    at QueryProcessWrapper.release (C:\Users\Tegan\Downloads\DH-master\DH-M\DH\.lib-dist\process-manager.js:164:9)
    at QueryProcessManager.releaseCrashed (C:\Users\Tegan\Downloads\DH-master\DH-M\DH\.lib-dist\process-manager.js:421:16)
    at ChildProcess.<anonymous> (C:\Users\Tegan\Downloads\DH-master\DH-M\DH\.lib-dist\process-manager.js:468:48)
    at ChildProcess.emit (events.js:315:20)
    at ChildProcess.EventEmitter.emit (domain.js:483:12)
    at finish (internal/child_process.js:861:14)
    at processTicksAndRejections (internal/process/task_queues.js:79:11)

Error [ERR_IPC_DISCONNECTED]: IPC channel is already disconnected
    at ChildProcess.target.disconnect (internal/child_process.js:832:26)
    at QueryProcessWrapper.destroy (C:\Users\Tegan\Downloads\DH-master\DH-M\DH\.lib-dist\process-manager.js:178:16)
    at QueryProcessWrapper.release (C:\Users\Tegan\Downloads\DH-master\DH-M\DH\.lib-dist\process-manager.js:164:9)
    at QueryProcessManager.releaseCrashed (C:\Users\Tegan\Downloads\DH-master\DH-M\DH\.lib-dist\process-manager.js:421:16)
    at ChildProcess.<anonymous> (C:\Users\Tegan\Downloads\DH-master\DH-M\DH\.lib-dist\process-manager.js:468:48)
    at ChildProcess.emit (events.js:315:20)
    at ChildProcess.EventEmitter.emit (domain.js:483:12)
    at finish (internal/child_process.js:861:14)
    at processTicksAndRejections (internal/process/task_queues.js:79:11)

Error [ERR_IPC_DISCONNECTED]: IPC channel is already disconnected
    at ChildProcess.target.disconnect (internal/child_process.js:832:26)
    at QueryProcessWrapper.destroy (C:\Users\Tegan\Downloads\DH-master\DH-M\DH\.lib-dist\process-manager.js:178:16)
    at QueryProcessWrapper.release (C:\Users\Tegan\Downloads\DH-master\DH-M\DH\.lib-dist\process-manager.js:164:9)
    at QueryProcessManager.releaseCrashed (C:\Users\Tegan\Downloads\DH-master\DH-M\DH\.lib-dist\process-manager.js:421:16)
    at ChildProcess.<anonymous> (C:\Users\Tegan\Downloads\DH-master\DH-M\DH\.lib-dist\process-manager.js:468:48)
    at ChildProcess.emit (events.js:315:20)
    at ChildProcess.EventEmitter.emit (domain.js:483:12)
    at finish (internal/child_process.js:861:14)
    at processTicksAndRejections (internal/process/task_queues.js:79:11)

Error [ERR_IPC_DISCONNECTED]: IPC channel is already disconnected
    at ChildProcess.target.disconnect (internal/child_process.js:832:26)
    at QueryProcessWrapper.destroy (C:\Users\Tegan\Downloads\DH-master\DH-M\DH\.lib-dist\process-manager.js:178:16)
    at QueryProcessWrapper.release (C:\Users\Tegan\Downloads\DH-master\DH-M\DH\.lib-dist\process-manager.js:164:9)
    at QueryProcessManager.releaseCrashed (C:\Users\Tegan\Downloads\DH-master\DH-M\DH\.lib-dist\process-manager.js:421:16)
    at ChildProcess.<anonymous> (C:\Users\Tegan\Downloads\DH-master\DH-M\DH\.lib-dist\process-manager.js:468:48)
    at ChildProcess.emit (events.js:315:20)
    at ChildProcess.EventEmitter.emit (domain.js:483:12)
    at finish (internal/child_process.js:861:14)
    at processTicksAndRejections (internal/process/task_queues.js:79:11)

Error [ERR_IPC_DISCONNECTED]: IPC channel is already disconnected
    at ChildProcess.target.disconnect (internal/child_process.js:832:26)
    at QueryProcessWrapper.destroy (C:\Users\Tegan\Downloads\DH-master\DH-M\DH\.lib-dist\process-manager.js:178:16)
    at QueryProcessWrapper.release (C:\Users\Tegan\Downloads\DH-master\DH-M\DH\.lib-dist\process-manager.js:164:9)
    at QueryProcessManager.releaseCrashed (C:\Users\Tegan\Downloads\DH-master\DH-M\DH\.lib-dist\process-manager.js:421:16)
    at ChildProcess.<anonymous> (C:\Users\Tegan\Downloads\DH-master\DH-M\DH\.lib-dist\process-manager.js:468:48)
    at ChildProcess.emit (events.js:315:20)
    at ChildProcess.EventEmitter.emit (domain.js:483:12)
    at finish (internal/child_process.js:861:14)
    at processTicksAndRejections (internal/process/task_queues.js:79:11)

Error [ERR_IPC_DISCONNECTED]: IPC channel is already disconnected
    at ChildProcess.target.disconnect (internal/child_process.js:832:26)
    at QueryProcessWrapper.destroy (C:\Users\Tegan\Downloads\DH-master\DH-M\DH\.lib-dist\process-manager.js:178:16)
    at QueryProcessWrapper.release (C:\Users\Tegan\Downloads\DH-master\DH-M\DH\.lib-dist\process-manager.js:164:9)
    at QueryProcessManager.releaseCrashed (C:\Users\Tegan\Downloads\DH-master\DH-M\DH\.lib-dist\process-manager.js:421:16)
    at ChildProcess.<anonymous> (C:\Users\Tegan\Downloads\DH-master\DH-M\DH\.lib-dist\process-manager.js:468:48)
    at ChildProcess.emit (events.js:315:20)
    at ChildProcess.EventEmitter.emit (domain.js:483:12)
    at finish (internal/child_process.js:861:14)
    at processTicksAndRejections (internal/process/task_queues.js:79:11)

Error [ERR_IPC_DISCONNECTED]: IPC channel is already disconnected
    at ChildProcess.target.disconnect (internal/child_process.js:832:26)
    at QueryProcessWrapper.destroy (C:\Users\Tegan\Downloads\DH-master\DH-M\DH\.lib-dist\process-manager.js:178:16)
    at QueryProcessWrapper.release (C:\Users\Tegan\Downloads\DH-master\DH-M\DH\.lib-dist\process-manager.js:164:9)
    at QueryProcessManager.releaseCrashed (C:\Users\Tegan\Downloads\DH-master\DH-M\DH\.lib-dist\process-manager.js:421:16)
    at ChildProcess.<anonymous> (C:\Users\Tegan\Downloads\DH-master\DH-M\DH\.lib-dist\process-manager.js:468:48)
    at ChildProcess.emit (events.js:315:20)
    at ChildProcess.EventEmitter.emit (domain.js:483:12)
    at finish (internal/child_process.js:861:14)
    at processTicksAndRejections (internal/process/task_queues.js:79:11)

Error [ERR_IPC_DISCONNECTED]: IPC channel is already disconnected
    at ChildProcess.target.disconnect (internal/child_process.js:832:26)
    at StreamProcessWrapper.destroy (C:\Users\Tegan\Downloads\DH-master\DH-M\DH\.lib-dist\process-manager.js:288:16)
    at StreamProcessWrapper.release (C:\Users\Tegan\Downloads\DH-master\DH-M\DH\.lib-dist\process-manager.js:274:14)
    at StreamProcessManager.releaseCrashed (C:\Users\Tegan\Downloads\DH-master\DH-M\DH\.lib-dist\process-manager.js:421:16)
    at ChildProcess.<anonymous> (C:\Users\Tegan\Downloads\DH-master\DH-M\DH\.lib-dist\process-manager.js:468:48)
    at ChildProcess.emit (events.js:315:20)
    at ChildProcess.EventEmitter.emit (domain.js:483:12)
    at finish (internal/child_process.js:861:14)
    at processTicksAndRejections (internal/process/task_queues.js:79:11)

Error [ERR_IPC_DISCONNECTED]: IPC channel is already disconnected
    at ChildProcess.target.disconnect (internal/child_process.js:832:26)
    at QueryProcessWrapper.destroy (C:\Users\Tegan\Downloads\DH-master\DH-M\DH\.lib-dist\process-manager.js:178:16)
    at QueryProcessWrapper.release (C:\Users\Tegan\Downloads\DH-master\DH-M\DH\.lib-dist\process-manager.js:164:9)
    at QueryProcessManager.releaseCrashed (C:\Users\Tegan\Downloads\DH-master\DH-M\DH\.lib-dist\process-manager.js:421:16)
    at ChildProcess.<anonymous> (C:\Users\Tegan\Downloads\DH-master\DH-M\DH\.lib-dist\process-manager.js:468:48)
    at ChildProcess.emit (events.js:315:20)
    at ChildProcess.EventEmitter.emit (domain.js:483:12)
    at finish (internal/child_process.js:861:14)
    at processTicksAndRejections (internal/process/task_queues.js:79:11)

Error [ERR_IPC_DISCONNECTED]: IPC channel is already disconnected
    at ChildProcess.target.disconnect (internal/child_process.js:832:26)
    at QueryProcessWrapper.destroy (C:\Users\Tegan\Downloads\DH-master\DH-M\DH\.lib-dist\process-manager.js:178:16)
    at QueryProcessWrapper.release (C:\Users\Tegan\Downloads\DH-master\DH-M\DH\.lib-dist\process-manager.js:164:9)
    at QueryProcessManager.releaseCrashed (C:\Users\Tegan\Downloads\DH-master\DH-M\DH\.lib-dist\process-manager.js:421:16)
    at ChildProcess.<anonymous> (C:\Users\Tegan\Downloads\DH-master\DH-M\DH\.lib-dist\process-manager.js:468:48)
    at ChildProcess.emit (events.js:315:20)
    at ChildProcess.EventEmitter.emit (domain.js:483:12)
    at finish (internal/child_process.js:861:14)
    at processTicksAndRejections (internal/process/task_queues.js:79:11)

Error [ERR_IPC_DISCONNECTED]: IPC channel is already disconnected
    at ChildProcess.target.disconnect (internal/child_process.js:832:26)
    at QueryProcessWrapper.destroy (C:\Users\Tegan\Downloads\DH-master\DH-M\DH\.lib-dist\process-manager.js:178:16)
    at QueryProcessWrapper.release (C:\Users\Tegan\Downloads\DH-master\DH-M\DH\.lib-dist\process-manager.js:164:9)
    at QueryProcessManager.releaseCrashed (C:\Users\Tegan\Downloads\DH-master\DH-M\DH\.lib-dist\process-manager.js:421:16)
    at ChildProcess.<anonymous> (C:\Users\Tegan\Downloads\DH-master\DH-M\DH\.lib-dist\process-manager.js:468:48)
    at ChildProcess.emit (events.js:315:20)
    at ChildProcess.EventEmitter.emit (domain.js:483:12)
    at finish (internal/child_process.js:861:14)
    at processTicksAndRejections (internal/process/task_queues.js:79:11)

Error [ERR_IPC_DISCONNECTED]: IPC channel is already disconnected
    at ChildProcess.target.disconnect (internal/child_process.js:832:26)
    at QueryProcessWrapper.destroy (C:\Users\Tegan\Downloads\DH-master\DH-M\DH\.lib-dist\process-manager.js:178:16)
    at QueryProcessWrapper.release (C:\Users\Tegan\Downloads\DH-master\DH-M\DH\.lib-dist\process-manager.js:164:9)
    at QueryProcessManager.releaseCrashed (C:\Users\Tegan\Downloads\DH-master\DH-M\DH\.lib-dist\process-manager.js:421:16)
    at ChildProcess.<anonymous> (C:\Users\Tegan\Downloads\DH-master\DH-M\DH\.lib-dist\process-manager.js:468:48)
    at ChildProcess.emit (events.js:315:20)
    at ChildProcess.EventEmitter.emit (domain.js:483:12)
    at finish (internal/child_process.js:861:14)
    at processTicksAndRejections (internal/process/task_queues.js:79:11)

Error: Process sockets.js 17856 crashed and had to be restarted
    at RawProcessManager.releaseCrashed (C:\Users\Tegan\Downloads\DH-master\DH-M\DH\.lib-dist\process-manager.js:437:4)
    at Worker.<anonymous> (C:\Users\Tegan\Downloads\DH-master\DH-M\DH\.lib-dist\process-manager.js:468:48)
    at Worker.emit (events.js:315:20)
    at Worker.EventEmitter.emit (domain.js:483:12)
    at ChildProcess.<anonymous> (internal/cluster/master.js:212:12)
    at Object.onceWrapper (events.js:421:28)
    at ChildProcess.emit (events.js:315:20)
    at ChildProcess.EventEmitter.emit (domain.js:483:12)
    at finish (internal/child_process.js:861:14)
    at processTicksAndRejections (internal/process/task_queues.js:79:11)

Error [ERR_IPC_DISCONNECTED]: IPC channel is already disconnected
    at ChildProcess.target.disconnect (internal/child_process.js:832:26)
    at StreamProcessWrapper.destroy (C:\Users\Tegan\Downloads\DH-master\DH-M\DH\.lib-dist\process-manager.js:288:16)
    at StreamProcessWrapper.release (C:\Users\Tegan\Downloads\DH-master\DH-M\DH\.lib-dist\process-manager.js:274:14)
    at StreamProcessManager.releaseCrashed (C:\Users\Tegan\Downloads\DH-master\DH-M\DH\.lib-dist\process-manager.js:421:16)
    at ChildProcess.<anonymous> (C:\Users\Tegan\Downloads\DH-master\DH-M\DH\.lib-dist\process-manager.js:468:48)
    at ChildProcess.emit (events.js:315:20)
    at ChildProcess.EventEmitter.emit (domain.js:483:12)
    at finish (internal/child_process.js:861:14)
    at processTicksAndRejections (internal/process/task_queues.js:79:11)

Error [ERR_IPC_DISCONNECTED]: IPC channel is already disconnected
    at ChildProcess.target.disconnect (internal/child_process.js:832:26)
    at QueryProcessWrapper.destroy (C:\Users\Tegan\Downloads\DH-master\DH-M\DH\.lib-dist\process-manager.js:178:16)
    at QueryProcessWrapper.release (C:\Users\Tegan\Downloads\DH-master\DH-M\DH\.lib-dist\process-manager.js:164:9)
    at QueryProcessManager.releaseCrashed (C:\Users\Tegan\Downloads\DH-master\DH-M\DH\.lib-dist\process-manager.js:421:16)
    at ChildProcess.<anonymous> (C:\Users\Tegan\Downloads\DH-master\DH-M\DH\.lib-dist\process-manager.js:468:48)
    at ChildProcess.emit (events.js:315:20)
    at ChildProcess.EventEmitter.emit (domain.js:483:12)
    at finish (internal/child_process.js:861:14)
    at processTicksAndRejections (internal/process/task_queues.js:79:11)

Error [ERR_IPC_DISCONNECTED]: IPC channel is already disconnected
    at ChildProcess.target.disconnect (internal/child_process.js:832:26)
    at QueryProcessWrapper.destroy (C:\Users\Tegan\Downloads\DH-master\DH-M\DH\.lib-dist\process-manager.js:178:16)
    at QueryProcessWrapper.release (C:\Users\Tegan\Downloads\DH-master\DH-M\DH\.lib-dist\process-manager.js:164:9)
    at QueryProcessManager.releaseCrashed (C:\Users\Tegan\Downloads\DH-master\DH-M\DH\.lib-dist\process-manager.js:421:16)
    at ChildProcess.<anonymous> (C:\Users\Tegan\Downloads\DH-master\DH-M\DH\.lib-dist\process-manager.js:468:48)
    at ChildProcess.emit (events.js:315:20)
    at ChildProcess.EventEmitter.emit (domain.js:483:12)
    at finish (internal/child_process.js:861:14)
    at processTicksAndRejections (internal/process/task_queues.js:79:11)

Error [ERR_IPC_DISCONNECTED]: IPC channel is already disconnected
    at ChildProcess.target.disconnect (internal/child_process.js:832:26)
    at QueryProcessWrapper.destroy (C:\Users\Tegan\Downloads\DH-master\DH-M\DH\.lib-dist\process-manager.js:178:16)
    at QueryProcessWrapper.release (C:\Users\Tegan\Downloads\DH-master\DH-M\DH\.lib-dist\process-manager.js:164:9)
    at QueryProcessManager.releaseCrashed (C:\Users\Tegan\Downloads\DH-master\DH-M\DH\.lib-dist\process-manager.js:421:16)
    at ChildProcess.<anonymous> (C:\Users\Tegan\Downloads\DH-master\DH-M\DH\.lib-dist\process-manager.js:468:48)
    at ChildProcess.emit (events.js:315:20)
    at ChildProcess.EventEmitter.emit (domain.js:483:12)
    at finish (internal/child_process.js:861:14)
    at processTicksAndRejections (internal/process/task_queues.js:79:11)

Error [ERR_IPC_DISCONNECTED]: IPC channel is already disconnected
    at ChildProcess.target.disconnect (internal/child_process.js:832:26)
    at QueryProcessWrapper.destroy (C:\Users\Tegan\Downloads\DH-master\DH-M\DH\.lib-dist\process-manager.js:178:16)
    at QueryProcessWrapper.release (C:\Users\Tegan\Downloads\DH-master\DH-M\DH\.lib-dist\process-manager.js:164:9)
    at QueryProcessManager.releaseCrashed (C:\Users\Tegan\Downloads\DH-master\DH-M\DH\.lib-dist\process-manager.js:421:16)
    at ChildProcess.<anonymous> (C:\Users\Tegan\Downloads\DH-master\DH-M\DH\.lib-dist\process-manager.js:468:48)
    at ChildProcess.emit (events.js:315:20)
    at ChildProcess.EventEmitter.emit (domain.js:483:12)
    at finish (internal/child_process.js:861:14)
    at processTicksAndRejections (internal/process/task_queues.js:79:11)

Error [ERR_IPC_DISCONNECTED]: IPC channel is already disconnected
    at ChildProcess.target.disconnect (internal/child_process.js:832:26)
    at StreamProcessWrapper.destroy (C:\Users\Tegan\Downloads\DH-master\DH-M\DH\.lib-dist\process-manager.js:288:16)
    at StreamProcessWrapper.release (C:\Users\Tegan\Downloads\DH-master\DH-M\DH\.lib-dist\process-manager.js:274:14)
    at StreamProcessManager.releaseCrashed (C:\Users\Tegan\Downloads\DH-master\DH-M\DH\.lib-dist\process-manager.js:421:16)
    at ChildProcess.<anonymous> (C:\Users\Tegan\Downloads\DH-master\DH-M\DH\.lib-dist\process-manager.js:468:48)
    at ChildProcess.emit (events.js:315:20)
    at ChildProcess.EventEmitter.emit (domain.js:483:12)
    at finish (internal/child_process.js:861:14)
    at processTicksAndRejections (internal/process/task_queues.js:79:11)

Error [ERR_IPC_DISCONNECTED]: IPC channel is already disconnected
    at ChildProcess.target.disconnect (internal/child_process.js:832:26)
    at QueryProcessWrapper.destroy (C:\Users\Tegan\Downloads\DH-master\DH-M\DH\.lib-dist\process-manager.js:178:16)
    at QueryProcessWrapper.release (C:\Users\Tegan\Downloads\DH-master\DH-M\DH\.lib-dist\process-manager.js:164:9)
    at QueryProcessManager.releaseCrashed (C:\Users\Tegan\Downloads\DH-master\DH-M\DH\.lib-dist\process-manager.js:421:16)
    at ChildProcess.<anonymous> (C:\Users\Tegan\Downloads\DH-master\DH-M\DH\.lib-dist\process-manager.js:468:48)
    at ChildProcess.emit (events.js:315:20)
    at ChildProcess.EventEmitter.emit (domain.js:483:12)
    at finish (internal/child_process.js:861:14)
    at processTicksAndRejections (internal/process/task_queues.js:79:11)

Error [ERR_IPC_DISCONNECTED]: IPC channel is already disconnected
    at ChildProcess.target.disconnect (internal/child_process.js:832:26)
    at StreamProcessWrapper.destroy (C:\Users\Tegan\Downloads\DH-master\DH-M\DH\.lib-dist\process-manager.js:288:16)
    at StreamProcessWrapper.release (C:\Users\Tegan\Downloads\DH-master\DH-M\DH\.lib-dist\process-manager.js:274:14)
    at StreamProcessManager.releaseCrashed (C:\Users\Tegan\Downloads\DH-master\DH-M\DH\.lib-dist\process-manager.js:421:16)
    at ChildProcess.<anonymous> (C:\Users\Tegan\Downloads\DH-master\DH-M\DH\.lib-dist\process-manager.js:468:48)
    at ChildProcess.emit (events.js:315:20)
    at ChildProcess.EventEmitter.emit (domain.js:483:12)
    at finish (internal/child_process.js:861:14)
    at processTicksAndRejections (internal/process/task_queues.js:79:11)

TypeError: Cannot read property 'then' of null
    at RawProcessManager.releaseCrashed (C:\Users\Tegan\Downloads\DH-master\DH-M\DH\.lib-dist\process-manager.js:421:25)
    at Worker.<anonymous> (C:\Users\Tegan\Downloads\DH-master\DH-M\DH\.lib-dist\process-manager.js:468:48)
    at Worker.emit (events.js:315:20)
    at Worker.EventEmitter.emit (domain.js:483:12)
    at ChildProcess.<anonymous> (internal/cluster/master.js:212:12)
    at Object.onceWrapper (events.js:421:28)
    at ChildProcess.emit (events.js:315:20)
    at ChildProcess.EventEmitter.emit (domain.js:483:12)
    at finish (internal/child_process.js:861:14)
    at processTicksAndRejections (internal/process/task_queues.js:79:11)

Error [ERR_IPC_DISCONNECTED]: IPC channel is already disconnected
    at ChildProcess.target.disconnect (internal/child_process.js:832:26)
    at QueryProcessWrapper.destroy (C:\Users\Tegan\Downloads\DH-master\DH-M\DH\.lib-dist\process-manager.js:178:16)
    at QueryProcessWrapper.release (C:\Users\Tegan\Downloads\DH-master\DH-M\DH\.lib-dist\process-manager.js:164:9)
    at QueryProcessManager.releaseCrashed (C:\Users\Tegan\Downloads\DH-master\DH-M\DH\.lib-dist\process-manager.js:421:16)
    at ChildProcess.<anonymous> (C:\Users\Tegan\Downloads\DH-master\DH-M\DH\.lib-dist\process-manager.js:468:48)
    at ChildProcess.emit (events.js:315:20)
    at ChildProcess.EventEmitter.emit (domain.js:483:12)
    at finish (internal/child_process.js:861:14)
    at processTicksAndRejections (internal/process/task_queues.js:79:11)

Error [ERR_IPC_DISCONNECTED]: IPC channel is already disconnected
    at ChildProcess.target.disconnect (internal/child_process.js:832:26)
    at QueryProcessWrapper.destroy (C:\Users\Tegan\Downloads\DH-master\DH-M\DH\.lib-dist\process-manager.js:178:16)
    at QueryProcessWrapper.release (C:\Users\Tegan\Downloads\DH-master\DH-M\DH\.lib-dist\process-manager.js:164:9)
    at QueryProcessManager.releaseCrashed (C:\Users\Tegan\Downloads\DH-master\DH-M\DH\.lib-dist\process-manager.js:421:16)
    at ChildProcess.<anonymous> (C:\Users\Tegan\Downloads\DH-master\DH-M\DH\.lib-dist\process-manager.js:468:48)
    at ChildProcess.emit (events.js:315:20)
    at ChildProcess.EventEmitter.emit (domain.js:483:12)
    at finish (internal/child_process.js:861:14)
    at processTicksAndRejections (internal/process/task_queues.js:79:11)

Error [ERR_IPC_DISCONNECTED]: IPC channel is already disconnected
    at ChildProcess.target.disconnect (internal/child_process.js:832:26)
    at QueryProcessWrapper.destroy (C:\Users\Tegan\Downloads\DH-master\DH-M\DH\.lib-dist\process-manager.js:178:16)
    at QueryProcessWrapper.release (C:\Users\Tegan\Downloads\DH-master\DH-M\DH\.lib-dist\process-manager.js:164:9)
    at QueryProcessManager.releaseCrashed (C:\Users\Tegan\Downloads\DH-master\DH-M\DH\.lib-dist\process-manager.js:421:16)
    at ChildProcess.<anonymous> (C:\Users\Tegan\Downloads\DH-master\DH-M\DH\.lib-dist\process-manager.js:468:48)
    at ChildProcess.emit (events.js:315:20)
    at ChildProcess.EventEmitter.emit (domain.js:483:12)
    at finish (internal/child_process.js:861:14)
    at processTicksAndRejections (internal/process/task_queues.js:79:11)

Error [ERR_IPC_DISCONNECTED]: IPC channel is already disconnected
    at ChildProcess.target.disconnect (internal/child_process.js:832:26)
    at QueryProcessWrapper.destroy (C:\Users\Tegan\Downloads\DH-master\DH-M\DH\.lib-dist\process-manager.js:178:16)
    at QueryProcessWrapper.release (C:\Users\Tegan\Downloads\DH-master\DH-M\DH\.lib-dist\process-manager.js:164:9)
    at QueryProcessManager.releaseCrashed (C:\Users\Tegan\Downloads\DH-master\DH-M\DH\.lib-dist\process-manager.js:421:16)
    at ChildProcess.<anonymous> (C:\Users\Tegan\Downloads\DH-master\DH-M\DH\.lib-dist\process-manager.js:468:48)
    at ChildProcess.emit (events.js:315:20)
    at ChildProcess.EventEmitter.emit (domain.js:483:12)
    at finish (internal/child_process.js:861:14)
    at processTicksAndRejections (internal/process/task_queues.js:79:11)

Error [ERR_IPC_DISCONNECTED]: IPC channel is already disconnected
    at ChildProcess.target.disconnect (internal/child_process.js:832:26)
    at QueryProcessWrapper.destroy (C:\Users\Tegan\Downloads\DH-master\DH-M\DH\.lib-dist\process-manager.js:178:16)
    at QueryProcessWrapper.release (C:\Users\Tegan\Downloads\DH-master\DH-M\DH\.lib-dist\process-manager.js:164:9)
    at QueryProcessManager.releaseCrashed (C:\Users\Tegan\Downloads\DH-master\DH-M\DH\.lib-dist\process-manager.js:421:16)
    at ChildProcess.<anonymous> (C:\Users\Tegan\Downloads\DH-master\DH-M\DH\.lib-dist\process-manager.js:468:48)
    at ChildProcess.emit (events.js:315:20)
    at ChildProcess.EventEmitter.emit (domain.js:483:12)
    at finish (internal/child_process.js:861:14)
    at processTicksAndRejections (internal/process/task_queues.js:79:11)

Error [ERR_IPC_DISCONNECTED]: IPC channel is already disconnected
    at ChildProcess.target.disconnect (internal/child_process.js:832:26)
    at StreamProcessWrapper.destroy (C:\Users\Tegan\Downloads\DH-master\DH-M\DH\.lib-dist\process-manager.js:288:16)
    at StreamProcessWrapper.release (C:\Users\Tegan\Downloads\DH-master\DH-M\DH\.lib-dist\process-manager.js:274:14)
    at StreamProcessManager.releaseCrashed (C:\Users\Tegan\Downloads\DH-master\DH-M\DH\.lib-dist\process-manager.js:421:16)
    at ChildProcess.<anonymous> (C:\Users\Tegan\Downloads\DH-master\DH-M\DH\.lib-dist\process-manager.js:468:48)
    at ChildProcess.emit (events.js:315:20)
    at ChildProcess.EventEmitter.emit (domain.js:483:12)
    at finish (internal/child_process.js:861:14)
    at processTicksAndRejections (internal/process/task_queues.js:79:11)

Error [ERR_IPC_DISCONNECTED]: IPC channel is already disconnected
    at ChildProcess.target.disconnect (internal/child_process.js:832:26)
    at QueryProcessWrapper.destroy (C:\Users\Tegan\Downloads\DH-master\DH-M\DH\.lib-dist\process-manager.js:178:16)
    at QueryProcessWrapper.release (C:\Users\Tegan\Downloads\DH-master\DH-M\DH\.lib-dist\process-manager.js:164:9)
    at QueryProcessManager.releaseCrashed (C:\Users\Tegan\Downloads\DH-master\DH-M\DH\.lib-dist\process-manager.js:421:16)
    at ChildProcess.<anonymous> (C:\Users\Tegan\Downloads\DH-master\DH-M\DH\.lib-dist\process-manager.js:468:48)
    at ChildProcess.emit (events.js:315:20)
    at ChildProcess.EventEmitter.emit (domain.js:483:12)
    at finish (internal/child_process.js:861:14)
    at processTicksAndRejections (internal/process/task_queues.js:79:11)

Error [ERR_IPC_DISCONNECTED]: IPC channel is already disconnected
    at ChildProcess.target.disconnect (internal/child_process.js:832:26)
    at QueryProcessWrapper.destroy (C:\Users\Tegan\Downloads\DH-master\DH-M\DH\.lib-dist\process-manager.js:178:16)
    at QueryProcessWrapper.release (C:\Users\Tegan\Downloads\DH-master\DH-M\DH\.lib-dist\process-manager.js:164:9)
    at QueryProcessManager.releaseCrashed (C:\Users\Tegan\Downloads\DH-master\DH-M\DH\.lib-dist\process-manager.js:421:16)
    at ChildProcess.<anonymous> (C:\Users\Tegan\Downloads\DH-master\DH-M\DH\.lib-dist\process-manager.js:468:48)
    at ChildProcess.emit (events.js:315:20)
    at ChildProcess.EventEmitter.emit (domain.js:483:12)
    at finish (internal/child_process.js:861:14)
    at processTicksAndRejections (internal/process/task_queues.js:79:11)

Error [ERR_IPC_DISCONNECTED]: IPC channel is already disconnected
    at ChildProcess.target.disconnect (internal/child_process.js:832:26)
    at QueryProcessWrapper.destroy (C:\Users\Tegan\Downloads\DH-master\DH-M\DH\.lib-dist\process-manager.js:178:16)
    at QueryProcessWrapper.release (C:\Users\Tegan\Downloads\DH-master\DH-M\DH\.lib-dist\process-manager.js:164:9)
    at QueryProcessManager.releaseCrashed (C:\Users\Tegan\Downloads\DH-master\DH-M\DH\.lib-dist\process-manager.js:421:16)
    at ChildProcess.<anonymous> (C:\Users\Tegan\Downloads\DH-master\DH-M\DH\.lib-dist\process-manager.js:468:48)
    at ChildProcess.emit (events.js:315:20)
    at ChildProcess.EventEmitter.emit (domain.js:483:12)
    at finish (internal/child_process.js:861:14)
    at processTicksAndRejections (internal/process/task_queues.js:79:11)

Error [ERR_IPC_DISCONNECTED]: IPC channel is already disconnected
    at ChildProcess.target.disconnect (internal/child_process.js:832:26)
    at QueryProcessWrapper.destroy (C:\Users\Tegan\Downloads\DH-master\DH-M\DH\.lib-dist\process-manager.js:178:16)
    at QueryProcessWrapper.release (C:\Users\Tegan\Downloads\DH-master\DH-M\DH\.lib-dist\process-manager.js:164:9)
    at QueryProcessManager.releaseCrashed (C:\Users\Tegan\Downloads\DH-master\DH-M\DH\.lib-dist\process-manager.js:421:16)
    at ChildProcess.<anonymous> (C:\Users\Tegan\Downloads\DH-master\DH-M\DH\.lib-dist\process-manager.js:468:48)
    at ChildProcess.emit (events.js:315:20)
    at ChildProcess.EventEmitter.emit (domain.js:483:12)
    at finish (internal/child_process.js:861:14)
    at processTicksAndRejections (internal/process/task_queues.js:79:11)

Error [ERR_IPC_DISCONNECTED]: IPC channel is already disconnected
    at ChildProcess.target.disconnect (internal/child_process.js:832:26)
    at StreamProcessWrapper.destroy (C:\Users\Tegan\Downloads\DH-master\DH-M\DH\.lib-dist\process-manager.js:288:16)
    at StreamProcessWrapper.release (C:\Users\Tegan\Downloads\DH-master\DH-M\DH\.lib-dist\process-manager.js:274:14)
    at StreamProcessManager.releaseCrashed (C:\Users\Tegan\Downloads\DH-master\DH-M\DH\.lib-dist\process-manager.js:421:16)
    at ChildProcess.<anonymous> (C:\Users\Tegan\Downloads\DH-master\DH-M\DH\.lib-dist\process-manager.js:468:48)
    at ChildProcess.emit (events.js:315:20)
    at ChildProcess.EventEmitter.emit (domain.js:483:12)
    at finish (internal/child_process.js:861:14)
    at processTicksAndRejections (internal/process/task_queues.js:79:11)

Error [ERR_IPC_DISCONNECTED]: IPC channel is already disconnected
    at ChildProcess.target.disconnect (internal/child_process.js:832:26)
    at QueryProcessWrapper.destroy (C:\Users\Tegan\Downloads\DH-master\DH-M\DH\.lib-dist\process-manager.js:178:16)
    at QueryProcessWrapper.release (C:\Users\Tegan\Downloads\DH-master\DH-M\DH\.lib-dist\process-manager.js:164:9)
    at QueryProcessManager.releaseCrashed (C:\Users\Tegan\Downloads\DH-master\DH-M\DH\.lib-dist\process-manager.js:421:16)
    at ChildProcess.<anonymous> (C:\Users\Tegan\Downloads\DH-master\DH-M\DH\.lib-dist\process-manager.js:468:48)
    at ChildProcess.emit (events.js:315:20)
    at ChildProcess.EventEmitter.emit (domain.js:483:12)
    at finish (internal/child_process.js:861:14)
    at processTicksAndRejections (internal/process/task_queues.js:79:11)

Error [ERR_IPC_DISCONNECTED]: IPC channel is already disconnected
    at ChildProcess.target.disconnect (internal/child_process.js:832:26)
    at QueryProcessWrapper.destroy (C:\Users\Tegan\Downloads\DH-master\DH-M\DH\.lib-dist\process-manager.js:178:16)
    at QueryProcessWrapper.release (C:\Users\Tegan\Downloads\DH-master\DH-M\DH\.lib-dist\process-manager.js:164:9)
    at QueryProcessManager.releaseCrashed (C:\Users\Tegan\Downloads\DH-master\DH-M\DH\.lib-dist\process-manager.js:421:16)
    at ChildProcess.<anonymous> (C:\Users\Tegan\Downloads\DH-master\DH-M\DH\.lib-dist\process-manager.js:468:48)
    at ChildProcess.emit (events.js:315:20)
    at ChildProcess.EventEmitter.emit (domain.js:483:12)
    at finish (internal/child_process.js:861:14)
    at processTicksAndRejections (internal/process/task_queues.js:79:11)

Error [ERR_IPC_DISCONNECTED]: IPC channel is already disconnected
    at ChildProcess.target.disconnect (internal/child_process.js:832:26)
    at QueryProcessWrapper.destroy (C:\Users\Tegan\Downloads\DH-master\DH-M\DH\.lib-dist\process-manager.js:178:16)
    at QueryProcessWrapper.release (C:\Users\Tegan\Downloads\DH-master\DH-M\DH\.lib-dist\process-manager.js:164:9)
    at QueryProcessManager.releaseCrashed (C:\Users\Tegan\Downloads\DH-master\DH-M\DH\.lib-dist\process-manager.js:421:16)
    at ChildProcess.<anonymous> (C:\Users\Tegan\Downloads\DH-master\DH-M\DH\.lib-dist\process-manager.js:468:48)
    at ChildProcess.emit (events.js:315:20)
    at ChildProcess.EventEmitter.emit (domain.js:483:12)
    at finish (internal/child_process.js:861:14)
    at processTicksAndRejections (internal/process/task_queues.js:79:11)

Error [ERR_IPC_DISCONNECTED]: IPC channel is already disconnected
    at ChildProcess.target.disconnect (internal/child_process.js:832:26)
    at QueryProcessWrapper.destroy (C:\Users\Tegan\Downloads\DH-master\DH-M\DH\.lib-dist\process-manager.js:178:16)
    at QueryProcessWrapper.release (C:\Users\Tegan\Downloads\DH-master\DH-M\DH\.lib-dist\process-manager.js:164:9)
    at QueryProcessManager.releaseCrashed (C:\Users\Tegan\Downloads\DH-master\DH-M\DH\.lib-dist\process-manager.js:421:16)
    at ChildProcess.<anonymous> (C:\Users\Tegan\Downloads\DH-master\DH-M\DH\.lib-dist\process-manager.js:468:48)
    at ChildProcess.emit (events.js:315:20)
    at ChildProcess.EventEmitter.emit (domain.js:483:12)
    at finish (internal/child_process.js:861:14)
    at processTicksAndRejections (internal/process/task_queues.js:79:11)

Error [ERR_IPC_DISCONNECTED]: IPC channel is already disconnected
    at ChildProcess.target.disconnect (internal/child_process.js:832:26)
    at StreamProcessWrapper.destroy (C:\Users\Tegan\Downloads\DH-master\DH-M\DH\.lib-dist\process-manager.js:288:16)
    at StreamProcessWrapper.release (C:\Users\Tegan\Downloads\DH-master\DH-M\DH\.lib-dist\process-manager.js:274:14)
    at StreamProcessManager.releaseCrashed (C:\Users\Tegan\Downloads\DH-master\DH-M\DH\.lib-dist\process-manager.js:421:16)
    at ChildProcess.<anonymous> (C:\Users\Tegan\Downloads\DH-master\DH-M\DH\.lib-dist\process-manager.js:468:48)
    at ChildProcess.emit (events.js:315:20)
    at ChildProcess.EventEmitter.emit (domain.js:483:12)
    at finish (internal/child_process.js:861:14)
    at processTicksAndRejections (internal/process/task_queues.js:79:11)

TypeError: Cannot read property 'endsWith' of undefined
    at RandomTeams.randomSet (C:\Users\Tegan\Downloads\DH-master\DH-M\DH\.data-dist\mods\inksrandbats\random-teams.js:620:20)
    at RandomTeams.randomTeam (C:\Users\Tegan\Downloads\DH-master\DH-M\DH\.data-dist\mods\inksrandbats\random-teams.js:1589:22)
    at RandomTeams.getTeam (C:\Users\Tegan\Downloads\DH-master\DH-M\DH\.data-dist\mods\inksrandbats\random-teams.js:44:45)
    at Battle.getTeam (C:\Users\Tegan\Downloads\DH-master\DH-M\DH\.sim-dist\battle.js:2984:29)
    at Battle.setPlayer (C:\Users\Tegan\Downloads\DH-master\DH-M\DH\.sim-dist\battle.js:2994:22)
    at RoomBattleStream._writeLine (C:\Users\Tegan\Downloads\DH-master\DH-M\DH\.sim-dist\battle-stream.js:110:16)
    at RoomBattleStream._writeLine (C:\Users\Tegan\Downloads\DH-master\DH-M\DH\.server-dist\room-battle.js:1255:18)
    at RoomBattleStream._writeLines (C:\Users\Tegan\Downloads\DH-master\DH-M\DH\.sim-dist\battle-stream.js:77:10)
    at RoomBattleStream._write (C:\Users\Tegan\Downloads\DH-master\DH-M\DH\.server-dist\room-battle.js:1172:9)
    at RoomBattleStream.write (C:\Users\Tegan\Downloads\DH-master\DH-M\DH\.lib-dist\streams.js:836:15)

Additional information:
  chunk = >player p1 {"name":"ink2","avatar":"aaron","team":"","rating":0}
  inputLog = 
>start {"formatid":"gen8inksrandbats","seed":[39203,59422,42387,32290]}
  log = 
|t:|1606546020


Error [ERR_IPC_DISCONNECTED]: IPC channel is already disconnected
    at ChildProcess.target.disconnect (internal/child_process.js:832:26)
    at QueryProcessWrapper.destroy (C:\Users\Tegan\Downloads\DH-master\DH-M\DH\.lib-dist\process-manager.js:178:16)
    at QueryProcessWrapper.release (C:\Users\Tegan\Downloads\DH-master\DH-M\DH\.lib-dist\process-manager.js:164:9)
    at QueryProcessManager.releaseCrashed (C:\Users\Tegan\Downloads\DH-master\DH-M\DH\.lib-dist\process-manager.js:421:16)
    at ChildProcess.<anonymous> (C:\Users\Tegan\Downloads\DH-master\DH-M\DH\.lib-dist\process-manager.js:468:48)
    at ChildProcess.emit (events.js:315:20)
    at ChildProcess.EventEmitter.emit (domain.js:483:12)
    at finish (internal/child_process.js:861:14)
    at processTicksAndRejections (internal/process/task_queues.js:79:11)

Error [ERR_IPC_DISCONNECTED]: IPC channel is already disconnected
    at ChildProcess.target.disconnect (internal/child_process.js:832:26)
    at QueryProcessWrapper.destroy (C:\Users\Tegan\Downloads\DH-master\DH-M\DH\.lib-dist\process-manager.js:178:16)
    at QueryProcessWrapper.release (C:\Users\Tegan\Downloads\DH-master\DH-M\DH\.lib-dist\process-manager.js:164:9)
    at QueryProcessManager.releaseCrashed (C:\Users\Tegan\Downloads\DH-master\DH-M\DH\.lib-dist\process-manager.js:421:16)
    at ChildProcess.<anonymous> (C:\Users\Tegan\Downloads\DH-master\DH-M\DH\.lib-dist\process-manager.js:468:48)
    at ChildProcess.emit (events.js:315:20)
    at ChildProcess.EventEmitter.emit (domain.js:483:12)
    at finish (internal/child_process.js:861:14)
    at processTicksAndRejections (internal/process/task_queues.js:79:11)

Error [ERR_IPC_DISCONNECTED]: IPC channel is already disconnected
    at ChildProcess.target.disconnect (internal/child_process.js:832:26)
    at QueryProcessWrapper.destroy (C:\Users\Tegan\Downloads\DH-master\DH-M\DH\.lib-dist\process-manager.js:178:16)
    at QueryProcessWrapper.release (C:\Users\Tegan\Downloads\DH-master\DH-M\DH\.lib-dist\process-manager.js:164:9)
    at QueryProcessManager.releaseCrashed (C:\Users\Tegan\Downloads\DH-master\DH-M\DH\.lib-dist\process-manager.js:421:16)
    at ChildProcess.<anonymous> (C:\Users\Tegan\Downloads\DH-master\DH-M\DH\.lib-dist\process-manager.js:468:48)
    at ChildProcess.emit (events.js:315:20)
    at ChildProcess.EventEmitter.emit (domain.js:483:12)
    at finish (internal/child_process.js:861:14)
    at processTicksAndRejections (internal/process/task_queues.js:79:11)

Error [ERR_IPC_DISCONNECTED]: IPC channel is already disconnected
    at ChildProcess.target.disconnect (internal/child_process.js:832:26)
    at QueryProcessWrapper.destroy (C:\Users\Tegan\Downloads\DH-master\DH-M\DH\.lib-dist\process-manager.js:178:16)
    at QueryProcessWrapper.release (C:\Users\Tegan\Downloads\DH-master\DH-M\DH\.lib-dist\process-manager.js:164:9)
    at QueryProcessManager.releaseCrashed (C:\Users\Tegan\Downloads\DH-master\DH-M\DH\.lib-dist\process-manager.js:421:16)
    at ChildProcess.<anonymous> (C:\Users\Tegan\Downloads\DH-master\DH-M\DH\.lib-dist\process-manager.js:468:48)
    at ChildProcess.emit (events.js:315:20)
    at ChildProcess.EventEmitter.emit (domain.js:483:12)
    at finish (internal/child_process.js:861:14)
    at processTicksAndRejections (internal/process/task_queues.js:79:11)

Error [ERR_IPC_DISCONNECTED]: IPC channel is already disconnected
    at ChildProcess.target.disconnect (internal/child_process.js:832:26)
    at StreamProcessWrapper.destroy (C:\Users\Tegan\Downloads\DH-master\DH-M\DH\.lib-dist\process-manager.js:288:16)
    at StreamProcessWrapper.release (C:\Users\Tegan\Downloads\DH-master\DH-M\DH\.lib-dist\process-manager.js:274:14)
    at StreamProcessManager.releaseCrashed (C:\Users\Tegan\Downloads\DH-master\DH-M\DH\.lib-dist\process-manager.js:421:16)
    at ChildProcess.<anonymous> (C:\Users\Tegan\Downloads\DH-master\DH-M\DH\.lib-dist\process-manager.js:468:48)
    at ChildProcess.emit (events.js:315:20)
    at ChildProcess.EventEmitter.emit (domain.js:483:12)
    at finish (internal/child_process.js:861:14)
    at processTicksAndRejections (internal/process/task_queues.js:79:11)

Error [ERR_IPC_DISCONNECTED]: IPC channel is already disconnected
    at ChildProcess.target.disconnect (internal/child_process.js:832:26)
    at QueryProcessWrapper.destroy (C:\Users\Tegan\Downloads\DH-master\DH-M\DH\.lib-dist\process-manager.js:178:16)
    at QueryProcessWrapper.release (C:\Users\Tegan\Downloads\DH-master\DH-M\DH\.lib-dist\process-manager.js:164:9)
    at QueryProcessManager.releaseCrashed (C:\Users\Tegan\Downloads\DH-master\DH-M\DH\.lib-dist\process-manager.js:421:16)
    at ChildProcess.<anonymous> (C:\Users\Tegan\Downloads\DH-master\DH-M\DH\.lib-dist\process-manager.js:468:48)
    at ChildProcess.emit (events.js:315:20)
    at ChildProcess.EventEmitter.emit (domain.js:483:12)
    at finish (internal/child_process.js:861:14)
    at processTicksAndRejections (internal/process/task_queues.js:79:11)

Error [ERR_IPC_DISCONNECTED]: IPC channel is already disconnected
    at ChildProcess.target.disconnect (internal/child_process.js:832:26)
    at QueryProcessWrapper.destroy (C:\Users\Tegan\Downloads\DH-master\DH-M\DH\.lib-dist\process-manager.js:178:16)
    at QueryProcessWrapper.release (C:\Users\Tegan\Downloads\DH-master\DH-M\DH\.lib-dist\process-manager.js:164:9)
    at QueryProcessManager.releaseCrashed (C:\Users\Tegan\Downloads\DH-master\DH-M\DH\.lib-dist\process-manager.js:421:16)
    at ChildProcess.<anonymous> (C:\Users\Tegan\Downloads\DH-master\DH-M\DH\.lib-dist\process-manager.js:468:48)
    at ChildProcess.emit (events.js:315:20)
    at ChildProcess.EventEmitter.emit (domain.js:483:12)
    at finish (internal/child_process.js:861:14)
    at processTicksAndRejections (internal/process/task_queues.js:79:11)

Error [ERR_IPC_DISCONNECTED]: IPC channel is already disconnected
    at ChildProcess.target.disconnect (internal/child_process.js:832:26)
    at QueryProcessWrapper.destroy (C:\Users\Tegan\Downloads\DH-master\DH-M\DH\.lib-dist\process-manager.js:178:16)
    at QueryProcessWrapper.release (C:\Users\Tegan\Downloads\DH-master\DH-M\DH\.lib-dist\process-manager.js:164:9)
    at QueryProcessManager.releaseCrashed (C:\Users\Tegan\Downloads\DH-master\DH-M\DH\.lib-dist\process-manager.js:421:16)
    at ChildProcess.<anonymous> (C:\Users\Tegan\Downloads\DH-master\DH-M\DH\.lib-dist\process-manager.js:468:48)
    at ChildProcess.emit (events.js:315:20)
    at ChildProcess.EventEmitter.emit (domain.js:483:12)
    at finish (internal/child_process.js:861:14)
    at processTicksAndRejections (internal/process/task_queues.js:79:11)

Error [ERR_IPC_DISCONNECTED]: IPC channel is already disconnected
    at ChildProcess.target.disconnect (internal/child_process.js:832:26)
    at StreamProcessWrapper.destroy (C:\Users\Tegan\Downloads\DH-master\DH-M\DH\.lib-dist\process-manager.js:288:16)
    at StreamProcessWrapper.release (C:\Users\Tegan\Downloads\DH-master\DH-M\DH\.lib-dist\process-manager.js:274:14)
    at StreamProcessManager.releaseCrashed (C:\Users\Tegan\Downloads\DH-master\DH-M\DH\.lib-dist\process-manager.js:421:16)
    at ChildProcess.<anonymous> (C:\Users\Tegan\Downloads\DH-master\DH-M\DH\.lib-dist\process-manager.js:468:48)
    at ChildProcess.emit (events.js:315:20)
    at ChildProcess.EventEmitter.emit (domain.js:483:12)
    at finish (internal/child_process.js:861:14)
    at processTicksAndRejections (internal/process/task_queues.js:79:11)

Error [ERR_IPC_DISCONNECTED]: IPC channel is already disconnected
    at ChildProcess.target.disconnect (internal/child_process.js:832:26)
    at QueryProcessWrapper.destroy (C:\Users\Tegan\Downloads\DH-master\DH-M\DH\.lib-dist\process-manager.js:178:16)
    at QueryProcessWrapper.release (C:\Users\Tegan\Downloads\DH-master\DH-M\DH\.lib-dist\process-manager.js:164:9)
    at QueryProcessManager.releaseCrashed (C:\Users\Tegan\Downloads\DH-master\DH-M\DH\.lib-dist\process-manager.js:421:16)
    at ChildProcess.<anonymous> (C:\Users\Tegan\Downloads\DH-master\DH-M\DH\.lib-dist\process-manager.js:468:48)
    at ChildProcess.emit (events.js:315:20)
    at ChildProcess.EventEmitter.emit (domain.js:483:12)
    at finish (internal/child_process.js:861:14)
    at processTicksAndRejections (internal/process/task_queues.js:79:11)

Error [ERR_IPC_DISCONNECTED]: IPC channel is already disconnected
    at ChildProcess.target.disconnect (internal/child_process.js:832:26)
    at QueryProcessWrapper.destroy (C:\Users\Tegan\Downloads\DH-master\DH-M\DH\.lib-dist\process-manager.js:178:16)
    at QueryProcessWrapper.release (C:\Users\Tegan\Downloads\DH-master\DH-M\DH\.lib-dist\process-manager.js:164:9)
    at QueryProcessManager.releaseCrashed (C:\Users\Tegan\Downloads\DH-master\DH-M\DH\.lib-dist\process-manager.js:421:16)
    at ChildProcess.<anonymous> (C:\Users\Tegan\Downloads\DH-master\DH-M\DH\.lib-dist\process-manager.js:468:48)
    at ChildProcess.emit (events.js:315:20)
    at ChildProcess.EventEmitter.emit (domain.js:483:12)
    at finish (internal/child_process.js:861:14)
    at processTicksAndRejections (internal/process/task_queues.js:79:11)

Error [ERR_IPC_DISCONNECTED]: IPC channel is already disconnected
    at ChildProcess.target.disconnect (internal/child_process.js:832:26)
    at QueryProcessWrapper.destroy (C:\Users\Tegan\Downloads\DH-master\DH-M\DH\.lib-dist\process-manager.js:178:16)
    at QueryProcessWrapper.release (C:\Users\Tegan\Downloads\DH-master\DH-M\DH\.lib-dist\process-manager.js:164:9)
    at QueryProcessManager.releaseCrashed (C:\Users\Tegan\Downloads\DH-master\DH-M\DH\.lib-dist\process-manager.js:421:16)
    at ChildProcess.<anonymous> (C:\Users\Tegan\Downloads\DH-master\DH-M\DH\.lib-dist\process-manager.js:468:48)
    at ChildProcess.emit (events.js:315:20)
    at ChildProcess.EventEmitter.emit (domain.js:483:12)
    at finish (internal/child_process.js:861:14)
    at processTicksAndRejections (internal/process/task_queues.js:79:11)

Error [ERR_IPC_DISCONNECTED]: IPC channel is already disconnected
    at ChildProcess.target.disconnect (internal/child_process.js:832:26)
    at QueryProcessWrapper.destroy (C:\Users\Tegan\Downloads\DH-master\DH-M\DH\.lib-dist\process-manager.js:178:16)
    at QueryProcessWrapper.release (C:\Users\Tegan\Downloads\DH-master\DH-M\DH\.lib-dist\process-manager.js:164:9)
    at QueryProcessManager.releaseCrashed (C:\Users\Tegan\Downloads\DH-master\DH-M\DH\.lib-dist\process-manager.js:421:16)
    at ChildProcess.<anonymous> (C:\Users\Tegan\Downloads\DH-master\DH-M\DH\.lib-dist\process-manager.js:468:48)
    at ChildProcess.emit (events.js:315:20)
    at ChildProcess.EventEmitter.emit (domain.js:483:12)
    at finish (internal/child_process.js:861:14)
    at processTicksAndRejections (internal/process/task_queues.js:79:11)

Error [ERR_IPC_DISCONNECTED]: IPC channel is already disconnected
    at ChildProcess.target.disconnect (internal/child_process.js:832:26)
    at QueryProcessWrapper.destroy (C:\Users\Tegan\Downloads\DH-master\DH-M\DH\.lib-dist\process-manager.js:178:16)
    at QueryProcessWrapper.release (C:\Users\Tegan\Downloads\DH-master\DH-M\DH\.lib-dist\process-manager.js:164:9)
    at QueryProcessManager.releaseCrashed (C:\Users\Tegan\Downloads\DH-master\DH-M\DH\.lib-dist\process-manager.js:421:16)
    at ChildProcess.<anonymous> (C:\Users\Tegan\Downloads\DH-master\DH-M\DH\.lib-dist\process-manager.js:468:48)
    at ChildProcess.emit (events.js:315:20)
    at ChildProcess.EventEmitter.emit (domain.js:483:12)
    at finish (internal/child_process.js:861:14)
    at processTicksAndRejections (internal/process/task_queues.js:79:11)

Error [ERR_IPC_DISCONNECTED]: IPC channel is already disconnected
    at ChildProcess.target.disconnect (internal/child_process.js:832:26)
    at StreamProcessWrapper.destroy (C:\Users\Tegan\Downloads\DH-master\DH-M\DH\.lib-dist\process-manager.js:288:16)
    at StreamProcessWrapper.release (C:\Users\Tegan\Downloads\DH-master\DH-M\DH\.lib-dist\process-manager.js:274:14)
    at StreamProcessManager.releaseCrashed (C:\Users\Tegan\Downloads\DH-master\DH-M\DH\.lib-dist\process-manager.js:421:16)
    at ChildProcess.<anonymous> (C:\Users\Tegan\Downloads\DH-master\DH-M\DH\.lib-dist\process-manager.js:468:48)
    at ChildProcess.emit (events.js:315:20)
    at ChildProcess.EventEmitter.emit (domain.js:483:12)
    at finish (internal/child_process.js:861:14)
    at processTicksAndRejections (internal/process/task_queues.js:79:11)

C:\Users\Tegan\Downloads\DH-master\DH-M\DH\.data-dist\mods\inksrandbats\abilities.js:55
			const pokemon = this.effectData.target;
			      ^

SyntaxError: Identifier 'pokemon' has already been declared
    at wrapSafe (internal/modules/cjs/loader.js:1053:16)
    at Module._compile (internal/modules/cjs/loader.js:1101:27)
    at Object.Module._extensions..js (internal/modules/cjs/loader.js:1157:10)
    at Module.load (internal/modules/cjs/loader.js:985:32)
    at Function.Module._load (internal/modules/cjs/loader.js:878:14)
    at Module.require (internal/modules/cjs/loader.js:1025:19)
    at require (internal/modules/cjs/helpers.js:72:18)
    at ModdedDex.loadDataFile (C:\Users\Tegan\Downloads\DH-master\DH-M\DH\.sim-dist\dex.js:1348:23)
    at ModdedDex.loadData (C:\Users\Tegan\Downloads\DH-master\DH-M\DH\.sim-dist\dex.js:1427:28)
    at ModdedDex.includeData (C:\Users\Tegan\Downloads\DH-master\DH-M\DH\.sim-dist\dex.js:1390:8)

Additional information:
  formatid = gen8inksrandbats
  team = null


Error [ERR_IPC_DISCONNECTED]: IPC channel is already disconnected
    at ChildProcess.target.disconnect (internal/child_process.js:832:26)
    at QueryProcessWrapper.destroy (C:\Users\Tegan\Downloads\DH-master\DH-M\DH\.lib-dist\process-manager.js:178:16)
    at QueryProcessWrapper.release (C:\Users\Tegan\Downloads\DH-master\DH-M\DH\.lib-dist\process-manager.js:164:9)
    at QueryProcessManager.releaseCrashed (C:\Users\Tegan\Downloads\DH-master\DH-M\DH\.lib-dist\process-manager.js:421:16)
    at ChildProcess.<anonymous> (C:\Users\Tegan\Downloads\DH-master\DH-M\DH\.lib-dist\process-manager.js:468:48)
    at ChildProcess.emit (events.js:315:20)
    at ChildProcess.EventEmitter.emit (domain.js:483:12)
    at finish (internal/child_process.js:861:14)
    at processTicksAndRejections (internal/process/task_queues.js:79:11)

Error [ERR_IPC_DISCONNECTED]: IPC channel is already disconnected
    at ChildProcess.target.disconnect (internal/child_process.js:832:26)
    at QueryProcessWrapper.destroy (C:\Users\Tegan\Downloads\DH-master\DH-M\DH\.lib-dist\process-manager.js:178:16)
    at QueryProcessWrapper.release (C:\Users\Tegan\Downloads\DH-master\DH-M\DH\.lib-dist\process-manager.js:164:9)
    at QueryProcessManager.releaseCrashed (C:\Users\Tegan\Downloads\DH-master\DH-M\DH\.lib-dist\process-manager.js:421:16)
    at ChildProcess.<anonymous> (C:\Users\Tegan\Downloads\DH-master\DH-M\DH\.lib-dist\process-manager.js:468:48)
    at ChildProcess.emit (events.js:315:20)
    at ChildProcess.EventEmitter.emit (domain.js:483:12)
    at finish (internal/child_process.js:861:14)
    at processTicksAndRejections (internal/process/task_queues.js:79:11)

Error [ERR_IPC_DISCONNECTED]: IPC channel is already disconnected
    at ChildProcess.target.disconnect (internal/child_process.js:832:26)
    at QueryProcessWrapper.destroy (C:\Users\Tegan\Downloads\DH-master\DH-M\DH\.lib-dist\process-manager.js:178:16)
    at QueryProcessWrapper.release (C:\Users\Tegan\Downloads\DH-master\DH-M\DH\.lib-dist\process-manager.js:164:9)
    at QueryProcessManager.releaseCrashed (C:\Users\Tegan\Downloads\DH-master\DH-M\DH\.lib-dist\process-manager.js:421:16)
    at ChildProcess.<anonymous> (C:\Users\Tegan\Downloads\DH-master\DH-M\DH\.lib-dist\process-manager.js:468:48)
    at ChildProcess.emit (events.js:315:20)
    at ChildProcess.EventEmitter.emit (domain.js:483:12)
    at finish (internal/child_process.js:861:14)
    at processTicksAndRejections (internal/process/task_queues.js:79:11)

Error [ERR_IPC_DISCONNECTED]: IPC channel is already disconnected
    at ChildProcess.target.disconnect (internal/child_process.js:832:26)
    at StreamProcessWrapper.destroy (C:\Users\Tegan\Downloads\DH-master\DH-M\DH\.lib-dist\process-manager.js:288:16)
    at StreamProcessWrapper.release (C:\Users\Tegan\Downloads\DH-master\DH-M\DH\.lib-dist\process-manager.js:274:14)
    at StreamProcessManager.releaseCrashed (C:\Users\Tegan\Downloads\DH-master\DH-M\DH\.lib-dist\process-manager.js:421:16)
    at ChildProcess.<anonymous> (C:\Users\Tegan\Downloads\DH-master\DH-M\DH\.lib-dist\process-manager.js:468:48)
    at ChildProcess.emit (events.js:315:20)
    at ChildProcess.EventEmitter.emit (domain.js:483:12)
    at finish (internal/child_process.js:861:14)
    at processTicksAndRejections (internal/process/task_queues.js:79:11)

Error [ERR_IPC_DISCONNECTED]: IPC channel is already disconnected
    at ChildProcess.target.disconnect (internal/child_process.js:832:26)
    at QueryProcessWrapper.destroy (C:\Users\Tegan\Downloads\DH-master\DH-M\DH\.lib-dist\process-manager.js:178:16)
    at QueryProcessWrapper.release (C:\Users\Tegan\Downloads\DH-master\DH-M\DH\.lib-dist\process-manager.js:164:9)
    at QueryProcessManager.releaseCrashed (C:\Users\Tegan\Downloads\DH-master\DH-M\DH\.lib-dist\process-manager.js:421:16)
    at ChildProcess.<anonymous> (C:\Users\Tegan\Downloads\DH-master\DH-M\DH\.lib-dist\process-manager.js:468:48)
    at ChildProcess.emit (events.js:315:20)
    at ChildProcess.EventEmitter.emit (domain.js:483:12)
    at finish (internal/child_process.js:861:14)
    at processTicksAndRejections (internal/process/task_queues.js:79:11)

Error [ERR_IPC_DISCONNECTED]: IPC channel is already disconnected
    at ChildProcess.target.disconnect (internal/child_process.js:832:26)
    at QueryProcessWrapper.destroy (C:\Users\Tegan\Downloads\DH-master\DH-M\DH\.lib-dist\process-manager.js:178:16)
    at QueryProcessWrapper.release (C:\Users\Tegan\Downloads\DH-master\DH-M\DH\.lib-dist\process-manager.js:164:9)
    at QueryProcessManager.releaseCrashed (C:\Users\Tegan\Downloads\DH-master\DH-M\DH\.lib-dist\process-manager.js:421:16)
    at ChildProcess.<anonymous> (C:\Users\Tegan\Downloads\DH-master\DH-M\DH\.lib-dist\process-manager.js:468:48)
    at ChildProcess.emit (events.js:315:20)
    at ChildProcess.EventEmitter.emit (domain.js:483:12)
    at finish (internal/child_process.js:861:14)
    at processTicksAndRejections (internal/process/task_queues.js:79:11)

Error [ERR_IPC_DISCONNECTED]: IPC channel is already disconnected
    at ChildProcess.target.disconnect (internal/child_process.js:832:26)
    at QueryProcessWrapper.destroy (C:\Users\Tegan\Downloads\DH-master\DH-M\DH\.lib-dist\process-manager.js:178:16)
    at QueryProcessWrapper.release (C:\Users\Tegan\Downloads\DH-master\DH-M\DH\.lib-dist\process-manager.js:164:9)
    at QueryProcessManager.releaseCrashed (C:\Users\Tegan\Downloads\DH-master\DH-M\DH\.lib-dist\process-manager.js:421:16)
    at ChildProcess.<anonymous> (C:\Users\Tegan\Downloads\DH-master\DH-M\DH\.lib-dist\process-manager.js:468:48)
    at ChildProcess.emit (events.js:315:20)
    at ChildProcess.EventEmitter.emit (domain.js:483:12)
    at finish (internal/child_process.js:861:14)
    at processTicksAndRejections (internal/process/task_queues.js:79:11)

Error [ERR_IPC_DISCONNECTED]: IPC channel is already disconnected
    at ChildProcess.target.disconnect (internal/child_process.js:832:26)
    at QueryProcessWrapper.destroy (C:\Users\Tegan\Downloads\DH-master\DH-M\DH\.lib-dist\process-manager.js:178:16)
    at QueryProcessWrapper.release (C:\Users\Tegan\Downloads\DH-master\DH-M\DH\.lib-dist\process-manager.js:164:9)
    at QueryProcessManager.releaseCrashed (C:\Users\Tegan\Downloads\DH-master\DH-M\DH\.lib-dist\process-manager.js:421:16)
    at ChildProcess.<anonymous> (C:\Users\Tegan\Downloads\DH-master\DH-M\DH\.lib-dist\process-manager.js:468:48)
    at ChildProcess.emit (events.js:315:20)
    at ChildProcess.EventEmitter.emit (domain.js:483:12)
    at finish (internal/child_process.js:861:14)
    at processTicksAndRejections (internal/process/task_queues.js:79:11)

Error [ERR_IPC_DISCONNECTED]: IPC channel is already disconnected
    at ChildProcess.target.disconnect (internal/child_process.js:832:26)
    at QueryProcessWrapper.destroy (C:\Users\Tegan\Downloads\DH-master\DH-M\DH\.lib-dist\process-manager.js:178:16)
    at QueryProcessWrapper.release (C:\Users\Tegan\Downloads\DH-master\DH-M\DH\.lib-dist\process-manager.js:164:9)
    at QueryProcessManager.releaseCrashed (C:\Users\Tegan\Downloads\DH-master\DH-M\DH\.lib-dist\process-manager.js:421:16)
    at ChildProcess.<anonymous> (C:\Users\Tegan\Downloads\DH-master\DH-M\DH\.lib-dist\process-manager.js:468:48)
    at ChildProcess.emit (events.js:315:20)
    at ChildProcess.EventEmitter.emit (domain.js:483:12)
    at finish (internal/child_process.js:861:14)
    at processTicksAndRejections (internal/process/task_queues.js:79:11)

Error [ERR_IPC_DISCONNECTED]: IPC channel is already disconnected
    at ChildProcess.target.disconnect (internal/child_process.js:832:26)
    at StreamProcessWrapper.destroy (C:\Users\Tegan\Downloads\DH-master\DH-M\DH\.lib-dist\process-manager.js:288:16)
    at StreamProcessWrapper.release (C:\Users\Tegan\Downloads\DH-master\DH-M\DH\.lib-dist\process-manager.js:274:14)
    at StreamProcessManager.releaseCrashed (C:\Users\Tegan\Downloads\DH-master\DH-M\DH\.lib-dist\process-manager.js:421:16)
    at ChildProcess.<anonymous> (C:\Users\Tegan\Downloads\DH-master\DH-M\DH\.lib-dist\process-manager.js:468:48)
    at ChildProcess.emit (events.js:315:20)
    at ChildProcess.EventEmitter.emit (domain.js:483:12)
    at finish (internal/child_process.js:861:14)
    at processTicksAndRejections (internal/process/task_queues.js:79:11)

Error [ERR_IPC_DISCONNECTED]: IPC channel is already disconnected
    at ChildProcess.target.disconnect (internal/child_process.js:832:26)
    at QueryProcessWrapper.destroy (C:\Users\Tegan\Downloads\DH-master\DH-M\DH\.lib-dist\process-manager.js:178:16)
    at QueryProcessWrapper.release (C:\Users\Tegan\Downloads\DH-master\DH-M\DH\.lib-dist\process-manager.js:164:9)
    at QueryProcessManager.releaseCrashed (C:\Users\Tegan\Downloads\DH-master\DH-M\DH\.lib-dist\process-manager.js:421:16)
    at ChildProcess.<anonymous> (C:\Users\Tegan\Downloads\DH-master\DH-M\DH\.lib-dist\process-manager.js:468:48)
    at ChildProcess.emit (events.js:315:20)
    at ChildProcess.EventEmitter.emit (domain.js:483:12)
    at finish (internal/child_process.js:861:14)
    at processTicksAndRejections (internal/process/task_queues.js:79:11)

Error [ERR_IPC_DISCONNECTED]: IPC channel is already disconnected
    at ChildProcess.target.disconnect (internal/child_process.js:832:26)
    at QueryProcessWrapper.destroy (C:\Users\Tegan\Downloads\DH-master\DH-M\DH\.lib-dist\process-manager.js:178:16)
    at QueryProcessWrapper.release (C:\Users\Tegan\Downloads\DH-master\DH-M\DH\.lib-dist\process-manager.js:164:9)
    at QueryProcessManager.releaseCrashed (C:\Users\Tegan\Downloads\DH-master\DH-M\DH\.lib-dist\process-manager.js:421:16)
    at ChildProcess.<anonymous> (C:\Users\Tegan\Downloads\DH-master\DH-M\DH\.lib-dist\process-manager.js:468:48)
    at ChildProcess.emit (events.js:315:20)
    at ChildProcess.EventEmitter.emit (domain.js:483:12)
    at finish (internal/child_process.js:861:14)
    at processTicksAndRejections (internal/process/task_queues.js:79:11)

Error [ERR_IPC_DISCONNECTED]: IPC channel is already disconnected
    at ChildProcess.target.disconnect (internal/child_process.js:832:26)
    at QueryProcessWrapper.destroy (C:\Users\Tegan\Downloads\DH-master\DH-M\DH\.lib-dist\process-manager.js:178:16)
    at QueryProcessWrapper.release (C:\Users\Tegan\Downloads\DH-master\DH-M\DH\.lib-dist\process-manager.js:164:9)
    at QueryProcessManager.releaseCrashed (C:\Users\Tegan\Downloads\DH-master\DH-M\DH\.lib-dist\process-manager.js:421:16)
    at ChildProcess.<anonymous> (C:\Users\Tegan\Downloads\DH-master\DH-M\DH\.lib-dist\process-manager.js:468:48)
    at ChildProcess.emit (events.js:315:20)
    at ChildProcess.EventEmitter.emit (domain.js:483:12)
    at finish (internal/child_process.js:861:14)
    at processTicksAndRejections (internal/process/task_queues.js:79:11)

Error [ERR_IPC_DISCONNECTED]: IPC channel is already disconnected
    at ChildProcess.target.disconnect (internal/child_process.js:832:26)
    at QueryProcessWrapper.destroy (C:\Users\Tegan\Downloads\DH-master\DH-M\DH\.lib-dist\process-manager.js:178:16)
    at QueryProcessWrapper.release (C:\Users\Tegan\Downloads\DH-master\DH-M\DH\.lib-dist\process-manager.js:164:9)
    at QueryProcessManager.releaseCrashed (C:\Users\Tegan\Downloads\DH-master\DH-M\DH\.lib-dist\process-manager.js:421:16)
    at ChildProcess.<anonymous> (C:\Users\Tegan\Downloads\DH-master\DH-M\DH\.lib-dist\process-manager.js:468:48)
    at ChildProcess.emit (events.js:315:20)
    at ChildProcess.EventEmitter.emit (domain.js:483:12)
    at finish (internal/child_process.js:861:14)
    at processTicksAndRejections (internal/process/task_queues.js:79:11)

Error [ERR_IPC_DISCONNECTED]: IPC channel is already disconnected
    at ChildProcess.target.disconnect (internal/child_process.js:832:26)
    at StreamProcessWrapper.destroy (C:\Users\Tegan\Downloads\DH-master\DH-M\DH\.lib-dist\process-manager.js:288:16)
    at StreamProcessWrapper.release (C:\Users\Tegan\Downloads\DH-master\DH-M\DH\.lib-dist\process-manager.js:274:14)
    at StreamProcessManager.releaseCrashed (C:\Users\Tegan\Downloads\DH-master\DH-M\DH\.lib-dist\process-manager.js:421:16)
    at ChildProcess.<anonymous> (C:\Users\Tegan\Downloads\DH-master\DH-M\DH\.lib-dist\process-manager.js:468:48)
    at ChildProcess.emit (events.js:315:20)
    at ChildProcess.EventEmitter.emit (domain.js:483:12)
    at finish (internal/child_process.js:861:14)
    at processTicksAndRejections (internal/process/task_queues.js:79:11)

Error [ERR_IPC_DISCONNECTED]: IPC channel is already disconnected
    at ChildProcess.target.disconnect (internal/child_process.js:832:26)
    at QueryProcessWrapper.destroy (C:\Users\Tegan\Downloads\DH-master\DH-M\DH\.lib-dist\process-manager.js:178:16)
    at QueryProcessWrapper.release (C:\Users\Tegan\Downloads\DH-master\DH-M\DH\.lib-dist\process-manager.js:164:9)
    at QueryProcessManager.releaseCrashed (C:\Users\Tegan\Downloads\DH-master\DH-M\DH\.lib-dist\process-manager.js:421:16)
    at ChildProcess.<anonymous> (C:\Users\Tegan\Downloads\DH-master\DH-M\DH\.lib-dist\process-manager.js:468:48)
    at ChildProcess.emit (events.js:315:20)
    at ChildProcess.EventEmitter.emit (domain.js:483:12)
    at finish (internal/child_process.js:861:14)
    at processTicksAndRejections (internal/process/task_queues.js:79:11)

Error [ERR_IPC_DISCONNECTED]: IPC channel is already disconnected
    at ChildProcess.target.disconnect (internal/child_process.js:832:26)
    at QueryProcessWrapper.destroy (C:\Users\Tegan\Downloads\DH-master\DH-M\DH\.lib-dist\process-manager.js:178:16)
    at QueryProcessWrapper.release (C:\Users\Tegan\Downloads\DH-master\DH-M\DH\.lib-dist\process-manager.js:164:9)
    at QueryProcessManager.releaseCrashed (C:\Users\Tegan\Downloads\DH-master\DH-M\DH\.lib-dist\process-manager.js:421:16)
    at ChildProcess.<anonymous> (C:\Users\Tegan\Downloads\DH-master\DH-M\DH\.lib-dist\process-manager.js:468:48)
    at ChildProcess.emit (events.js:315:20)
    at ChildProcess.EventEmitter.emit (domain.js:483:12)
    at finish (internal/child_process.js:861:14)
    at processTicksAndRejections (internal/process/task_queues.js:79:11)

Error [ERR_IPC_DISCONNECTED]: IPC channel is already disconnected
    at ChildProcess.target.disconnect (internal/child_process.js:832:26)
    at QueryProcessWrapper.destroy (C:\Users\Tegan\Downloads\DH-master\DH-M\DH\.lib-dist\process-manager.js:178:16)
    at QueryProcessWrapper.release (C:\Users\Tegan\Downloads\DH-master\DH-M\DH\.lib-dist\process-manager.js:164:9)
    at QueryProcessManager.releaseCrashed (C:\Users\Tegan\Downloads\DH-master\DH-M\DH\.lib-dist\process-manager.js:421:16)
    at ChildProcess.<anonymous> (C:\Users\Tegan\Downloads\DH-master\DH-M\DH\.lib-dist\process-manager.js:468:48)
    at ChildProcess.emit (events.js:315:20)
    at ChildProcess.EventEmitter.emit (domain.js:483:12)
    at finish (internal/child_process.js:861:14)
    at processTicksAndRejections (internal/process/task_queues.js:79:11)

Error [ERR_IPC_DISCONNECTED]: IPC channel is already disconnected
    at ChildProcess.target.disconnect (internal/child_process.js:832:26)
    at StreamProcessWrapper.destroy (C:\Users\Tegan\Downloads\DH-master\DH-M\DH\.lib-dist\process-manager.js:288:16)
    at StreamProcessWrapper.release (C:\Users\Tegan\Downloads\DH-master\DH-M\DH\.lib-dist\process-manager.js:274:14)
    at StreamProcessManager.releaseCrashed (C:\Users\Tegan\Downloads\DH-master\DH-M\DH\.lib-dist\process-manager.js:421:16)
    at ChildProcess.<anonymous> (C:\Users\Tegan\Downloads\DH-master\DH-M\DH\.lib-dist\process-manager.js:468:48)
    at ChildProcess.emit (events.js:315:20)
    at ChildProcess.EventEmitter.emit (domain.js:483:12)
    at finish (internal/child_process.js:861:14)
    at processTicksAndRejections (internal/process/task_queues.js:79:11)

Error [ERR_IPC_DISCONNECTED]: IPC channel is already disconnected
    at ChildProcess.target.disconnect (internal/child_process.js:832:26)
    at QueryProcessWrapper.destroy (C:\Users\Tegan\Downloads\DH-master\DH-M\DH\.lib-dist\process-manager.js:178:16)
    at QueryProcessWrapper.release (C:\Users\Tegan\Downloads\DH-master\DH-M\DH\.lib-dist\process-manager.js:164:9)
    at QueryProcessManager.releaseCrashed (C:\Users\Tegan\Downloads\DH-master\DH-M\DH\.lib-dist\process-manager.js:421:16)
    at ChildProcess.<anonymous> (C:\Users\Tegan\Downloads\DH-master\DH-M\DH\.lib-dist\process-manager.js:468:48)
    at ChildProcess.emit (events.js:315:20)
    at ChildProcess.EventEmitter.emit (domain.js:483:12)
    at finish (internal/child_process.js:861:14)
    at processTicksAndRejections (internal/process/task_queues.js:79:11)

Error [ERR_IPC_DISCONNECTED]: IPC channel is already disconnected
    at ChildProcess.target.disconnect (internal/child_process.js:832:26)
    at QueryProcessWrapper.destroy (C:\Users\Tegan\Downloads\DH-master\DH-M\DH\.lib-dist\process-manager.js:178:16)
    at QueryProcessWrapper.release (C:\Users\Tegan\Downloads\DH-master\DH-M\DH\.lib-dist\process-manager.js:164:9)
    at QueryProcessManager.releaseCrashed (C:\Users\Tegan\Downloads\DH-master\DH-M\DH\.lib-dist\process-manager.js:421:16)
    at ChildProcess.<anonymous> (C:\Users\Tegan\Downloads\DH-master\DH-M\DH\.lib-dist\process-manager.js:468:48)
    at ChildProcess.emit (events.js:315:20)
    at ChildProcess.EventEmitter.emit (domain.js:483:12)
    at finish (internal/child_process.js:861:14)
    at processTicksAndRejections (internal/process/task_queues.js:79:11)

Error [ERR_IPC_DISCONNECTED]: IPC channel is already disconnected
    at ChildProcess.target.disconnect (internal/child_process.js:832:26)
    at QueryProcessWrapper.destroy (C:\Users\Tegan\Downloads\DH-master\DH-M\DH\.lib-dist\process-manager.js:178:16)
    at QueryProcessWrapper.release (C:\Users\Tegan\Downloads\DH-master\DH-M\DH\.lib-dist\process-manager.js:164:9)
    at QueryProcessManager.releaseCrashed (C:\Users\Tegan\Downloads\DH-master\DH-M\DH\.lib-dist\process-manager.js:421:16)
    at ChildProcess.<anonymous> (C:\Users\Tegan\Downloads\DH-master\DH-M\DH\.lib-dist\process-manager.js:468:48)
    at ChildProcess.emit (events.js:315:20)
    at ChildProcess.EventEmitter.emit (domain.js:483:12)
    at finish (internal/child_process.js:861:14)
    at processTicksAndRejections (internal/process/task_queues.js:79:11)

Error [ERR_IPC_DISCONNECTED]: IPC channel is already disconnected
    at ChildProcess.target.disconnect (internal/child_process.js:832:26)
    at QueryProcessWrapper.destroy (C:\Users\Tegan\Downloads\DH-master\DH-M\DH\.lib-dist\process-manager.js:178:16)
    at QueryProcessWrapper.release (C:\Users\Tegan\Downloads\DH-master\DH-M\DH\.lib-dist\process-manager.js:164:9)
    at QueryProcessManager.releaseCrashed (C:\Users\Tegan\Downloads\DH-master\DH-M\DH\.lib-dist\process-manager.js:421:16)
    at ChildProcess.<anonymous> (C:\Users\Tegan\Downloads\DH-master\DH-M\DH\.lib-dist\process-manager.js:468:48)
    at ChildProcess.emit (events.js:315:20)
    at ChildProcess.EventEmitter.emit (domain.js:483:12)
    at finish (internal/child_process.js:861:14)
    at processTicksAndRejections (internal/process/task_queues.js:79:11)

Error [ERR_IPC_DISCONNECTED]: IPC channel is already disconnected
    at ChildProcess.target.disconnect (internal/child_process.js:832:26)
    at QueryProcessWrapper.destroy (C:\Users\Tegan\Downloads\DH-master\DH-M\DH\.lib-dist\process-manager.js:178:16)
    at QueryProcessWrapper.release (C:\Users\Tegan\Downloads\DH-master\DH-M\DH\.lib-dist\process-manager.js:164:9)
    at QueryProcessManager.releaseCrashed (C:\Users\Tegan\Downloads\DH-master\DH-M\DH\.lib-dist\process-manager.js:421:16)
    at ChildProcess.<anonymous> (C:\Users\Tegan\Downloads\DH-master\DH-M\DH\.lib-dist\process-manager.js:468:48)
    at ChildProcess.emit (events.js:315:20)
    at ChildProcess.EventEmitter.emit (domain.js:483:12)
    at finish (internal/child_process.js:861:14)
    at processTicksAndRejections (internal/process/task_queues.js:79:11)

Error [ERR_IPC_DISCONNECTED]: IPC channel is already disconnected
    at ChildProcess.target.disconnect (internal/child_process.js:832:26)
    at StreamProcessWrapper.destroy (C:\Users\Tegan\Downloads\DH-master\DH-M\DH\.lib-dist\process-manager.js:288:16)
    at StreamProcessWrapper.release (C:\Users\Tegan\Downloads\DH-master\DH-M\DH\.lib-dist\process-manager.js:274:14)
    at StreamProcessManager.releaseCrashed (C:\Users\Tegan\Downloads\DH-master\DH-M\DH\.lib-dist\process-manager.js:421:16)
    at ChildProcess.<anonymous> (C:\Users\Tegan\Downloads\DH-master\DH-M\DH\.lib-dist\process-manager.js:468:48)
    at ChildProcess.emit (events.js:315:20)
    at ChildProcess.EventEmitter.emit (domain.js:483:12)
    at finish (internal/child_process.js:861:14)
    at processTicksAndRejections (internal/process/task_queues.js:79:11)

Error [ERR_IPC_DISCONNECTED]: IPC channel is already disconnected
    at ChildProcess.target.disconnect (internal/child_process.js:832:26)
    at QueryProcessWrapper.destroy (C:\Users\Tegan\Downloads\DH-master\DH-M\DH\.lib-dist\process-manager.js:178:16)
    at QueryProcessWrapper.release (C:\Users\Tegan\Downloads\DH-master\DH-M\DH\.lib-dist\process-manager.js:164:9)
    at QueryProcessManager.releaseCrashed (C:\Users\Tegan\Downloads\DH-master\DH-M\DH\.lib-dist\process-manager.js:421:16)
    at ChildProcess.<anonymous> (C:\Users\Tegan\Downloads\DH-master\DH-M\DH\.lib-dist\process-manager.js:468:48)
    at ChildProcess.emit (events.js:315:20)
    at ChildProcess.EventEmitter.emit (domain.js:483:12)
    at finish (internal/child_process.js:861:14)
    at processTicksAndRejections (internal/process/task_queues.js:79:11)

Error [ERR_IPC_DISCONNECTED]: IPC channel is already disconnected
    at ChildProcess.target.disconnect (internal/child_process.js:832:26)
    at QueryProcessWrapper.destroy (C:\Users\Tegan\Downloads\DH-master\DH-M\DH\.lib-dist\process-manager.js:178:16)
    at QueryProcessWrapper.release (C:\Users\Tegan\Downloads\DH-master\DH-M\DH\.lib-dist\process-manager.js:164:9)
    at QueryProcessManager.releaseCrashed (C:\Users\Tegan\Downloads\DH-master\DH-M\DH\.lib-dist\process-manager.js:421:16)
    at ChildProcess.<anonymous> (C:\Users\Tegan\Downloads\DH-master\DH-M\DH\.lib-dist\process-manager.js:468:48)
    at ChildProcess.emit (events.js:315:20)
    at ChildProcess.EventEmitter.emit (domain.js:483:12)
    at finish (internal/child_process.js:861:14)
    at processTicksAndRejections (internal/process/task_queues.js:79:11)

Error [ERR_IPC_DISCONNECTED]: IPC channel is already disconnected
    at ChildProcess.target.disconnect (internal/child_process.js:832:26)
    at QueryProcessWrapper.destroy (C:\Users\Tegan\Downloads\DH-master\DH-M\DH\.lib-dist\process-manager.js:178:16)
    at QueryProcessWrapper.release (C:\Users\Tegan\Downloads\DH-master\DH-M\DH\.lib-dist\process-manager.js:164:9)
    at QueryProcessManager.releaseCrashed (C:\Users\Tegan\Downloads\DH-master\DH-M\DH\.lib-dist\process-manager.js:421:16)
    at ChildProcess.<anonymous> (C:\Users\Tegan\Downloads\DH-master\DH-M\DH\.lib-dist\process-manager.js:468:48)
    at ChildProcess.emit (events.js:315:20)
    at ChildProcess.EventEmitter.emit (domain.js:483:12)
    at finish (internal/child_process.js:861:14)
    at processTicksAndRejections (internal/process/task_queues.js:79:11)

Error [ERR_IPC_DISCONNECTED]: IPC channel is already disconnected
    at ChildProcess.target.disconnect (internal/child_process.js:832:26)
    at StreamProcessWrapper.destroy (C:\Users\Tegan\Downloads\DH-master\DH-M\DH\.lib-dist\process-manager.js:288:16)
    at StreamProcessWrapper.release (C:\Users\Tegan\Downloads\DH-master\DH-M\DH\.lib-dist\process-manager.js:274:14)
    at StreamProcessManager.releaseCrashed (C:\Users\Tegan\Downloads\DH-master\DH-M\DH\.lib-dist\process-manager.js:421:16)
    at ChildProcess.<anonymous> (C:\Users\Tegan\Downloads\DH-master\DH-M\DH\.lib-dist\process-manager.js:468:48)
    at ChildProcess.emit (events.js:315:20)
    at ChildProcess.EventEmitter.emit (domain.js:483:12)
    at finish (internal/child_process.js:861:14)
    at processTicksAndRejections (internal/process/task_queues.js:79:11)

Error [ERR_IPC_DISCONNECTED]: IPC channel is already disconnected
    at ChildProcess.target.disconnect (internal/child_process.js:832:26)
    at QueryProcessWrapper.destroy (C:\Users\Tegan\Downloads\DH-master\DH-M\DH\.lib-dist\process-manager.js:178:16)
    at QueryProcessWrapper.release (C:\Users\Tegan\Downloads\DH-master\DH-M\DH\.lib-dist\process-manager.js:164:9)
    at QueryProcessManager.releaseCrashed (C:\Users\Tegan\Downloads\DH-master\DH-M\DH\.lib-dist\process-manager.js:421:16)
    at ChildProcess.<anonymous> (C:\Users\Tegan\Downloads\DH-master\DH-M\DH\.lib-dist\process-manager.js:468:48)
    at ChildProcess.emit (events.js:315:20)
    at ChildProcess.EventEmitter.emit (domain.js:483:12)
    at finish (internal/child_process.js:861:14)
    at processTicksAndRejections (internal/process/task_queues.js:79:11)

Error [ERR_IPC_DISCONNECTED]: IPC channel is already disconnected
    at ChildProcess.target.disconnect (internal/child_process.js:832:26)
    at QueryProcessWrapper.destroy (C:\Users\Tegan\Downloads\DH-master\DH-M\DH\.lib-dist\process-manager.js:178:16)
    at QueryProcessWrapper.release (C:\Users\Tegan\Downloads\DH-master\DH-M\DH\.lib-dist\process-manager.js:164:9)
    at QueryProcessManager.releaseCrashed (C:\Users\Tegan\Downloads\DH-master\DH-M\DH\.lib-dist\process-manager.js:421:16)
    at ChildProcess.<anonymous> (C:\Users\Tegan\Downloads\DH-master\DH-M\DH\.lib-dist\process-manager.js:468:48)
    at ChildProcess.emit (events.js:315:20)
    at ChildProcess.EventEmitter.emit (domain.js:483:12)
    at finish (internal/child_process.js:861:14)
    at processTicksAndRejections (internal/process/task_queues.js:79:11)

Error [ERR_IPC_DISCONNECTED]: IPC channel is already disconnected
    at ChildProcess.target.disconnect (internal/child_process.js:832:26)
    at QueryProcessWrapper.destroy (C:\Users\Tegan\Downloads\DH-master\DH-M\DH\.lib-dist\process-manager.js:178:16)
    at QueryProcessWrapper.release (C:\Users\Tegan\Downloads\DH-master\DH-M\DH\.lib-dist\process-manager.js:164:9)
    at QueryProcessManager.releaseCrashed (C:\Users\Tegan\Downloads\DH-master\DH-M\DH\.lib-dist\process-manager.js:421:16)
    at ChildProcess.<anonymous> (C:\Users\Tegan\Downloads\DH-master\DH-M\DH\.lib-dist\process-manager.js:468:48)
    at ChildProcess.emit (events.js:315:20)
    at ChildProcess.EventEmitter.emit (domain.js:483:12)
    at finish (internal/child_process.js:861:14)
    at processTicksAndRejections (internal/process/task_queues.js:79:11)

Error [ERR_IPC_DISCONNECTED]: IPC channel is already disconnected
    at ChildProcess.target.disconnect (internal/child_process.js:832:26)
    at QueryProcessWrapper.destroy (C:\Users\Tegan\Downloads\DH-master\DH-M\DH\.lib-dist\process-manager.js:178:16)
    at QueryProcessWrapper.release (C:\Users\Tegan\Downloads\DH-master\DH-M\DH\.lib-dist\process-manager.js:164:9)
    at QueryProcessManager.releaseCrashed (C:\Users\Tegan\Downloads\DH-master\DH-M\DH\.lib-dist\process-manager.js:421:16)
    at ChildProcess.<anonymous> (C:\Users\Tegan\Downloads\DH-master\DH-M\DH\.lib-dist\process-manager.js:468:48)
    at ChildProcess.emit (events.js:315:20)
    at ChildProcess.EventEmitter.emit (domain.js:483:12)
    at finish (internal/child_process.js:861:14)
    at processTicksAndRejections (internal/process/task_queues.js:79:11)

Error [ERR_IPC_DISCONNECTED]: IPC channel is already disconnected
    at ChildProcess.target.disconnect (internal/child_process.js:832:26)
    at QueryProcessWrapper.destroy (C:\Users\Tegan\Downloads\DH-master\DH-M\DH\.lib-dist\process-manager.js:178:16)
    at QueryProcessWrapper.release (C:\Users\Tegan\Downloads\DH-master\DH-M\DH\.lib-dist\process-manager.js:164:9)
    at QueryProcessManager.releaseCrashed (C:\Users\Tegan\Downloads\DH-master\DH-M\DH\.lib-dist\process-manager.js:421:16)
    at ChildProcess.<anonymous> (C:\Users\Tegan\Downloads\DH-master\DH-M\DH\.lib-dist\process-manager.js:468:48)
    at ChildProcess.emit (events.js:315:20)
    at ChildProcess.EventEmitter.emit (domain.js:483:12)
    at finish (internal/child_process.js:861:14)
    at processTicksAndRejections (internal/process/task_queues.js:79:11)

Error [ERR_IPC_DISCONNECTED]: IPC channel is already disconnected
    at ChildProcess.target.disconnect (internal/child_process.js:832:26)
    at StreamProcessWrapper.destroy (C:\Users\Tegan\Downloads\DH-master\DH-M\DH\.lib-dist\process-manager.js:288:16)
    at StreamProcessWrapper.release (C:\Users\Tegan\Downloads\DH-master\DH-M\DH\.lib-dist\process-manager.js:274:14)
    at StreamProcessManager.releaseCrashed (C:\Users\Tegan\Downloads\DH-master\DH-M\DH\.lib-dist\process-manager.js:421:16)
    at ChildProcess.<anonymous> (C:\Users\Tegan\Downloads\DH-master\DH-M\DH\.lib-dist\process-manager.js:468:48)
    at ChildProcess.emit (events.js:315:20)
    at ChildProcess.EventEmitter.emit (domain.js:483:12)
    at finish (internal/child_process.js:861:14)
    at processTicksAndRejections (internal/process/task_queues.js:79:11)

ReferenceError: severity is not defined
    at Battle.onWeather (C:\Users\Tegan\Downloads\DH-master\DH-M\DH\.data-dist\mods\inksrandbats\conditions.js:16:36)
    at Battle.runEvent (C:\Users\Tegan\Downloads\DH-master\DH-M\DH\.sim-dist\battle.js:741:34)
    at Battle.eachEvent (C:\Users\Tegan\Downloads\DH-master\DH-M\DH\.sim-dist\battle.js:378:9)
    at Battle.onResidual (C:\Users\Tegan\Downloads\DH-master\DH-M\DH\.data-dist\mods\inksrandbats\conditions.js:13:43)
    at Battle.singleEvent (C:\Users\Tegan\Downloads\DH-master\DH-M\DH\.sim-dist\battle.js:487:25)
    at Battle.residualEvent (C:\Users\Tegan\Downloads\DH-master\DH-M\DH\.sim-dist\battle.js:416:9)
    at Battle.runAction (C:\Users\Tegan\Downloads\DH-master\DH-M\DH\.sim-dist\battle.js:2653:9)
    at Battle.go (C:\Users\Tegan\Downloads\DH-master\DH-M\DH\.sim-dist\battle.js:2761:9)
    at Battle.commitDecisions (C:\Users\Tegan\Downloads\DH-master\DH-M\DH\.sim-dist\battle.js:2827:8)
    at Battle.choose (C:\Users\Tegan\Downloads\DH-master\DH-M\DH\.sim-dist\battle.js:2783:35)

Additional information:
  chunk = >p1 move 2
  inputLog = 
>start {"formatid":"gen8inksrandbats","seed":[14976,64801,8626,148]}
>player p1 {"name":"ink2","avatar":"aaron","team":"","rating":0,"seed":[26105,9114,16420,39031]}
>player p2 {"name":"inkbug1","avatar":"burgh","team":"","rating":0,"seed":[18709,49546,11662,8446]}
>p1 move swordsdance
>p2 switch 2
  log = 
|t:|1606639391
|player|p1|ink2|aaron|
|player|p2|inkbug1|burgh|
|teamsize|p1|6
|teamsize|p2|6
|gametype|singles
|gen|8
|tier|[Gen 8] Ink's Randbats
|rule|Dynamax Clause: You cannot dynamax
|rule|Species Clause: Limit one of each Pokémon
|rule|HP Percentage Mod: HP is shown in percentages
|rule|Sleep Clause Mod: Limit one foe put to sleep
|rule|Permasnow: The weather will always be Hail
|-weather|Hail
|
|t:|1606639391
|start
|switch|p1a: Lycanroc|Lycanroc, L86, F|269/269
|switch|p2a: Arctovish|Arctovish, L86|295/295
|turn|1
|
|t:|1606639405
|switch|p2a: Aggron|Aggron, L86, F|261/261
|-item|p2a: Aggron|Air Balloon
|move|p1a: Lycanroc|Swords Dance|p1a: Lycanroc
|-boost|p1a: Lycanroc|atk|2
|
|-weather|Hail|[upkeep]


Error [ERR_IPC_DISCONNECTED]: IPC channel is already disconnected
    at ChildProcess.target.disconnect (internal/child_process.js:832:26)
    at QueryProcessWrapper.destroy (C:\Users\Tegan\Downloads\DH-master\DH-M\DH\.lib-dist\process-manager.js:178:16)
    at QueryProcessWrapper.release (C:\Users\Tegan\Downloads\DH-master\DH-M\DH\.lib-dist\process-manager.js:164:9)
    at QueryProcessManager.releaseCrashed (C:\Users\Tegan\Downloads\DH-master\DH-M\DH\.lib-dist\process-manager.js:421:16)
    at ChildProcess.<anonymous> (C:\Users\Tegan\Downloads\DH-master\DH-M\DH\.lib-dist\process-manager.js:468:48)
    at ChildProcess.emit (events.js:315:20)
    at ChildProcess.EventEmitter.emit (domain.js:483:12)
    at finish (internal/child_process.js:861:14)
    at processTicksAndRejections (internal/process/task_queues.js:79:11)

Error [ERR_IPC_DISCONNECTED]: IPC channel is already disconnected
    at ChildProcess.target.disconnect (internal/child_process.js:832:26)
    at QueryProcessWrapper.destroy (C:\Users\Tegan\Downloads\DH-master\DH-M\DH\.lib-dist\process-manager.js:178:16)
    at QueryProcessWrapper.release (C:\Users\Tegan\Downloads\DH-master\DH-M\DH\.lib-dist\process-manager.js:164:9)
    at QueryProcessManager.releaseCrashed (C:\Users\Tegan\Downloads\DH-master\DH-M\DH\.lib-dist\process-manager.js:421:16)
    at ChildProcess.<anonymous> (C:\Users\Tegan\Downloads\DH-master\DH-M\DH\.lib-dist\process-manager.js:468:48)
    at ChildProcess.emit (events.js:315:20)
    at ChildProcess.EventEmitter.emit (domain.js:483:12)
    at finish (internal/child_process.js:861:14)
    at processTicksAndRejections (internal/process/task_queues.js:79:11)

Error [ERR_IPC_DISCONNECTED]: IPC channel is already disconnected
    at ChildProcess.target.disconnect (internal/child_process.js:832:26)
    at QueryProcessWrapper.destroy (C:\Users\Tegan\Downloads\DH-master\DH-M\DH\.lib-dist\process-manager.js:178:16)
    at QueryProcessWrapper.release (C:\Users\Tegan\Downloads\DH-master\DH-M\DH\.lib-dist\process-manager.js:164:9)
    at QueryProcessManager.releaseCrashed (C:\Users\Tegan\Downloads\DH-master\DH-M\DH\.lib-dist\process-manager.js:421:16)
    at ChildProcess.<anonymous> (C:\Users\Tegan\Downloads\DH-master\DH-M\DH\.lib-dist\process-manager.js:468:48)
    at ChildProcess.emit (events.js:315:20)
    at ChildProcess.EventEmitter.emit (domain.js:483:12)
    at finish (internal/child_process.js:861:14)
    at processTicksAndRejections (internal/process/task_queues.js:79:11)

Error [ERR_IPC_DISCONNECTED]: IPC channel is already disconnected
    at ChildProcess.target.disconnect (internal/child_process.js:832:26)
    at QueryProcessWrapper.destroy (C:\Users\Tegan\Downloads\DH-master\DH-M\DH\.lib-dist\process-manager.js:178:16)
    at QueryProcessWrapper.release (C:\Users\Tegan\Downloads\DH-master\DH-M\DH\.lib-dist\process-manager.js:164:9)
    at QueryProcessManager.releaseCrashed (C:\Users\Tegan\Downloads\DH-master\DH-M\DH\.lib-dist\process-manager.js:421:16)
    at ChildProcess.<anonymous> (C:\Users\Tegan\Downloads\DH-master\DH-M\DH\.lib-dist\process-manager.js:468:48)
    at ChildProcess.emit (events.js:315:20)
    at ChildProcess.EventEmitter.emit (domain.js:483:12)
    at finish (internal/child_process.js:861:14)
    at processTicksAndRejections (internal/process/task_queues.js:79:11)

Error [ERR_IPC_DISCONNECTED]: IPC channel is already disconnected
    at ChildProcess.target.disconnect (internal/child_process.js:832:26)
    at StreamProcessWrapper.destroy (C:\Users\Tegan\Downloads\DH-master\DH-M\DH\.lib-dist\process-manager.js:288:16)
    at StreamProcessWrapper.release (C:\Users\Tegan\Downloads\DH-master\DH-M\DH\.lib-dist\process-manager.js:274:14)
    at StreamProcessManager.releaseCrashed (C:\Users\Tegan\Downloads\DH-master\DH-M\DH\.lib-dist\process-manager.js:421:16)
    at ChildProcess.<anonymous> (C:\Users\Tegan\Downloads\DH-master\DH-M\DH\.lib-dist\process-manager.js:468:48)
    at ChildProcess.emit (events.js:315:20)
    at ChildProcess.EventEmitter.emit (domain.js:483:12)
    at finish (internal/child_process.js:861:14)
    at processTicksAndRejections (internal/process/task_queues.js:79:11)

ReferenceError: severity is not defined
    at Battle.onWeather (C:\Users\Tegan\Downloads\DH-master\DH-M\DH\.data-dist\mods\inksrandbats\conditions.js:16:36)
    at Battle.runEvent (C:\Users\Tegan\Downloads\DH-master\DH-M\DH\.sim-dist\battle.js:741:34)
    at Battle.eachEvent (C:\Users\Tegan\Downloads\DH-master\DH-M\DH\.sim-dist\battle.js:378:9)
    at Battle.onResidual (C:\Users\Tegan\Downloads\DH-master\DH-M\DH\.data-dist\mods\inksrandbats\conditions.js:13:43)
    at Battle.singleEvent (C:\Users\Tegan\Downloads\DH-master\DH-M\DH\.sim-dist\battle.js:487:25)
    at Battle.residualEvent (C:\Users\Tegan\Downloads\DH-master\DH-M\DH\.sim-dist\battle.js:416:9)
    at Battle.runAction (C:\Users\Tegan\Downloads\DH-master\DH-M\DH\.sim-dist\battle.js:2653:9)
    at Battle.go (C:\Users\Tegan\Downloads\DH-master\DH-M\DH\.sim-dist\battle.js:2761:9)
    at Battle.commitDecisions (C:\Users\Tegan\Downloads\DH-master\DH-M\DH\.sim-dist\battle.js:2827:8)
    at Battle.choose (C:\Users\Tegan\Downloads\DH-master\DH-M\DH\.sim-dist\battle.js:2783:35)

Additional information:
  chunk = >p1 switch 4
  inputLog = 
>start {"formatid":"gen8inksrandbats","seed":[10943,24124,54293,13967]}
>player p1 {"name":"ink2","avatar":"aaron","team":"","rating":0,"seed":[35323,36602,36022,51475]}
>player p2 {"name":"inkbug1","avatar":"burgh","team":"","rating":0,"seed":[8069,24471,52040,47921]}
>p1 switch 4
>p2 move bulkup
  log = 
|t:|1606639635
|player|p1|ink2|aaron|
|player|p2|inkbug1|burgh|
|teamsize|p1|6
|teamsize|p2|6
|gametype|singles
|gen|8
|tier|[Gen 8] Ink's Randbats
|rule|Dynamax Clause: You cannot dynamax
|rule|Species Clause: Limit one of each Pokémon
|rule|HP Percentage Mod: HP is shown in percentages
|rule|Sleep Clause Mod: Limit one foe put to sleep
|rule|Permasnow: The weather will always be Hail
|-weather|Hail
|
|t:|1606639636
|start
|switch|p1a: Eiscue|Eiscue, L88, M|274/274
|switch|p2a: Sawk|Sawk, L88, M|275/275
|-ability|p2a: Sawk|Mold Breaker
|turn|1
|
|t:|1606639649
|switch|p1a: Minior|Minior-Indigo, L80|227/227
|-formechange|p1a: Minior|Minior-Meteor||[from] ability: Shields Down
|move|p2a: Sawk|Bulk Up|p2a: Sawk
|-boost|p2a: Sawk|atk|1
|-boost|p2a: Sawk|def|1
|
|-weather|Hail|[upkeep]


Error [ERR_IPC_DISCONNECTED]: IPC channel is already disconnected
    at ChildProcess.target.disconnect (internal/child_process.js:832:26)
    at QueryProcessWrapper.destroy (C:\Users\Tegan\Downloads\DH-master\DH-M\DH\.lib-dist\process-manager.js:178:16)
    at QueryProcessWrapper.release (C:\Users\Tegan\Downloads\DH-master\DH-M\DH\.lib-dist\process-manager.js:164:9)
    at QueryProcessManager.releaseCrashed (C:\Users\Tegan\Downloads\DH-master\DH-M\DH\.lib-dist\process-manager.js:421:16)
    at ChildProcess.<anonymous> (C:\Users\Tegan\Downloads\DH-master\DH-M\DH\.lib-dist\process-manager.js:468:48)
    at ChildProcess.emit (events.js:315:20)
    at ChildProcess.EventEmitter.emit (domain.js:483:12)
    at finish (internal/child_process.js:861:14)
    at processTicksAndRejections (internal/process/task_queues.js:79:11)

Error [ERR_IPC_DISCONNECTED]: IPC channel is already disconnected
    at ChildProcess.target.disconnect (internal/child_process.js:832:26)
    at QueryProcessWrapper.destroy (C:\Users\Tegan\Downloads\DH-master\DH-M\DH\.lib-dist\process-manager.js:178:16)
    at QueryProcessWrapper.release (C:\Users\Tegan\Downloads\DH-master\DH-M\DH\.lib-dist\process-manager.js:164:9)
    at QueryProcessManager.releaseCrashed (C:\Users\Tegan\Downloads\DH-master\DH-M\DH\.lib-dist\process-manager.js:421:16)
    at ChildProcess.<anonymous> (C:\Users\Tegan\Downloads\DH-master\DH-M\DH\.lib-dist\process-manager.js:468:48)
    at ChildProcess.emit (events.js:315:20)
    at ChildProcess.EventEmitter.emit (domain.js:483:12)
    at finish (internal/child_process.js:861:14)
    at processTicksAndRejections (internal/process/task_queues.js:79:11)

Error [ERR_IPC_DISCONNECTED]: IPC channel is already disconnected
    at ChildProcess.target.disconnect (internal/child_process.js:832:26)
    at QueryProcessWrapper.destroy (C:\Users\Tegan\Downloads\DH-master\DH-M\DH\.lib-dist\process-manager.js:178:16)
    at QueryProcessWrapper.release (C:\Users\Tegan\Downloads\DH-master\DH-M\DH\.lib-dist\process-manager.js:164:9)
    at QueryProcessManager.releaseCrashed (C:\Users\Tegan\Downloads\DH-master\DH-M\DH\.lib-dist\process-manager.js:421:16)
    at ChildProcess.<anonymous> (C:\Users\Tegan\Downloads\DH-master\DH-M\DH\.lib-dist\process-manager.js:468:48)
    at ChildProcess.emit (events.js:315:20)
    at ChildProcess.EventEmitter.emit (domain.js:483:12)
    at finish (internal/child_process.js:861:14)
    at processTicksAndRejections (internal/process/task_queues.js:79:11)

Error [ERR_IPC_DISCONNECTED]: IPC channel is already disconnected
    at ChildProcess.target.disconnect (internal/child_process.js:832:26)
    at StreamProcessWrapper.destroy (C:\Users\Tegan\Downloads\DH-master\DH-M\DH\.lib-dist\process-manager.js:288:16)
    at StreamProcessWrapper.release (C:\Users\Tegan\Downloads\DH-master\DH-M\DH\.lib-dist\process-manager.js:274:14)
    at StreamProcessManager.releaseCrashed (C:\Users\Tegan\Downloads\DH-master\DH-M\DH\.lib-dist\process-manager.js:421:16)
    at ChildProcess.<anonymous> (C:\Users\Tegan\Downloads\DH-master\DH-M\DH\.lib-dist\process-manager.js:468:48)
    at ChildProcess.emit (events.js:315:20)
    at ChildProcess.EventEmitter.emit (domain.js:483:12)
    at finish (internal/child_process.js:861:14)
    at processTicksAndRejections (internal/process/task_queues.js:79:11)

Error [ERR_IPC_DISCONNECTED]: IPC channel is already disconnected
    at ChildProcess.target.disconnect (internal/child_process.js:832:26)
    at QueryProcessWrapper.destroy (C:\Users\Tegan\Downloads\DH-master\DH-M\DH\.lib-dist\process-manager.js:178:16)
    at QueryProcessWrapper.release (C:\Users\Tegan\Downloads\DH-master\DH-M\DH\.lib-dist\process-manager.js:164:9)
    at QueryProcessManager.releaseCrashed (C:\Users\Tegan\Downloads\DH-master\DH-M\DH\.lib-dist\process-manager.js:421:16)
    at ChildProcess.<anonymous> (C:\Users\Tegan\Downloads\DH-master\DH-M\DH\.lib-dist\process-manager.js:468:48)
    at ChildProcess.emit (events.js:315:20)
    at ChildProcess.EventEmitter.emit (domain.js:483:12)
    at finish (internal/child_process.js:861:14)
    at processTicksAndRejections (internal/process/task_queues.js:79:11)

Error [ERR_IPC_DISCONNECTED]: IPC channel is already disconnected
    at ChildProcess.target.disconnect (internal/child_process.js:832:26)
    at QueryProcessWrapper.destroy (C:\Users\Tegan\Downloads\DH-master\DH-M\DH\.lib-dist\process-manager.js:178:16)
    at QueryProcessWrapper.release (C:\Users\Tegan\Downloads\DH-master\DH-M\DH\.lib-dist\process-manager.js:164:9)
    at QueryProcessManager.releaseCrashed (C:\Users\Tegan\Downloads\DH-master\DH-M\DH\.lib-dist\process-manager.js:421:16)
    at ChildProcess.<anonymous> (C:\Users\Tegan\Downloads\DH-master\DH-M\DH\.lib-dist\process-manager.js:468:48)
    at ChildProcess.emit (events.js:315:20)
    at ChildProcess.EventEmitter.emit (domain.js:483:12)
    at finish (internal/child_process.js:861:14)
    at processTicksAndRejections (internal/process/task_queues.js:79:11)

Error [ERR_IPC_DISCONNECTED]: IPC channel is already disconnected
    at ChildProcess.target.disconnect (internal/child_process.js:832:26)
    at QueryProcessWrapper.destroy (C:\Users\Tegan\Downloads\DH-master\DH-M\DH\.lib-dist\process-manager.js:178:16)
    at QueryProcessWrapper.release (C:\Users\Tegan\Downloads\DH-master\DH-M\DH\.lib-dist\process-manager.js:164:9)
    at QueryProcessManager.releaseCrashed (C:\Users\Tegan\Downloads\DH-master\DH-M\DH\.lib-dist\process-manager.js:421:16)
    at ChildProcess.<anonymous> (C:\Users\Tegan\Downloads\DH-master\DH-M\DH\.lib-dist\process-manager.js:468:48)
    at ChildProcess.emit (events.js:315:20)
    at ChildProcess.EventEmitter.emit (domain.js:483:12)
    at finish (internal/child_process.js:861:14)
    at processTicksAndRejections (internal/process/task_queues.js:79:11)

Error [ERR_IPC_DISCONNECTED]: IPC channel is already disconnected
    at ChildProcess.target.disconnect (internal/child_process.js:832:26)
    at QueryProcessWrapper.destroy (C:\Users\Tegan\Downloads\DH-master\DH-M\DH\.lib-dist\process-manager.js:178:16)
    at QueryProcessWrapper.release (C:\Users\Tegan\Downloads\DH-master\DH-M\DH\.lib-dist\process-manager.js:164:9)
    at QueryProcessManager.releaseCrashed (C:\Users\Tegan\Downloads\DH-master\DH-M\DH\.lib-dist\process-manager.js:421:16)
    at ChildProcess.<anonymous> (C:\Users\Tegan\Downloads\DH-master\DH-M\DH\.lib-dist\process-manager.js:468:48)
    at ChildProcess.emit (events.js:315:20)
    at ChildProcess.EventEmitter.emit (domain.js:483:12)
    at finish (internal/child_process.js:861:14)
    at processTicksAndRejections (internal/process/task_queues.js:79:11)

Error [ERR_IPC_DISCONNECTED]: IPC channel is already disconnected
    at ChildProcess.target.disconnect (internal/child_process.js:832:26)
    at StreamProcessWrapper.destroy (C:\Users\Tegan\Downloads\DH-master\DH-M\DH\.lib-dist\process-manager.js:288:16)
    at StreamProcessWrapper.release (C:\Users\Tegan\Downloads\DH-master\DH-M\DH\.lib-dist\process-manager.js:274:14)
    at StreamProcessManager.releaseCrashed (C:\Users\Tegan\Downloads\DH-master\DH-M\DH\.lib-dist\process-manager.js:421:16)
    at ChildProcess.<anonymous> (C:\Users\Tegan\Downloads\DH-master\DH-M\DH\.lib-dist\process-manager.js:468:48)
    at ChildProcess.emit (events.js:315:20)
    at ChildProcess.EventEmitter.emit (domain.js:483:12)
    at finish (internal/child_process.js:861:14)
    at processTicksAndRejections (internal/process/task_queues.js:79:11)

Error [ERR_IPC_DISCONNECTED]: IPC channel is already disconnected
    at ChildProcess.target.disconnect (internal/child_process.js:832:26)
    at QueryProcessWrapper.destroy (C:\Users\Tegan\Downloads\DH-master\DH-M\DH\.lib-dist\process-manager.js:178:16)
    at QueryProcessWrapper.release (C:\Users\Tegan\Downloads\DH-master\DH-M\DH\.lib-dist\process-manager.js:164:9)
    at QueryProcessManager.releaseCrashed (C:\Users\Tegan\Downloads\DH-master\DH-M\DH\.lib-dist\process-manager.js:421:16)
    at ChildProcess.<anonymous> (C:\Users\Tegan\Downloads\DH-master\DH-M\DH\.lib-dist\process-manager.js:468:48)
    at ChildProcess.emit (events.js:315:20)
    at ChildProcess.EventEmitter.emit (domain.js:483:12)
    at finish (internal/child_process.js:861:14)
    at processTicksAndRejections (internal/process/task_queues.js:79:11)

Error [ERR_IPC_DISCONNECTED]: IPC channel is already disconnected
    at ChildProcess.target.disconnect (internal/child_process.js:832:26)
    at QueryProcessWrapper.destroy (C:\Users\Tegan\Downloads\DH-master\DH-M\DH\.lib-dist\process-manager.js:178:16)
    at QueryProcessWrapper.release (C:\Users\Tegan\Downloads\DH-master\DH-M\DH\.lib-dist\process-manager.js:164:9)
    at QueryProcessManager.releaseCrashed (C:\Users\Tegan\Downloads\DH-master\DH-M\DH\.lib-dist\process-manager.js:421:16)
    at ChildProcess.<anonymous> (C:\Users\Tegan\Downloads\DH-master\DH-M\DH\.lib-dist\process-manager.js:468:48)
    at ChildProcess.emit (events.js:315:20)
    at ChildProcess.EventEmitter.emit (domain.js:483:12)
    at finish (internal/child_process.js:861:14)
    at processTicksAndRejections (internal/process/task_queues.js:79:11)

Error [ERR_IPC_DISCONNECTED]: IPC channel is already disconnected
    at ChildProcess.target.disconnect (internal/child_process.js:832:26)
    at QueryProcessWrapper.destroy (C:\Users\Tegan\Downloads\DH-master\DH-M\DH\.lib-dist\process-manager.js:178:16)
    at QueryProcessWrapper.release (C:\Users\Tegan\Downloads\DH-master\DH-M\DH\.lib-dist\process-manager.js:164:9)
    at QueryProcessManager.releaseCrashed (C:\Users\Tegan\Downloads\DH-master\DH-M\DH\.lib-dist\process-manager.js:421:16)
    at ChildProcess.<anonymous> (C:\Users\Tegan\Downloads\DH-master\DH-M\DH\.lib-dist\process-manager.js:468:48)
    at ChildProcess.emit (events.js:315:20)
    at ChildProcess.EventEmitter.emit (domain.js:483:12)
    at finish (internal/child_process.js:861:14)
    at processTicksAndRejections (internal/process/task_queues.js:79:11)

Error [ERR_IPC_DISCONNECTED]: IPC channel is already disconnected
    at ChildProcess.target.disconnect (internal/child_process.js:832:26)
    at QueryProcessWrapper.destroy (C:\Users\Tegan\Downloads\DH-master\DH-M\DH\.lib-dist\process-manager.js:178:16)
    at QueryProcessWrapper.release (C:\Users\Tegan\Downloads\DH-master\DH-M\DH\.lib-dist\process-manager.js:164:9)
    at QueryProcessManager.releaseCrashed (C:\Users\Tegan\Downloads\DH-master\DH-M\DH\.lib-dist\process-manager.js:421:16)
    at ChildProcess.<anonymous> (C:\Users\Tegan\Downloads\DH-master\DH-M\DH\.lib-dist\process-manager.js:468:48)
    at ChildProcess.emit (events.js:315:20)
    at ChildProcess.EventEmitter.emit (domain.js:483:12)
    at finish (internal/child_process.js:861:14)
    at processTicksAndRejections (internal/process/task_queues.js:79:11)

Error [ERR_IPC_DISCONNECTED]: IPC channel is already disconnected
    at ChildProcess.target.disconnect (internal/child_process.js:832:26)
    at StreamProcessWrapper.destroy (C:\Users\Tegan\Downloads\DH-master\DH-M\DH\.lib-dist\process-manager.js:288:16)
    at StreamProcessWrapper.release (C:\Users\Tegan\Downloads\DH-master\DH-M\DH\.lib-dist\process-manager.js:274:14)
    at StreamProcessManager.releaseCrashed (C:\Users\Tegan\Downloads\DH-master\DH-M\DH\.lib-dist\process-manager.js:421:16)
    at ChildProcess.<anonymous> (C:\Users\Tegan\Downloads\DH-master\DH-M\DH\.lib-dist\process-manager.js:468:48)
    at ChildProcess.emit (events.js:315:20)
    at ChildProcess.EventEmitter.emit (domain.js:483:12)
    at finish (internal/child_process.js:861:14)
    at processTicksAndRejections (internal/process/task_queues.js:79:11)

Error [ERR_IPC_DISCONNECTED]: IPC channel is already disconnected
    at ChildProcess.target.disconnect (internal/child_process.js:832:26)
    at QueryProcessWrapper.destroy (C:\Users\Tegan\Downloads\DH-master\DH-M\DH\.lib-dist\process-manager.js:178:16)
    at QueryProcessWrapper.release (C:\Users\Tegan\Downloads\DH-master\DH-M\DH\.lib-dist\process-manager.js:164:9)
    at QueryProcessManager.releaseCrashed (C:\Users\Tegan\Downloads\DH-master\DH-M\DH\.lib-dist\process-manager.js:421:16)
    at ChildProcess.<anonymous> (C:\Users\Tegan\Downloads\DH-master\DH-M\DH\.lib-dist\process-manager.js:468:48)
    at ChildProcess.emit (events.js:315:20)
    at ChildProcess.EventEmitter.emit (domain.js:483:12)
    at finish (internal/child_process.js:861:14)
    at processTicksAndRejections (internal/process/task_queues.js:79:11)

Error [ERR_IPC_DISCONNECTED]: IPC channel is already disconnected
    at ChildProcess.target.disconnect (internal/child_process.js:832:26)
    at QueryProcessWrapper.destroy (C:\Users\Tegan\Downloads\DH-master\DH-M\DH\.lib-dist\process-manager.js:178:16)
    at QueryProcessWrapper.release (C:\Users\Tegan\Downloads\DH-master\DH-M\DH\.lib-dist\process-manager.js:164:9)
    at QueryProcessManager.releaseCrashed (C:\Users\Tegan\Downloads\DH-master\DH-M\DH\.lib-dist\process-manager.js:421:16)
    at ChildProcess.<anonymous> (C:\Users\Tegan\Downloads\DH-master\DH-M\DH\.lib-dist\process-manager.js:468:48)
    at ChildProcess.emit (events.js:315:20)
    at ChildProcess.EventEmitter.emit (domain.js:483:12)
    at finish (internal/child_process.js:861:14)
    at processTicksAndRejections (internal/process/task_queues.js:79:11)

Error [ERR_IPC_DISCONNECTED]: IPC channel is already disconnected
    at ChildProcess.target.disconnect (internal/child_process.js:832:26)
    at QueryProcessWrapper.destroy (C:\Users\Tegan\Downloads\DH-master\DH-M\DH\.lib-dist\process-manager.js:178:16)
    at QueryProcessWrapper.release (C:\Users\Tegan\Downloads\DH-master\DH-M\DH\.lib-dist\process-manager.js:164:9)
    at QueryProcessManager.releaseCrashed (C:\Users\Tegan\Downloads\DH-master\DH-M\DH\.lib-dist\process-manager.js:421:16)
    at ChildProcess.<anonymous> (C:\Users\Tegan\Downloads\DH-master\DH-M\DH\.lib-dist\process-manager.js:468:48)
    at ChildProcess.emit (events.js:315:20)
    at ChildProcess.EventEmitter.emit (domain.js:483:12)
    at finish (internal/child_process.js:861:14)
    at processTicksAndRejections (internal/process/task_queues.js:79:11)

Error [ERR_IPC_DISCONNECTED]: IPC channel is already disconnected
    at ChildProcess.target.disconnect (internal/child_process.js:832:26)
    at QueryProcessWrapper.destroy (C:\Users\Tegan\Downloads\DH-master\DH-M\DH\.lib-dist\process-manager.js:178:16)
    at QueryProcessWrapper.release (C:\Users\Tegan\Downloads\DH-master\DH-M\DH\.lib-dist\process-manager.js:164:9)
    at QueryProcessManager.releaseCrashed (C:\Users\Tegan\Downloads\DH-master\DH-M\DH\.lib-dist\process-manager.js:421:16)
    at ChildProcess.<anonymous> (C:\Users\Tegan\Downloads\DH-master\DH-M\DH\.lib-dist\process-manager.js:468:48)
    at ChildProcess.emit (events.js:315:20)
    at ChildProcess.EventEmitter.emit (domain.js:483:12)
    at finish (internal/child_process.js:861:14)
    at processTicksAndRejections (internal/process/task_queues.js:79:11)

Error [ERR_IPC_DISCONNECTED]: IPC channel is already disconnected
    at ChildProcess.target.disconnect (internal/child_process.js:832:26)
    at QueryProcessWrapper.destroy (C:\Users\Tegan\Downloads\DH-master\DH-M\DH\.lib-dist\process-manager.js:178:16)
    at QueryProcessWrapper.release (C:\Users\Tegan\Downloads\DH-master\DH-M\DH\.lib-dist\process-manager.js:164:9)
    at QueryProcessManager.releaseCrashed (C:\Users\Tegan\Downloads\DH-master\DH-M\DH\.lib-dist\process-manager.js:421:16)
    at ChildProcess.<anonymous> (C:\Users\Tegan\Downloads\DH-master\DH-M\DH\.lib-dist\process-manager.js:468:48)
    at ChildProcess.emit (events.js:315:20)
    at ChildProcess.EventEmitter.emit (domain.js:483:12)
    at finish (internal/child_process.js:861:14)
    at processTicksAndRejections (internal/process/task_queues.js:79:11)

Error [ERR_IPC_DISCONNECTED]: IPC channel is already disconnected
    at ChildProcess.target.disconnect (internal/child_process.js:832:26)
    at StreamProcessWrapper.destroy (C:\Users\Tegan\Downloads\DH-master\DH-M\DH\.lib-dist\process-manager.js:288:16)
    at StreamProcessWrapper.release (C:\Users\Tegan\Downloads\DH-master\DH-M\DH\.lib-dist\process-manager.js:274:14)
    at StreamProcessManager.releaseCrashed (C:\Users\Tegan\Downloads\DH-master\DH-M\DH\.lib-dist\process-manager.js:421:16)
    at ChildProcess.<anonymous> (C:\Users\Tegan\Downloads\DH-master\DH-M\DH\.lib-dist\process-manager.js:468:48)
    at ChildProcess.emit (events.js:315:20)
    at ChildProcess.EventEmitter.emit (domain.js:483:12)
    at finish (internal/child_process.js:861:14)
    at processTicksAndRejections (internal/process/task_queues.js:79:11)

Error [ERR_IPC_DISCONNECTED]: IPC channel is already disconnected
    at ChildProcess.target.disconnect (internal/child_process.js:832:26)
    at QueryProcessWrapper.destroy (C:\Users\Tegan\Downloads\DH-master\DH-M\DH\.lib-dist\process-manager.js:178:16)
    at QueryProcessWrapper.release (C:\Users\Tegan\Downloads\DH-master\DH-M\DH\.lib-dist\process-manager.js:164:9)
    at QueryProcessManager.releaseCrashed (C:\Users\Tegan\Downloads\DH-master\DH-M\DH\.lib-dist\process-manager.js:421:16)
    at ChildProcess.<anonymous> (C:\Users\Tegan\Downloads\DH-master\DH-M\DH\.lib-dist\process-manager.js:468:48)
    at ChildProcess.emit (events.js:315:20)
    at ChildProcess.EventEmitter.emit (domain.js:483:12)
    at finish (internal/child_process.js:861:14)
    at processTicksAndRejections (internal/process/task_queues.js:79:11)

Error [ERR_IPC_DISCONNECTED]: IPC channel is already disconnected
    at ChildProcess.target.disconnect (internal/child_process.js:832:26)
    at QueryProcessWrapper.destroy (C:\Users\Tegan\Downloads\DH-master\DH-M\DH\.lib-dist\process-manager.js:178:16)
    at QueryProcessWrapper.release (C:\Users\Tegan\Downloads\DH-master\DH-M\DH\.lib-dist\process-manager.js:164:9)
    at QueryProcessManager.releaseCrashed (C:\Users\Tegan\Downloads\DH-master\DH-M\DH\.lib-dist\process-manager.js:421:16)
    at ChildProcess.<anonymous> (C:\Users\Tegan\Downloads\DH-master\DH-M\DH\.lib-dist\process-manager.js:468:48)
    at ChildProcess.emit (events.js:315:20)
    at ChildProcess.EventEmitter.emit (domain.js:483:12)
    at finish (internal/child_process.js:861:14)
    at processTicksAndRejections (internal/process/task_queues.js:79:11)

Error [ERR_IPC_DISCONNECTED]: IPC channel is already disconnected
    at ChildProcess.target.disconnect (internal/child_process.js:832:26)
    at QueryProcessWrapper.destroy (C:\Users\Tegan\Downloads\DH-master\DH-M\DH\.lib-dist\process-manager.js:178:16)
    at QueryProcessWrapper.release (C:\Users\Tegan\Downloads\DH-master\DH-M\DH\.lib-dist\process-manager.js:164:9)
    at QueryProcessManager.releaseCrashed (C:\Users\Tegan\Downloads\DH-master\DH-M\DH\.lib-dist\process-manager.js:421:16)
    at ChildProcess.<anonymous> (C:\Users\Tegan\Downloads\DH-master\DH-M\DH\.lib-dist\process-manager.js:468:48)
    at ChildProcess.emit (events.js:315:20)
    at ChildProcess.EventEmitter.emit (domain.js:483:12)
    at finish (internal/child_process.js:861:14)
    at processTicksAndRejections (internal/process/task_queues.js:79:11)

Error [ERR_IPC_DISCONNECTED]: IPC channel is already disconnected
    at ChildProcess.target.disconnect (internal/child_process.js:832:26)
    at QueryProcessWrapper.destroy (C:\Users\Tegan\Downloads\DH-master\DH-M\DH\.lib-dist\process-manager.js:178:16)
    at QueryProcessWrapper.release (C:\Users\Tegan\Downloads\DH-master\DH-M\DH\.lib-dist\process-manager.js:164:9)
    at QueryProcessManager.releaseCrashed (C:\Users\Tegan\Downloads\DH-master\DH-M\DH\.lib-dist\process-manager.js:421:16)
    at ChildProcess.<anonymous> (C:\Users\Tegan\Downloads\DH-master\DH-M\DH\.lib-dist\process-manager.js:468:48)
    at ChildProcess.emit (events.js:315:20)
    at ChildProcess.EventEmitter.emit (domain.js:483:12)
    at finish (internal/child_process.js:861:14)
    at processTicksAndRejections (internal/process/task_queues.js:79:11)

Error [ERR_IPC_DISCONNECTED]: IPC channel is already disconnected
    at ChildProcess.target.disconnect (internal/child_process.js:832:26)
    at StreamProcessWrapper.destroy (C:\Users\Tegan\Downloads\DH-master\DH-M\DH\.lib-dist\process-manager.js:288:16)
    at StreamProcessWrapper.release (C:\Users\Tegan\Downloads\DH-master\DH-M\DH\.lib-dist\process-manager.js:274:14)
    at StreamProcessManager.releaseCrashed (C:\Users\Tegan\Downloads\DH-master\DH-M\DH\.lib-dist\process-manager.js:421:16)
    at ChildProcess.<anonymous> (C:\Users\Tegan\Downloads\DH-master\DH-M\DH\.lib-dist\process-manager.js:468:48)
    at ChildProcess.emit (events.js:315:20)
    at ChildProcess.EventEmitter.emit (domain.js:483:12)
    at finish (internal/child_process.js:861:14)
    at processTicksAndRejections (internal/process/task_queues.js:79:11)

Error [ERR_IPC_DISCONNECTED]: IPC channel is already disconnected
    at ChildProcess.target.disconnect (internal/child_process.js:832:26)
    at QueryProcessWrapper.destroy (C:\Users\Tegan\Downloads\DH-master\DH-M\DH\.lib-dist\process-manager.js:178:16)
    at QueryProcessWrapper.release (C:\Users\Tegan\Downloads\DH-master\DH-M\DH\.lib-dist\process-manager.js:164:9)
    at QueryProcessManager.releaseCrashed (C:\Users\Tegan\Downloads\DH-master\DH-M\DH\.lib-dist\process-manager.js:421:16)
    at ChildProcess.<anonymous> (C:\Users\Tegan\Downloads\DH-master\DH-M\DH\.lib-dist\process-manager.js:468:48)
    at ChildProcess.emit (events.js:315:20)
    at ChildProcess.EventEmitter.emit (domain.js:483:12)
    at finish (internal/child_process.js:861:14)
    at processTicksAndRejections (internal/process/task_queues.js:79:11)

Error [ERR_IPC_DISCONNECTED]: IPC channel is already disconnected
    at ChildProcess.target.disconnect (internal/child_process.js:832:26)
    at QueryProcessWrapper.destroy (C:\Users\Tegan\Downloads\DH-master\DH-M\DH\.lib-dist\process-manager.js:178:16)
    at QueryProcessWrapper.release (C:\Users\Tegan\Downloads\DH-master\DH-M\DH\.lib-dist\process-manager.js:164:9)
    at QueryProcessManager.releaseCrashed (C:\Users\Tegan\Downloads\DH-master\DH-M\DH\.lib-dist\process-manager.js:421:16)
    at ChildProcess.<anonymous> (C:\Users\Tegan\Downloads\DH-master\DH-M\DH\.lib-dist\process-manager.js:468:48)
    at ChildProcess.emit (events.js:315:20)
    at ChildProcess.EventEmitter.emit (domain.js:483:12)
    at finish (internal/child_process.js:861:14)
    at processTicksAndRejections (internal/process/task_queues.js:79:11)

Error [ERR_IPC_DISCONNECTED]: IPC channel is already disconnected
    at ChildProcess.target.disconnect (internal/child_process.js:832:26)
    at QueryProcessWrapper.destroy (C:\Users\Tegan\Downloads\DH-master\DH-M\DH\.lib-dist\process-manager.js:178:16)
    at QueryProcessWrapper.release (C:\Users\Tegan\Downloads\DH-master\DH-M\DH\.lib-dist\process-manager.js:164:9)
    at QueryProcessManager.releaseCrashed (C:\Users\Tegan\Downloads\DH-master\DH-M\DH\.lib-dist\process-manager.js:421:16)
    at ChildProcess.<anonymous> (C:\Users\Tegan\Downloads\DH-master\DH-M\DH\.lib-dist\process-manager.js:468:48)
    at ChildProcess.emit (events.js:315:20)
    at ChildProcess.EventEmitter.emit (domain.js:483:12)
    at finish (internal/child_process.js:861:14)
    at processTicksAndRejections (internal/process/task_queues.js:79:11)

Error [ERR_IPC_DISCONNECTED]: IPC channel is already disconnected
    at ChildProcess.target.disconnect (internal/child_process.js:832:26)
    at QueryProcessWrapper.destroy (C:\Users\Tegan\Downloads\DH-master\DH-M\DH\.lib-dist\process-manager.js:178:16)
    at QueryProcessWrapper.release (C:\Users\Tegan\Downloads\DH-master\DH-M\DH\.lib-dist\process-manager.js:164:9)
    at QueryProcessManager.releaseCrashed (C:\Users\Tegan\Downloads\DH-master\DH-M\DH\.lib-dist\process-manager.js:421:16)
    at ChildProcess.<anonymous> (C:\Users\Tegan\Downloads\DH-master\DH-M\DH\.lib-dist\process-manager.js:468:48)
    at ChildProcess.emit (events.js:315:20)
    at ChildProcess.EventEmitter.emit (domain.js:483:12)
    at finish (internal/child_process.js:861:14)
    at processTicksAndRejections (internal/process/task_queues.js:79:11)

Error [ERR_IPC_DISCONNECTED]: IPC channel is already disconnected
    at ChildProcess.target.disconnect (internal/child_process.js:832:26)
    at StreamProcessWrapper.destroy (C:\Users\Tegan\Downloads\DH-master\DH-M\DH\.lib-dist\process-manager.js:288:16)
    at StreamProcessWrapper.release (C:\Users\Tegan\Downloads\DH-master\DH-M\DH\.lib-dist\process-manager.js:274:14)
    at StreamProcessManager.releaseCrashed (C:\Users\Tegan\Downloads\DH-master\DH-M\DH\.lib-dist\process-manager.js:421:16)
    at ChildProcess.<anonymous> (C:\Users\Tegan\Downloads\DH-master\DH-M\DH\.lib-dist\process-manager.js:468:48)
    at ChildProcess.emit (events.js:315:20)
    at ChildProcess.EventEmitter.emit (domain.js:483:12)
    at finish (internal/child_process.js:861:14)
    at processTicksAndRejections (internal/process/task_queues.js:79:11)

Error [ERR_IPC_DISCONNECTED]: IPC channel is already disconnected
    at ChildProcess.target.disconnect (internal/child_process.js:832:26)
    at QueryProcessWrapper.destroy (C:\Users\Tegan\Downloads\DH-master\DH-M\DH\.lib-dist\process-manager.js:178:16)
    at QueryProcessWrapper.release (C:\Users\Tegan\Downloads\DH-master\DH-M\DH\.lib-dist\process-manager.js:164:9)
    at QueryProcessManager.releaseCrashed (C:\Users\Tegan\Downloads\DH-master\DH-M\DH\.lib-dist\process-manager.js:421:16)
    at ChildProcess.<anonymous> (C:\Users\Tegan\Downloads\DH-master\DH-M\DH\.lib-dist\process-manager.js:468:48)
    at ChildProcess.emit (events.js:315:20)
    at ChildProcess.EventEmitter.emit (domain.js:483:12)
    at finish (internal/child_process.js:861:14)
    at processTicksAndRejections (internal/process/task_queues.js:79:11)

Error [ERR_IPC_DISCONNECTED]: IPC channel is already disconnected
    at ChildProcess.target.disconnect (internal/child_process.js:832:26)
    at QueryProcessWrapper.destroy (C:\Users\Tegan\Downloads\DH-master\DH-M\DH\.lib-dist\process-manager.js:178:16)
    at QueryProcessWrapper.release (C:\Users\Tegan\Downloads\DH-master\DH-M\DH\.lib-dist\process-manager.js:164:9)
    at QueryProcessManager.releaseCrashed (C:\Users\Tegan\Downloads\DH-master\DH-M\DH\.lib-dist\process-manager.js:421:16)
    at ChildProcess.<anonymous> (C:\Users\Tegan\Downloads\DH-master\DH-M\DH\.lib-dist\process-manager.js:468:48)
    at ChildProcess.emit (events.js:315:20)
    at ChildProcess.EventEmitter.emit (domain.js:483:12)
    at finish (internal/child_process.js:861:14)
    at processTicksAndRejections (internal/process/task_queues.js:79:11)

Error [ERR_IPC_DISCONNECTED]: IPC channel is already disconnected
    at ChildProcess.target.disconnect (internal/child_process.js:832:26)
    at QueryProcessWrapper.destroy (C:\Users\Tegan\Downloads\DH-master\DH-M\DH\.lib-dist\process-manager.js:178:16)
    at QueryProcessWrapper.release (C:\Users\Tegan\Downloads\DH-master\DH-M\DH\.lib-dist\process-manager.js:164:9)
    at QueryProcessManager.releaseCrashed (C:\Users\Tegan\Downloads\DH-master\DH-M\DH\.lib-dist\process-manager.js:421:16)
    at ChildProcess.<anonymous> (C:\Users\Tegan\Downloads\DH-master\DH-M\DH\.lib-dist\process-manager.js:468:48)
    at ChildProcess.emit (events.js:315:20)
    at ChildProcess.EventEmitter.emit (domain.js:483:12)
    at finish (internal/child_process.js:861:14)
    at processTicksAndRejections (internal/process/task_queues.js:79:11)

Error [ERR_IPC_DISCONNECTED]: IPC channel is already disconnected
    at ChildProcess.target.disconnect (internal/child_process.js:832:26)
    at QueryProcessWrapper.destroy (C:\Users\Tegan\Downloads\DH-master\DH-M\DH\.lib-dist\process-manager.js:178:16)
    at QueryProcessWrapper.release (C:\Users\Tegan\Downloads\DH-master\DH-M\DH\.lib-dist\process-manager.js:164:9)
    at QueryProcessManager.releaseCrashed (C:\Users\Tegan\Downloads\DH-master\DH-M\DH\.lib-dist\process-manager.js:421:16)
    at ChildProcess.<anonymous> (C:\Users\Tegan\Downloads\DH-master\DH-M\DH\.lib-dist\process-manager.js:468:48)
    at ChildProcess.emit (events.js:315:20)
    at ChildProcess.EventEmitter.emit (domain.js:483:12)
    at finish (internal/child_process.js:861:14)
    at processTicksAndRejections (internal/process/task_queues.js:79:11)

Error [ERR_IPC_DISCONNECTED]: IPC channel is already disconnected
    at ChildProcess.target.disconnect (internal/child_process.js:832:26)
    at StreamProcessWrapper.destroy (C:\Users\Tegan\Downloads\DH-master\DH-M\DH\.lib-dist\process-manager.js:288:16)
    at StreamProcessWrapper.release (C:\Users\Tegan\Downloads\DH-master\DH-M\DH\.lib-dist\process-manager.js:274:14)
    at StreamProcessManager.releaseCrashed (C:\Users\Tegan\Downloads\DH-master\DH-M\DH\.lib-dist\process-manager.js:421:16)
    at ChildProcess.<anonymous> (C:\Users\Tegan\Downloads\DH-master\DH-M\DH\.lib-dist\process-manager.js:468:48)
    at ChildProcess.emit (events.js:315:20)
    at ChildProcess.EventEmitter.emit (domain.js:483:12)
    at finish (internal/child_process.js:861:14)
    at processTicksAndRejections (internal/process/task_queues.js:79:11)

Error: Process sockets.js 13684 crashed and had to be restarted
    at RawProcessManager.releaseCrashed (C:\Users\Tegan\Downloads\DH-master\DH-M\DH\.lib-dist\process-manager.js:437:4)
    at Worker.<anonymous> (C:\Users\Tegan\Downloads\DH-master\DH-M\DH\.lib-dist\process-manager.js:468:48)
    at Worker.emit (events.js:315:20)
    at Worker.EventEmitter.emit (domain.js:483:12)
    at ChildProcess.<anonymous> (internal/cluster/master.js:212:12)
    at Object.onceWrapper (events.js:421:28)
    at ChildProcess.emit (events.js:315:20)
    at ChildProcess.EventEmitter.emit (domain.js:483:12)
    at finish (internal/child_process.js:861:14)
    at processTicksAndRejections (internal/process/task_queues.js:79:11)

Error [ERR_IPC_DISCONNECTED]: IPC channel is already disconnected
    at ChildProcess.target.disconnect (internal/child_process.js:832:26)
    at QueryProcessWrapper.destroy (C:\Users\Tegan\Downloads\DH-master\DH-M\DH\.lib-dist\process-manager.js:178:16)
    at QueryProcessWrapper.release (C:\Users\Tegan\Downloads\DH-master\DH-M\DH\.lib-dist\process-manager.js:164:9)
    at QueryProcessManager.releaseCrashed (C:\Users\Tegan\Downloads\DH-master\DH-M\DH\.lib-dist\process-manager.js:421:16)
    at ChildProcess.<anonymous> (C:\Users\Tegan\Downloads\DH-master\DH-M\DH\.lib-dist\process-manager.js:468:48)
    at ChildProcess.emit (events.js:315:20)
    at ChildProcess.EventEmitter.emit (domain.js:483:12)
    at finish (internal/child_process.js:861:14)
    at processTicksAndRejections (internal/process/task_queues.js:79:11)

Error [ERR_IPC_DISCONNECTED]: IPC channel is already disconnected
    at ChildProcess.target.disconnect (internal/child_process.js:832:26)
    at QueryProcessWrapper.destroy (C:\Users\Tegan\Downloads\DH-master\DH-M\DH\.lib-dist\process-manager.js:178:16)
    at QueryProcessWrapper.release (C:\Users\Tegan\Downloads\DH-master\DH-M\DH\.lib-dist\process-manager.js:164:9)
    at QueryProcessManager.releaseCrashed (C:\Users\Tegan\Downloads\DH-master\DH-M\DH\.lib-dist\process-manager.js:421:16)
    at ChildProcess.<anonymous> (C:\Users\Tegan\Downloads\DH-master\DH-M\DH\.lib-dist\process-manager.js:468:48)
    at ChildProcess.emit (events.js:315:20)
    at ChildProcess.EventEmitter.emit (domain.js:483:12)
    at finish (internal/child_process.js:861:14)
    at processTicksAndRejections (internal/process/task_queues.js:79:11)

Error [ERR_IPC_DISCONNECTED]: IPC channel is already disconnected
    at ChildProcess.target.disconnect (internal/child_process.js:832:26)
    at QueryProcessWrapper.destroy (C:\Users\Tegan\Downloads\DH-master\DH-M\DH\.lib-dist\process-manager.js:178:16)
    at QueryProcessWrapper.release (C:\Users\Tegan\Downloads\DH-master\DH-M\DH\.lib-dist\process-manager.js:164:9)
    at QueryProcessManager.releaseCrashed (C:\Users\Tegan\Downloads\DH-master\DH-M\DH\.lib-dist\process-manager.js:421:16)
    at ChildProcess.<anonymous> (C:\Users\Tegan\Downloads\DH-master\DH-M\DH\.lib-dist\process-manager.js:468:48)
    at ChildProcess.emit (events.js:315:20)
    at ChildProcess.EventEmitter.emit (domain.js:483:12)
    at finish (internal/child_process.js:861:14)
    at processTicksAndRejections (internal/process/task_queues.js:79:11)

Error [ERR_IPC_DISCONNECTED]: IPC channel is already disconnected
    at ChildProcess.target.disconnect (internal/child_process.js:832:26)
    at QueryProcessWrapper.destroy (C:\Users\Tegan\Downloads\DH-master\DH-M\DH\.lib-dist\process-manager.js:178:16)
    at QueryProcessWrapper.release (C:\Users\Tegan\Downloads\DH-master\DH-M\DH\.lib-dist\process-manager.js:164:9)
    at QueryProcessManager.releaseCrashed (C:\Users\Tegan\Downloads\DH-master\DH-M\DH\.lib-dist\process-manager.js:421:16)
    at ChildProcess.<anonymous> (C:\Users\Tegan\Downloads\DH-master\DH-M\DH\.lib-dist\process-manager.js:468:48)
    at ChildProcess.emit (events.js:315:20)
    at ChildProcess.EventEmitter.emit (domain.js:483:12)
    at finish (internal/child_process.js:861:14)
    at processTicksAndRejections (internal/process/task_queues.js:79:11)

Error [ERR_IPC_DISCONNECTED]: IPC channel is already disconnected
    at ChildProcess.target.disconnect (internal/child_process.js:832:26)
    at QueryProcessWrapper.destroy (C:\Users\Tegan\Downloads\DH-master\DH-M\DH\.lib-dist\process-manager.js:178:16)
    at QueryProcessWrapper.release (C:\Users\Tegan\Downloads\DH-master\DH-M\DH\.lib-dist\process-manager.js:164:9)
    at QueryProcessManager.releaseCrashed (C:\Users\Tegan\Downloads\DH-master\DH-M\DH\.lib-dist\process-manager.js:421:16)
    at ChildProcess.<anonymous> (C:\Users\Tegan\Downloads\DH-master\DH-M\DH\.lib-dist\process-manager.js:468:48)
    at ChildProcess.emit (events.js:315:20)
    at ChildProcess.EventEmitter.emit (domain.js:483:12)
    at finish (internal/child_process.js:861:14)
    at processTicksAndRejections (internal/process/task_queues.js:79:11)

Error [ERR_IPC_DISCONNECTED]: IPC channel is already disconnected
    at ChildProcess.target.disconnect (internal/child_process.js:832:26)
    at QueryProcessWrapper.destroy (C:\Users\Tegan\Downloads\DH-master\DH-M\DH\.lib-dist\process-manager.js:178:16)
    at QueryProcessWrapper.release (C:\Users\Tegan\Downloads\DH-master\DH-M\DH\.lib-dist\process-manager.js:164:9)
    at QueryProcessManager.releaseCrashed (C:\Users\Tegan\Downloads\DH-master\DH-M\DH\.lib-dist\process-manager.js:421:16)
    at ChildProcess.<anonymous> (C:\Users\Tegan\Downloads\DH-master\DH-M\DH\.lib-dist\process-manager.js:468:48)
    at ChildProcess.emit (events.js:315:20)
    at ChildProcess.EventEmitter.emit (domain.js:483:12)
    at finish (internal/child_process.js:861:14)
    at processTicksAndRejections (internal/process/task_queues.js:79:11)

Error [ERR_IPC_DISCONNECTED]: IPC channel is already disconnected
    at ChildProcess.target.disconnect (internal/child_process.js:832:26)
    at StreamProcessWrapper.destroy (C:\Users\Tegan\Downloads\DH-master\DH-M\DH\.lib-dist\process-manager.js:288:16)
    at StreamProcessWrapper.release (C:\Users\Tegan\Downloads\DH-master\DH-M\DH\.lib-dist\process-manager.js:274:14)
    at StreamProcessManager.releaseCrashed (C:\Users\Tegan\Downloads\DH-master\DH-M\DH\.lib-dist\process-manager.js:421:16)
    at ChildProcess.<anonymous> (C:\Users\Tegan\Downloads\DH-master\DH-M\DH\.lib-dist\process-manager.js:468:48)
    at ChildProcess.emit (events.js:315:20)
    at ChildProcess.EventEmitter.emit (domain.js:483:12)
    at finish (internal/child_process.js:861:14)
    at processTicksAndRejections (internal/process/task_queues.js:79:11)

Error [ERR_IPC_DISCONNECTED]: IPC channel is already disconnected
    at ChildProcess.target.disconnect (internal/child_process.js:832:26)
    at QueryProcessWrapper.destroy (C:\Users\Tegan\Downloads\DH-master\DH-M\DH\.lib-dist\process-manager.js:178:16)
    at QueryProcessWrapper.release (C:\Users\Tegan\Downloads\DH-master\DH-M\DH\.lib-dist\process-manager.js:164:9)
    at QueryProcessManager.releaseCrashed (C:\Users\Tegan\Downloads\DH-master\DH-M\DH\.lib-dist\process-manager.js:421:16)
    at ChildProcess.<anonymous> (C:\Users\Tegan\Downloads\DH-master\DH-M\DH\.lib-dist\process-manager.js:468:48)
    at ChildProcess.emit (events.js:315:20)
    at ChildProcess.EventEmitter.emit (domain.js:483:12)
    at finish (internal/child_process.js:861:14)
    at processTicksAndRejections (internal/process/task_queues.js:79:11)

Error [ERR_IPC_DISCONNECTED]: IPC channel is already disconnected
    at ChildProcess.target.disconnect (internal/child_process.js:832:26)
    at QueryProcessWrapper.destroy (C:\Users\Tegan\Downloads\DH-master\DH-M\DH\.lib-dist\process-manager.js:178:16)
    at QueryProcessWrapper.release (C:\Users\Tegan\Downloads\DH-master\DH-M\DH\.lib-dist\process-manager.js:164:9)
    at QueryProcessManager.releaseCrashed (C:\Users\Tegan\Downloads\DH-master\DH-M\DH\.lib-dist\process-manager.js:421:16)
    at ChildProcess.<anonymous> (C:\Users\Tegan\Downloads\DH-master\DH-M\DH\.lib-dist\process-manager.js:468:48)
    at ChildProcess.emit (events.js:315:20)
    at ChildProcess.EventEmitter.emit (domain.js:483:12)
    at finish (internal/child_process.js:861:14)
    at processTicksAndRejections (internal/process/task_queues.js:79:11)

Error [ERR_IPC_DISCONNECTED]: IPC channel is already disconnected
    at ChildProcess.target.disconnect (internal/child_process.js:832:26)
    at QueryProcessWrapper.destroy (C:\Users\Tegan\Downloads\DH-master\DH-M\DH\.lib-dist\process-manager.js:178:16)
    at QueryProcessWrapper.release (C:\Users\Tegan\Downloads\DH-master\DH-M\DH\.lib-dist\process-manager.js:164:9)
    at QueryProcessManager.releaseCrashed (C:\Users\Tegan\Downloads\DH-master\DH-M\DH\.lib-dist\process-manager.js:421:16)
    at ChildProcess.<anonymous> (C:\Users\Tegan\Downloads\DH-master\DH-M\DH\.lib-dist\process-manager.js:468:48)
    at ChildProcess.emit (events.js:315:20)
    at ChildProcess.EventEmitter.emit (domain.js:483:12)
    at finish (internal/child_process.js:861:14)
    at processTicksAndRejections (internal/process/task_queues.js:79:11)

Error [ERR_IPC_DISCONNECTED]: IPC channel is already disconnected
    at ChildProcess.target.disconnect (internal/child_process.js:832:26)
    at StreamProcessWrapper.destroy (C:\Users\Tegan\Downloads\DH-master\DH-M\DH\.lib-dist\process-manager.js:288:16)
    at StreamProcessWrapper.release (C:\Users\Tegan\Downloads\DH-master\DH-M\DH\.lib-dist\process-manager.js:274:14)
    at StreamProcessManager.releaseCrashed (C:\Users\Tegan\Downloads\DH-master\DH-M\DH\.lib-dist\process-manager.js:421:16)
    at ChildProcess.<anonymous> (C:\Users\Tegan\Downloads\DH-master\DH-M\DH\.lib-dist\process-manager.js:468:48)
    at ChildProcess.emit (events.js:315:20)
    at ChildProcess.EventEmitter.emit (domain.js:483:12)
    at finish (internal/child_process.js:861:14)
    at processTicksAndRejections (internal/process/task_queues.js:79:11)

Error [ERR_IPC_DISCONNECTED]: IPC channel is already disconnected
    at ChildProcess.target.disconnect (internal/child_process.js:832:26)
    at QueryProcessWrapper.destroy (C:\Users\Tegan\Downloads\DH-master\DH-M\DH\.lib-dist\process-manager.js:178:16)
    at QueryProcessWrapper.release (C:\Users\Tegan\Downloads\DH-master\DH-M\DH\.lib-dist\process-manager.js:164:9)
    at QueryProcessManager.releaseCrashed (C:\Users\Tegan\Downloads\DH-master\DH-M\DH\.lib-dist\process-manager.js:421:16)
    at ChildProcess.<anonymous> (C:\Users\Tegan\Downloads\DH-master\DH-M\DH\.lib-dist\process-manager.js:468:48)
    at ChildProcess.emit (events.js:315:20)
    at ChildProcess.EventEmitter.emit (domain.js:483:12)
    at finish (internal/child_process.js:861:14)
    at processTicksAndRejections (internal/process/task_queues.js:79:11)

Error [ERR_IPC_DISCONNECTED]: IPC channel is already disconnected
    at ChildProcess.target.disconnect (internal/child_process.js:832:26)
    at QueryProcessWrapper.destroy (C:\Users\Tegan\Downloads\DH-master\DH-M\DH\.lib-dist\process-manager.js:178:16)
    at QueryProcessWrapper.release (C:\Users\Tegan\Downloads\DH-master\DH-M\DH\.lib-dist\process-manager.js:164:9)
    at QueryProcessManager.releaseCrashed (C:\Users\Tegan\Downloads\DH-master\DH-M\DH\.lib-dist\process-manager.js:421:16)
    at ChildProcess.<anonymous> (C:\Users\Tegan\Downloads\DH-master\DH-M\DH\.lib-dist\process-manager.js:468:48)
    at ChildProcess.emit (events.js:315:20)
    at ChildProcess.EventEmitter.emit (domain.js:483:12)
    at finish (internal/child_process.js:861:14)
    at processTicksAndRejections (internal/process/task_queues.js:79:11)

Error [ERR_IPC_DISCONNECTED]: IPC channel is already disconnected
    at ChildProcess.target.disconnect (internal/child_process.js:832:26)
    at QueryProcessWrapper.destroy (C:\Users\Tegan\Downloads\DH-master\DH-M\DH\.lib-dist\process-manager.js:178:16)
    at QueryProcessWrapper.release (C:\Users\Tegan\Downloads\DH-master\DH-M\DH\.lib-dist\process-manager.js:164:9)
    at QueryProcessManager.releaseCrashed (C:\Users\Tegan\Downloads\DH-master\DH-M\DH\.lib-dist\process-manager.js:421:16)
    at ChildProcess.<anonymous> (C:\Users\Tegan\Downloads\DH-master\DH-M\DH\.lib-dist\process-manager.js:468:48)
    at ChildProcess.emit (events.js:315:20)
    at ChildProcess.EventEmitter.emit (domain.js:483:12)
    at finish (internal/child_process.js:861:14)
    at processTicksAndRejections (internal/process/task_queues.js:79:11)

Error [ERR_IPC_DISCONNECTED]: IPC channel is already disconnected
    at ChildProcess.target.disconnect (internal/child_process.js:832:26)
    at QueryProcessWrapper.destroy (C:\Users\Tegan\Downloads\DH-master\DH-M\DH\.lib-dist\process-manager.js:178:16)
    at QueryProcessWrapper.release (C:\Users\Tegan\Downloads\DH-master\DH-M\DH\.lib-dist\process-manager.js:164:9)
    at QueryProcessManager.releaseCrashed (C:\Users\Tegan\Downloads\DH-master\DH-M\DH\.lib-dist\process-manager.js:421:16)
    at ChildProcess.<anonymous> (C:\Users\Tegan\Downloads\DH-master\DH-M\DH\.lib-dist\process-manager.js:468:48)
    at ChildProcess.emit (events.js:315:20)
    at ChildProcess.EventEmitter.emit (domain.js:483:12)
    at finish (internal/child_process.js:861:14)
    at processTicksAndRejections (internal/process/task_queues.js:79:11)

Error [ERR_IPC_DISCONNECTED]: IPC channel is already disconnected
    at ChildProcess.target.disconnect (internal/child_process.js:832:26)
    at QueryProcessWrapper.destroy (C:\Users\Tegan\Downloads\DH-master\DH-M\DH\.lib-dist\process-manager.js:178:16)
    at QueryProcessWrapper.release (C:\Users\Tegan\Downloads\DH-master\DH-M\DH\.lib-dist\process-manager.js:164:9)
    at QueryProcessManager.releaseCrashed (C:\Users\Tegan\Downloads\DH-master\DH-M\DH\.lib-dist\process-manager.js:421:16)
    at ChildProcess.<anonymous> (C:\Users\Tegan\Downloads\DH-master\DH-M\DH\.lib-dist\process-manager.js:468:48)
    at ChildProcess.emit (events.js:315:20)
    at ChildProcess.EventEmitter.emit (domain.js:483:12)
    at finish (internal/child_process.js:861:14)
    at processTicksAndRejections (internal/process/task_queues.js:79:11)

Error [ERR_IPC_DISCONNECTED]: IPC channel is already disconnected
    at ChildProcess.target.disconnect (internal/child_process.js:832:26)
    at StreamProcessWrapper.destroy (C:\Users\Tegan\Downloads\DH-master\DH-M\DH\.lib-dist\process-manager.js:288:16)
    at StreamProcessWrapper.release (C:\Users\Tegan\Downloads\DH-master\DH-M\DH\.lib-dist\process-manager.js:274:14)
    at StreamProcessManager.releaseCrashed (C:\Users\Tegan\Downloads\DH-master\DH-M\DH\.lib-dist\process-manager.js:421:16)
    at ChildProcess.<anonymous> (C:\Users\Tegan\Downloads\DH-master\DH-M\DH\.lib-dist\process-manager.js:468:48)
    at ChildProcess.emit (events.js:315:20)
    at ChildProcess.EventEmitter.emit (domain.js:483:12)
    at finish (internal/child_process.js:861:14)
    at processTicksAndRejections (internal/process/task_queues.js:79:11)

Error [ERR_IPC_DISCONNECTED]: IPC channel is already disconnected
    at ChildProcess.target.disconnect (internal/child_process.js:832:26)
    at QueryProcessWrapper.destroy (C:\Users\Tegan\Downloads\DH-master\DH-M\DH\.lib-dist\process-manager.js:178:16)
    at QueryProcessWrapper.release (C:\Users\Tegan\Downloads\DH-master\DH-M\DH\.lib-dist\process-manager.js:164:9)
    at QueryProcessManager.releaseCrashed (C:\Users\Tegan\Downloads\DH-master\DH-M\DH\.lib-dist\process-manager.js:421:16)
    at ChildProcess.<anonymous> (C:\Users\Tegan\Downloads\DH-master\DH-M\DH\.lib-dist\process-manager.js:468:48)
    at ChildProcess.emit (events.js:315:20)
    at ChildProcess.EventEmitter.emit (domain.js:483:12)
    at finish (internal/child_process.js:861:14)
    at processTicksAndRejections (internal/process/task_queues.js:79:11)

Error [ERR_IPC_DISCONNECTED]: IPC channel is already disconnected
    at ChildProcess.target.disconnect (internal/child_process.js:832:26)
    at QueryProcessWrapper.destroy (C:\Users\Tegan\Downloads\DH-master\DH-M\DH\.lib-dist\process-manager.js:178:16)
    at QueryProcessWrapper.release (C:\Users\Tegan\Downloads\DH-master\DH-M\DH\.lib-dist\process-manager.js:164:9)
    at QueryProcessManager.releaseCrashed (C:\Users\Tegan\Downloads\DH-master\DH-M\DH\.lib-dist\process-manager.js:421:16)
    at ChildProcess.<anonymous> (C:\Users\Tegan\Downloads\DH-master\DH-M\DH\.lib-dist\process-manager.js:468:48)
    at ChildProcess.emit (events.js:315:20)
    at ChildProcess.EventEmitter.emit (domain.js:483:12)
    at finish (internal/child_process.js:861:14)
    at processTicksAndRejections (internal/process/task_queues.js:79:11)

Error [ERR_IPC_DISCONNECTED]: IPC channel is already disconnected
    at ChildProcess.target.disconnect (internal/child_process.js:832:26)
    at QueryProcessWrapper.destroy (C:\Users\Tegan\Downloads\DH-master\DH-M\DH\.lib-dist\process-manager.js:178:16)
    at QueryProcessWrapper.release (C:\Users\Tegan\Downloads\DH-master\DH-M\DH\.lib-dist\process-manager.js:164:9)
    at QueryProcessManager.releaseCrashed (C:\Users\Tegan\Downloads\DH-master\DH-M\DH\.lib-dist\process-manager.js:421:16)
    at ChildProcess.<anonymous> (C:\Users\Tegan\Downloads\DH-master\DH-M\DH\.lib-dist\process-manager.js:468:48)
    at ChildProcess.emit (events.js:315:20)
    at ChildProcess.EventEmitter.emit (domain.js:483:12)
    at finish (internal/child_process.js:861:14)
    at processTicksAndRejections (internal/process/task_queues.js:79:11)

Error [ERR_IPC_DISCONNECTED]: IPC channel is already disconnected
    at ChildProcess.target.disconnect (internal/child_process.js:832:26)
    at QueryProcessWrapper.destroy (C:\Users\Tegan\Downloads\DH-master\DH-M\DH\.lib-dist\process-manager.js:178:16)
    at QueryProcessWrapper.release (C:\Users\Tegan\Downloads\DH-master\DH-M\DH\.lib-dist\process-manager.js:164:9)
    at QueryProcessManager.releaseCrashed (C:\Users\Tegan\Downloads\DH-master\DH-M\DH\.lib-dist\process-manager.js:421:16)
    at ChildProcess.<anonymous> (C:\Users\Tegan\Downloads\DH-master\DH-M\DH\.lib-dist\process-manager.js:468:48)
    at ChildProcess.emit (events.js:315:20)
    at ChildProcess.EventEmitter.emit (domain.js:483:12)
    at finish (internal/child_process.js:861:14)
    at processTicksAndRejections (internal/process/task_queues.js:79:11)

Error [ERR_IPC_DISCONNECTED]: IPC channel is already disconnected
    at ChildProcess.target.disconnect (internal/child_process.js:832:26)
    at StreamProcessWrapper.destroy (C:\Users\Tegan\Downloads\DH-master\DH-M\DH\.lib-dist\process-manager.js:288:16)
    at StreamProcessWrapper.release (C:\Users\Tegan\Downloads\DH-master\DH-M\DH\.lib-dist\process-manager.js:274:14)
    at StreamProcessManager.releaseCrashed (C:\Users\Tegan\Downloads\DH-master\DH-M\DH\.lib-dist\process-manager.js:421:16)
    at ChildProcess.<anonymous> (C:\Users\Tegan\Downloads\DH-master\DH-M\DH\.lib-dist\process-manager.js:468:48)
    at ChildProcess.emit (events.js:315:20)
    at ChildProcess.EventEmitter.emit (domain.js:483:12)
    at finish (internal/child_process.js:861:14)
    at processTicksAndRejections (internal/process/task_queues.js:79:11)

Error: Process sockets.js 11128 crashed and had to be restarted
    at RawProcessManager.releaseCrashed (C:\Users\Tegan\Downloads\DH-master\DH-M\DH\.lib-dist\process-manager.js:437:4)
    at Worker.<anonymous> (C:\Users\Tegan\Downloads\DH-master\DH-M\DH\.lib-dist\process-manager.js:468:48)
    at Worker.emit (events.js:315:20)
    at Worker.EventEmitter.emit (domain.js:483:12)
    at ChildProcess.<anonymous> (internal/cluster/master.js:212:12)
    at Object.onceWrapper (events.js:421:28)
    at ChildProcess.emit (events.js:315:20)
    at ChildProcess.EventEmitter.emit (domain.js:483:12)
    at finish (internal/child_process.js:861:14)
    at processTicksAndRejections (internal/process/task_queues.js:79:11)

Error [ERR_IPC_DISCONNECTED]: IPC channel is already disconnected
    at ChildProcess.target.disconnect (internal/child_process.js:832:26)
    at QueryProcessWrapper.destroy (C:\Users\Tegan\Downloads\DH-master\DH-M\DH\.lib-dist\process-manager.js:178:16)
    at QueryProcessWrapper.release (C:\Users\Tegan\Downloads\DH-master\DH-M\DH\.lib-dist\process-manager.js:164:9)
    at QueryProcessManager.releaseCrashed (C:\Users\Tegan\Downloads\DH-master\DH-M\DH\.lib-dist\process-manager.js:421:16)
    at ChildProcess.<anonymous> (C:\Users\Tegan\Downloads\DH-master\DH-M\DH\.lib-dist\process-manager.js:468:48)
    at ChildProcess.emit (events.js:315:20)
    at ChildProcess.EventEmitter.emit (domain.js:483:12)
    at finish (internal/child_process.js:861:14)
    at processTicksAndRejections (internal/process/task_queues.js:79:11)

Error [ERR_IPC_DISCONNECTED]: IPC channel is already disconnected
    at ChildProcess.target.disconnect (internal/child_process.js:832:26)
    at QueryProcessWrapper.destroy (C:\Users\Tegan\Downloads\DH-master\DH-M\DH\.lib-dist\process-manager.js:178:16)
    at QueryProcessWrapper.release (C:\Users\Tegan\Downloads\DH-master\DH-M\DH\.lib-dist\process-manager.js:164:9)
    at QueryProcessManager.releaseCrashed (C:\Users\Tegan\Downloads\DH-master\DH-M\DH\.lib-dist\process-manager.js:421:16)
    at ChildProcess.<anonymous> (C:\Users\Tegan\Downloads\DH-master\DH-M\DH\.lib-dist\process-manager.js:468:48)
    at ChildProcess.emit (events.js:315:20)
    at ChildProcess.EventEmitter.emit (domain.js:483:12)
    at finish (internal/child_process.js:861:14)
    at processTicksAndRejections (internal/process/task_queues.js:79:11)

Error [ERR_IPC_DISCONNECTED]: IPC channel is already disconnected
    at ChildProcess.target.disconnect (internal/child_process.js:832:26)
    at QueryProcessWrapper.destroy (C:\Users\Tegan\Downloads\DH-master\DH-M\DH\.lib-dist\process-manager.js:178:16)
    at QueryProcessWrapper.release (C:\Users\Tegan\Downloads\DH-master\DH-M\DH\.lib-dist\process-manager.js:164:9)
    at QueryProcessManager.releaseCrashed (C:\Users\Tegan\Downloads\DH-master\DH-M\DH\.lib-dist\process-manager.js:421:16)
    at ChildProcess.<anonymous> (C:\Users\Tegan\Downloads\DH-master\DH-M\DH\.lib-dist\process-manager.js:468:48)
    at ChildProcess.emit (events.js:315:20)
    at ChildProcess.EventEmitter.emit (domain.js:483:12)
    at finish (internal/child_process.js:861:14)
    at processTicksAndRejections (internal/process/task_queues.js:79:11)

Error [ERR_IPC_DISCONNECTED]: IPC channel is already disconnected
    at ChildProcess.target.disconnect (internal/child_process.js:832:26)
    at QueryProcessWrapper.destroy (C:\Users\Tegan\Downloads\DH-master\DH-M\DH\.lib-dist\process-manager.js:178:16)
    at QueryProcessWrapper.release (C:\Users\Tegan\Downloads\DH-master\DH-M\DH\.lib-dist\process-manager.js:164:9)
    at QueryProcessManager.releaseCrashed (C:\Users\Tegan\Downloads\DH-master\DH-M\DH\.lib-dist\process-manager.js:421:16)
    at ChildProcess.<anonymous> (C:\Users\Tegan\Downloads\DH-master\DH-M\DH\.lib-dist\process-manager.js:468:48)
    at ChildProcess.emit (events.js:315:20)
    at ChildProcess.EventEmitter.emit (domain.js:483:12)
    at finish (internal/child_process.js:861:14)
    at processTicksAndRejections (internal/process/task_queues.js:79:11)

Error [ERR_IPC_DISCONNECTED]: IPC channel is already disconnected
    at ChildProcess.target.disconnect (internal/child_process.js:832:26)
    at QueryProcessWrapper.destroy (C:\Users\Tegan\Downloads\DH-master\DH-M\DH\.lib-dist\process-manager.js:178:16)
    at QueryProcessWrapper.release (C:\Users\Tegan\Downloads\DH-master\DH-M\DH\.lib-dist\process-manager.js:164:9)
    at QueryProcessManager.releaseCrashed (C:\Users\Tegan\Downloads\DH-master\DH-M\DH\.lib-dist\process-manager.js:421:16)
    at ChildProcess.<anonymous> (C:\Users\Tegan\Downloads\DH-master\DH-M\DH\.lib-dist\process-manager.js:468:48)
    at ChildProcess.emit (events.js:315:20)
    at ChildProcess.EventEmitter.emit (domain.js:483:12)
    at finish (internal/child_process.js:861:14)
    at processTicksAndRejections (internal/process/task_queues.js:79:11)

Error [ERR_IPC_DISCONNECTED]: IPC channel is already disconnected
    at ChildProcess.target.disconnect (internal/child_process.js:832:26)
    at StreamProcessWrapper.destroy (C:\Users\Tegan\Downloads\DH-master\DH-M\DH\.lib-dist\process-manager.js:288:16)
    at StreamProcessWrapper.release (C:\Users\Tegan\Downloads\DH-master\DH-M\DH\.lib-dist\process-manager.js:274:14)
    at StreamProcessManager.releaseCrashed (C:\Users\Tegan\Downloads\DH-master\DH-M\DH\.lib-dist\process-manager.js:421:16)
    at ChildProcess.<anonymous> (C:\Users\Tegan\Downloads\DH-master\DH-M\DH\.lib-dist\process-manager.js:468:48)
    at ChildProcess.emit (events.js:315:20)
    at ChildProcess.EventEmitter.emit (domain.js:483:12)
    at finish (internal/child_process.js:861:14)
    at processTicksAndRejections (internal/process/task_queues.js:79:11)

Error: Process sockets.js 13964 crashed and had to be restarted
    at RawProcessManager.releaseCrashed (C:\Users\Tegan\Downloads\DH-master\DH-M\DH\.lib-dist\process-manager.js:437:4)
    at Worker.<anonymous> (C:\Users\Tegan\Downloads\DH-master\DH-M\DH\.lib-dist\process-manager.js:468:48)
    at Worker.emit (events.js:315:20)
    at Worker.EventEmitter.emit (domain.js:483:12)
    at ChildProcess.<anonymous> (internal/cluster/master.js:212:12)
    at Object.onceWrapper (events.js:421:28)
    at ChildProcess.emit (events.js:315:20)
    at ChildProcess.EventEmitter.emit (domain.js:483:12)
    at finish (internal/child_process.js:861:14)
    at processTicksAndRejections (internal/process/task_queues.js:79:11)

Error [ERR_IPC_DISCONNECTED]: IPC channel is already disconnected
    at ChildProcess.target.disconnect (internal/child_process.js:832:26)
    at QueryProcessWrapper.destroy (C:\Users\Tegan\Downloads\DH-master\DH-M\DH\.lib-dist\process-manager.js:178:16)
    at QueryProcessWrapper.release (C:\Users\Tegan\Downloads\DH-master\DH-M\DH\.lib-dist\process-manager.js:164:9)
    at QueryProcessManager.releaseCrashed (C:\Users\Tegan\Downloads\DH-master\DH-M\DH\.lib-dist\process-manager.js:421:16)
    at ChildProcess.<anonymous> (C:\Users\Tegan\Downloads\DH-master\DH-M\DH\.lib-dist\process-manager.js:468:48)
    at ChildProcess.emit (events.js:315:20)
    at ChildProcess.EventEmitter.emit (domain.js:483:12)
    at finish (internal/child_process.js:861:14)
    at processTicksAndRejections (internal/process/task_queues.js:79:11)

Error [ERR_IPC_DISCONNECTED]: IPC channel is already disconnected
    at ChildProcess.target.disconnect (internal/child_process.js:832:26)
    at QueryProcessWrapper.destroy (C:\Users\Tegan\Downloads\DH-master\DH-M\DH\.lib-dist\process-manager.js:178:16)
    at QueryProcessWrapper.release (C:\Users\Tegan\Downloads\DH-master\DH-M\DH\.lib-dist\process-manager.js:164:9)
    at QueryProcessManager.releaseCrashed (C:\Users\Tegan\Downloads\DH-master\DH-M\DH\.lib-dist\process-manager.js:421:16)
    at ChildProcess.<anonymous> (C:\Users\Tegan\Downloads\DH-master\DH-M\DH\.lib-dist\process-manager.js:468:48)
    at ChildProcess.emit (events.js:315:20)
    at ChildProcess.EventEmitter.emit (domain.js:483:12)
    at finish (internal/child_process.js:861:14)
    at processTicksAndRejections (internal/process/task_queues.js:79:11)

Error [ERR_IPC_DISCONNECTED]: IPC channel is already disconnected
    at ChildProcess.target.disconnect (internal/child_process.js:858:26)
    at QueryProcessWrapper.destroy (C:\Users\pccom\Documents\local_test_server\DH\.lib-dist\process-manager.js:178:16)
    at QueryProcessWrapper.release (C:\Users\pccom\Documents\local_test_server\DH\.lib-dist\process-manager.js:164:9)
    at QueryProcessManager.releaseCrashed (C:\Users\pccom\Documents\local_test_server\DH\.lib-dist\process-manager.js:423:16)
    at ChildProcess.<anonymous> (C:\Users\pccom\Documents\local_test_server\DH\.lib-dist\process-manager.js:470:48)
    at ChildProcess.emit (events.js:315:20)
    at ChildProcess.EventEmitter.emit (domain.js:467:12)
    at finish (internal/child_process.js:888:14)
    at processTicksAndRejections (internal/process/task_queues.js:75:11)

Error [ERR_IPC_DISCONNECTED]: IPC channel is already disconnected
    at ChildProcess.target.disconnect (internal/child_process.js:858:26)
    at QueryProcessWrapper.destroy (C:\Users\pccom\Documents\local_test_server\DH\.lib-dist\process-manager.js:178:16)
    at QueryProcessWrapper.release (C:\Users\pccom\Documents\local_test_server\DH\.lib-dist\process-manager.js:164:9)
    at QueryProcessManager.releaseCrashed (C:\Users\pccom\Documents\local_test_server\DH\.lib-dist\process-manager.js:423:16)
    at ChildProcess.<anonymous> (C:\Users\pccom\Documents\local_test_server\DH\.lib-dist\process-manager.js:470:48)
    at ChildProcess.emit (events.js:315:20)
    at ChildProcess.EventEmitter.emit (domain.js:467:12)
    at finish (internal/child_process.js:888:14)
    at processTicksAndRejections (internal/process/task_queues.js:75:11)

Error [ERR_IPC_DISCONNECTED]: IPC channel is already disconnected
    at ChildProcess.target.disconnect (internal/child_process.js:858:26)
    at QueryProcessWrapper.destroy (C:\Users\pccom\Documents\local_test_server\DH\.lib-dist\process-manager.js:178:16)
    at QueryProcessWrapper.release (C:\Users\pccom\Documents\local_test_server\DH\.lib-dist\process-manager.js:164:9)
    at QueryProcessManager.releaseCrashed (C:\Users\pccom\Documents\local_test_server\DH\.lib-dist\process-manager.js:423:16)
    at ChildProcess.<anonymous> (C:\Users\pccom\Documents\local_test_server\DH\.lib-dist\process-manager.js:470:48)
    at ChildProcess.emit (events.js:315:20)
    at ChildProcess.EventEmitter.emit (domain.js:467:12)
    at finish (internal/child_process.js:888:14)
    at processTicksAndRejections (internal/process/task_queues.js:75:11)

Error [ERR_IPC_DISCONNECTED]: IPC channel is already disconnected
    at ChildProcess.target.disconnect (internal/child_process.js:858:26)
    at QueryProcessWrapper.destroy (C:\Users\pccom\Documents\local_test_server\DH\.lib-dist\process-manager.js:178:16)
    at QueryProcessWrapper.release (C:\Users\pccom\Documents\local_test_server\DH\.lib-dist\process-manager.js:164:9)
    at QueryProcessManager.releaseCrashed (C:\Users\pccom\Documents\local_test_server\DH\.lib-dist\process-manager.js:423:16)
    at ChildProcess.<anonymous> (C:\Users\pccom\Documents\local_test_server\DH\.lib-dist\process-manager.js:470:48)
    at ChildProcess.emit (events.js:315:20)
    at ChildProcess.EventEmitter.emit (domain.js:467:12)
    at finish (internal/child_process.js:888:14)
    at processTicksAndRejections (internal/process/task_queues.js:75:11)

Error: Process sockets.js 5320 crashed and had to be restarted
    at RawProcessManager.releaseCrashed (C:\Users\pccom\Documents\local_test_server\DH\.lib-dist\process-manager.js:439:4)
    at Worker.<anonymous> (C:\Users\pccom\Documents\local_test_server\DH\.lib-dist\process-manager.js:470:48)
    at Worker.emit (events.js:315:20)
    at Worker.EventEmitter.emit (domain.js:467:12)
    at ChildProcess.<anonymous> (internal/cluster/master.js:220:12)
    at Object.onceWrapper (events.js:421:28)
    at ChildProcess.emit (events.js:315:20)
    at ChildProcess.EventEmitter.emit (domain.js:467:12)
    at finish (internal/child_process.js:888:14)
    at processTicksAndRejections (internal/process/task_queues.js:75:11)

Error [ERR_IPC_DISCONNECTED]: IPC channel is already disconnected
    at ChildProcess.target.disconnect (internal/child_process.js:858:26)
    at QueryProcessWrapper.destroy (C:\Users\pccom\Documents\local_test_server\DH\.lib-dist\process-manager.js:178:16)
    at QueryProcessWrapper.release (C:\Users\pccom\Documents\local_test_server\DH\.lib-dist\process-manager.js:164:9)
    at QueryProcessManager.releaseCrashed (C:\Users\pccom\Documents\local_test_server\DH\.lib-dist\process-manager.js:423:16)
    at ChildProcess.<anonymous> (C:\Users\pccom\Documents\local_test_server\DH\.lib-dist\process-manager.js:470:48)
    at ChildProcess.emit (events.js:315:20)
    at ChildProcess.EventEmitter.emit (domain.js:467:12)
    at finish (internal/child_process.js:888:14)
    at processTicksAndRejections (internal/process/task_queues.js:75:11)

Error: bind EADDRINUSE 0.0.0.0:8000
    at listenOnMasterHandle (net.js:1385:18)
    at shared (internal/cluster/child.js:132:3)
    at Worker.<anonymous> (internal/cluster/child.js:103:7)
    at process.onInternalMessage (internal/cluster/utils.js:48:5)
    at process.emit (events.js:327:22)
    at process.EventEmitter.emit (domain.js:467:12)
    at emit (internal/child_process.js:903:12)
    at processTicksAndRejections (internal/process/task_queues.js:81:21)

Error [ERR_IPC_DISCONNECTED]: IPC channel is already disconnected
    at ChildProcess.target.disconnect (internal/child_process.js:858:26)
    at QueryProcessWrapper.destroy (C:\Users\pccom\Documents\local_test_server\DH\.lib-dist\process-manager.js:178:16)
    at QueryProcessWrapper.release (C:\Users\pccom\Documents\local_test_server\DH\.lib-dist\process-manager.js:164:9)
    at QueryProcessManager.releaseCrashed (C:\Users\pccom\Documents\local_test_server\DH\.lib-dist\process-manager.js:423:16)
    at ChildProcess.<anonymous> (C:\Users\pccom\Documents\local_test_server\DH\.lib-dist\process-manager.js:470:48)
    at ChildProcess.emit (events.js:315:20)
    at ChildProcess.EventEmitter.emit (domain.js:467:12)
    at finish (internal/child_process.js:888:14)
    at processTicksAndRejections (internal/process/task_queues.js:75:11)

TypeError: Cannot read property 'then' of null
    at RawProcessManager.releaseCrashed (C:\Users\pccom\Documents\local_test_server\DH\.lib-dist\process-manager.js:423:25)
    at Worker.<anonymous> (C:\Users\pccom\Documents\local_test_server\DH\.lib-dist\process-manager.js:470:48)
    at Worker.emit (events.js:315:20)
    at Worker.EventEmitter.emit (domain.js:467:12)
    at ChildProcess.<anonymous> (internal/cluster/master.js:220:12)
    at Object.onceWrapper (events.js:421:28)
    at ChildProcess.emit (events.js:315:20)
    at ChildProcess.EventEmitter.emit (domain.js:467:12)
    at finish (internal/child_process.js:888:14)
    at processTicksAndRejections (internal/process/task_queues.js:75:11)

Error [ERR_IPC_DISCONNECTED]: IPC channel is already disconnected
    at ChildProcess.target.disconnect (internal/child_process.js:858:26)
    at QueryProcessWrapper.destroy (C:\Users\pccom\Documents\local_test_server\DH\.lib-dist\process-manager.js:178:16)
    at QueryProcessWrapper.release (C:\Users\pccom\Documents\local_test_server\DH\.lib-dist\process-manager.js:164:9)
    at QueryProcessManager.releaseCrashed (C:\Users\pccom\Documents\local_test_server\DH\.lib-dist\process-manager.js:423:16)
    at ChildProcess.<anonymous> (C:\Users\pccom\Documents\local_test_server\DH\.lib-dist\process-manager.js:470:48)
    at ChildProcess.emit (events.js:315:20)
    at ChildProcess.EventEmitter.emit (domain.js:467:12)
    at finish (internal/child_process.js:888:14)
    at processTicksAndRejections (internal/process/task_queues.js:75:11)

Error [ERR_IPC_DISCONNECTED]: IPC channel is already disconnected
    at ChildProcess.target.disconnect (internal/child_process.js:858:26)
    at QueryProcessWrapper.destroy (C:\Users\pccom\Documents\local_test_server\DH\.lib-dist\process-manager.js:178:16)
    at QueryProcessWrapper.release (C:\Users\pccom\Documents\local_test_server\DH\.lib-dist\process-manager.js:164:9)
    at QueryProcessManager.releaseCrashed (C:\Users\pccom\Documents\local_test_server\DH\.lib-dist\process-manager.js:423:16)
    at ChildProcess.<anonymous> (C:\Users\pccom\Documents\local_test_server\DH\.lib-dist\process-manager.js:470:48)
    at ChildProcess.emit (events.js:315:20)
    at ChildProcess.EventEmitter.emit (domain.js:467:12)
    at finish (internal/child_process.js:888:14)
    at processTicksAndRejections (internal/process/task_queues.js:75:11)

TypeError: Cannot read property 'then' of null
    at RawProcessManager.releaseCrashed (C:\Users\pccom\Documents\local_test_server\DH\.lib-dist\process-manager.js:423:25)
    at Worker.<anonymous> (C:\Users\pccom\Documents\local_test_server\DH\.lib-dist\process-manager.js:470:48)
    at Worker.emit (events.js:315:20)
    at Worker.EventEmitter.emit (domain.js:467:12)
    at ChildProcess.<anonymous> (internal/cluster/master.js:220:12)
    at Object.onceWrapper (events.js:421:28)
    at ChildProcess.emit (events.js:315:20)
    at ChildProcess.EventEmitter.emit (domain.js:467:12)
    at finish (internal/child_process.js:888:14)
    at processTicksAndRejections (internal/process/task_queues.js:75:11)

Error [ERR_IPC_DISCONNECTED]: IPC channel is already disconnected
    at ChildProcess.target.disconnect (internal/child_process.js:858:26)
    at QueryProcessWrapper.destroy (C:\Users\pccom\Documents\local_test_server\DH\.lib-dist\process-manager.js:178:16)
    at QueryProcessWrapper.release (C:\Users\pccom\Documents\local_test_server\DH\.lib-dist\process-manager.js:164:9)
    at QueryProcessManager.releaseCrashed (C:\Users\pccom\Documents\local_test_server\DH\.lib-dist\process-manager.js:423:16)
    at ChildProcess.<anonymous> (C:\Users\pccom\Documents\local_test_server\DH\.lib-dist\process-manager.js:470:48)
    at ChildProcess.emit (events.js:315:20)
    at ChildProcess.EventEmitter.emit (domain.js:467:12)
    at finish (internal/child_process.js:888:14)
    at processTicksAndRejections (internal/process/task_queues.js:75:11)

Error [ERR_IPC_DISCONNECTED]: IPC channel is already disconnected
    at ChildProcess.target.disconnect (internal/child_process.js:858:26)
    at StreamProcessWrapper.destroy (C:\Users\pccom\Documents\local_test_server\DH\.lib-dist\process-manager.js:290:16)
    at StreamProcessWrapper.release (C:\Users\pccom\Documents\local_test_server\DH\.lib-dist\process-manager.js:274:14)
    at StreamProcessManager.releaseCrashed (C:\Users\pccom\Documents\local_test_server\DH\.lib-dist\process-manager.js:423:16)
    at ChildProcess.<anonymous> (C:\Users\pccom\Documents\local_test_server\DH\.lib-dist\process-manager.js:470:48)
    at ChildProcess.emit (events.js:315:20)
    at ChildProcess.EventEmitter.emit (domain.js:467:12)
    at finish (internal/child_process.js:888:14)
    at processTicksAndRejections (internal/process/task_queues.js:75:11)

Error [ERR_IPC_DISCONNECTED]: IPC channel is already disconnected
    at ChildProcess.target.disconnect (internal/child_process.js:858:26)
    at StreamProcessWrapper.destroy (C:\Users\pccom\Documents\local_test_server\DH\.lib-dist\process-manager.js:290:16)
    at StreamProcessWrapper.release (C:\Users\pccom\Documents\local_test_server\DH\.lib-dist\process-manager.js:274:14)
    at StreamProcessManager.releaseCrashed (C:\Users\pccom\Documents\local_test_server\DH\.lib-dist\process-manager.js:423:16)
    at ChildProcess.<anonymous> (C:\Users\pccom\Documents\local_test_server\DH\.lib-dist\process-manager.js:470:48)
    at ChildProcess.emit (events.js:315:20)
    at ChildProcess.EventEmitter.emit (domain.js:467:12)
    at finish (internal/child_process.js:888:14)
    at processTicksAndRejections (internal/process/task_queues.js:75:11)

Error [ERR_IPC_DISCONNECTED]: IPC channel is already disconnected
    at ChildProcess.target.disconnect (internal/child_process.js:858:26)
    at QueryProcessWrapper.destroy (C:\Users\pccom\Documents\local_test_server\DH\.lib-dist\process-manager.js:178:16)
    at QueryProcessWrapper.release (C:\Users\pccom\Documents\local_test_server\DH\.lib-dist\process-manager.js:164:9)
    at QueryProcessManager.releaseCrashed (C:\Users\pccom\Documents\local_test_server\DH\.lib-dist\process-manager.js:423:16)
    at ChildProcess.<anonymous> (C:\Users\pccom\Documents\local_test_server\DH\.lib-dist\process-manager.js:470:48)
    at ChildProcess.emit (events.js:315:20)
    at ChildProcess.EventEmitter.emit (domain.js:467:12)
    at finish (internal/child_process.js:888:14)
    at processTicksAndRejections (internal/process/task_queues.js:75:11)

Error [ERR_IPC_DISCONNECTED]: IPC channel is already disconnected
    at ChildProcess.target.disconnect (internal/child_process.js:858:26)
    at QueryProcessWrapper.destroy (C:\Users\pccom\Documents\local_test_server\DH\.lib-dist\process-manager.js:178:16)
    at QueryProcessWrapper.release (C:\Users\pccom\Documents\local_test_server\DH\.lib-dist\process-manager.js:164:9)
    at QueryProcessManager.releaseCrashed (C:\Users\pccom\Documents\local_test_server\DH\.lib-dist\process-manager.js:423:16)
    at ChildProcess.<anonymous> (C:\Users\pccom\Documents\local_test_server\DH\.lib-dist\process-manager.js:470:48)
    at ChildProcess.emit (events.js:315:20)
    at ChildProcess.EventEmitter.emit (domain.js:467:12)
    at finish (internal/child_process.js:888:14)
    at processTicksAndRejections (internal/process/task_queues.js:75:11)

Error [ERR_IPC_DISCONNECTED]: IPC channel is already disconnected
    at ChildProcess.target.disconnect (internal/child_process.js:858:26)
    at QueryProcessWrapper.destroy (C:\Users\pccom\Documents\local_test_server\DH\.lib-dist\process-manager.js:178:16)
    at QueryProcessWrapper.release (C:\Users\pccom\Documents\local_test_server\DH\.lib-dist\process-manager.js:164:9)
    at QueryProcessManager.releaseCrashed (C:\Users\pccom\Documents\local_test_server\DH\.lib-dist\process-manager.js:423:16)
    at ChildProcess.<anonymous> (C:\Users\pccom\Documents\local_test_server\DH\.lib-dist\process-manager.js:470:48)
    at ChildProcess.emit (events.js:315:20)
    at ChildProcess.EventEmitter.emit (domain.js:467:12)
    at finish (internal/child_process.js:888:14)
    at processTicksAndRejections (internal/process/task_queues.js:75:11)

Error [ERR_IPC_DISCONNECTED]: IPC channel is already disconnected
    at ChildProcess.target.disconnect (internal/child_process.js:858:26)
    at QueryProcessWrapper.destroy (C:\Users\pccom\Documents\local_test_server\DH\.lib-dist\process-manager.js:178:16)
    at QueryProcessWrapper.release (C:\Users\pccom\Documents\local_test_server\DH\.lib-dist\process-manager.js:164:9)
    at QueryProcessManager.releaseCrashed (C:\Users\pccom\Documents\local_test_server\DH\.lib-dist\process-manager.js:423:16)
    at ChildProcess.<anonymous> (C:\Users\pccom\Documents\local_test_server\DH\.lib-dist\process-manager.js:470:48)
    at ChildProcess.emit (events.js:315:20)
    at ChildProcess.EventEmitter.emit (domain.js:467:12)
    at finish (internal/child_process.js:888:14)
    at processTicksAndRejections (internal/process/task_queues.js:75:11)

Error: Process sockets.js 1116 crashed and had to be restarted
    at RawProcessManager.releaseCrashed (C:\Users\pccom\Documents\local_test_server\DH\.lib-dist\process-manager.js:439:4)
    at Worker.<anonymous> (C:\Users\pccom\Documents\local_test_server\DH\.lib-dist\process-manager.js:470:48)
    at Worker.emit (events.js:315:20)
    at Worker.EventEmitter.emit (domain.js:467:12)
    at ChildProcess.<anonymous> (internal/cluster/master.js:220:12)
    at Object.onceWrapper (events.js:421:28)
    at ChildProcess.emit (events.js:315:20)
    at ChildProcess.EventEmitter.emit (domain.js:467:12)
    at finish (internal/child_process.js:888:14)
    at processTicksAndRejections (internal/process/task_queues.js:75:11)

Error [ERR_IPC_DISCONNECTED]: IPC channel is already disconnected
    at ChildProcess.target.disconnect (internal/child_process.js:858:26)
    at QueryProcessWrapper.destroy (C:\Users\pccom\Documents\local_test_server\DH\.lib-dist\process-manager.js:178:16)
    at QueryProcessWrapper.release (C:\Users\pccom\Documents\local_test_server\DH\.lib-dist\process-manager.js:164:9)
    at QueryProcessManager.releaseCrashed (C:\Users\pccom\Documents\local_test_server\DH\.lib-dist\process-manager.js:423:16)
    at ChildProcess.<anonymous> (C:\Users\pccom\Documents\local_test_server\DH\.lib-dist\process-manager.js:470:48)
    at ChildProcess.emit (events.js:315:20)
    at ChildProcess.EventEmitter.emit (domain.js:467:12)
    at finish (internal/child_process.js:888:14)
    at processTicksAndRejections (internal/process/task_queues.js:75:11)

Error [ERR_IPC_DISCONNECTED]: IPC channel is already disconnected
    at ChildProcess.target.disconnect (internal/child_process.js:858:26)
    at QueryProcessWrapper.destroy (C:\Users\pccom\Documents\local_test_server\DH\.lib-dist\process-manager.js:178:16)
    at QueryProcessWrapper.release (C:\Users\pccom\Documents\local_test_server\DH\.lib-dist\process-manager.js:164:9)
    at QueryProcessManager.releaseCrashed (C:\Users\pccom\Documents\local_test_server\DH\.lib-dist\process-manager.js:423:16)
    at ChildProcess.<anonymous> (C:\Users\pccom\Documents\local_test_server\DH\.lib-dist\process-manager.js:470:48)
    at ChildProcess.emit (events.js:315:20)
    at ChildProcess.EventEmitter.emit (domain.js:467:12)
    at finish (internal/child_process.js:888:14)
    at processTicksAndRejections (internal/process/task_queues.js:75:11)

Error [ERR_IPC_DISCONNECTED]: IPC channel is already disconnected
    at ChildProcess.target.disconnect (internal/child_process.js:858:26)
    at QueryProcessWrapper.destroy (C:\Users\pccom\Documents\local_test_server\DH\.lib-dist\process-manager.js:178:16)
    at QueryProcessWrapper.release (C:\Users\pccom\Documents\local_test_server\DH\.lib-dist\process-manager.js:164:9)
    at QueryProcessManager.releaseCrashed (C:\Users\pccom\Documents\local_test_server\DH\.lib-dist\process-manager.js:423:16)
    at ChildProcess.<anonymous> (C:\Users\pccom\Documents\local_test_server\DH\.lib-dist\process-manager.js:470:48)
    at ChildProcess.emit (events.js:315:20)
    at ChildProcess.EventEmitter.emit (domain.js:467:12)
    at finish (internal/child_process.js:888:14)
    at processTicksAndRejections (internal/process/task_queues.js:75:11)

Error [ERR_IPC_DISCONNECTED]: IPC channel is already disconnected
    at ChildProcess.target.disconnect (internal/child_process.js:858:26)
    at QueryProcessWrapper.destroy (C:\Users\pccom\Documents\local_test_server\DH\.lib-dist\process-manager.js:178:16)
    at QueryProcessWrapper.release (C:\Users\pccom\Documents\local_test_server\DH\.lib-dist\process-manager.js:164:9)
    at QueryProcessManager.releaseCrashed (C:\Users\pccom\Documents\local_test_server\DH\.lib-dist\process-manager.js:423:16)
    at ChildProcess.<anonymous> (C:\Users\pccom\Documents\local_test_server\DH\.lib-dist\process-manager.js:470:48)
    at ChildProcess.emit (events.js:315:20)
    at ChildProcess.EventEmitter.emit (domain.js:467:12)
    at finish (internal/child_process.js:888:14)
    at processTicksAndRejections (internal/process/task_queues.js:75:11)

Error [ERR_IPC_DISCONNECTED]: IPC channel is already disconnected
    at ChildProcess.target.disconnect (internal/child_process.js:858:26)
    at QueryProcessWrapper.destroy (C:\Users\pccom\Documents\local_test_server\DH\.lib-dist\process-manager.js:178:16)
    at QueryProcessWrapper.release (C:\Users\pccom\Documents\local_test_server\DH\.lib-dist\process-manager.js:164:9)
    at QueryProcessManager.releaseCrashed (C:\Users\pccom\Documents\local_test_server\DH\.lib-dist\process-manager.js:423:16)
    at ChildProcess.<anonymous> (C:\Users\pccom\Documents\local_test_server\DH\.lib-dist\process-manager.js:470:48)
    at ChildProcess.emit (events.js:315:20)
    at ChildProcess.EventEmitter.emit (domain.js:467:12)
    at finish (internal/child_process.js:888:14)
    at processTicksAndRejections (internal/process/task_queues.js:75:11)

Error: Process sockets.js 33816 crashed and had to be restarted
    at RawProcessManager.releaseCrashed (C:\Users\pccom\Documents\local_test_server\DH\.lib-dist\process-manager.js:439:4)
    at Worker.<anonymous> (C:\Users\pccom\Documents\local_test_server\DH\.lib-dist\process-manager.js:470:48)
    at Worker.emit (events.js:315:20)
    at Worker.EventEmitter.emit (domain.js:467:12)
    at ChildProcess.<anonymous> (internal/cluster/master.js:220:12)
    at Object.onceWrapper (events.js:421:28)
    at ChildProcess.emit (events.js:315:20)
    at ChildProcess.EventEmitter.emit (domain.js:467:12)
    at finish (internal/child_process.js:888:14)
    at processTicksAndRejections (internal/process/task_queues.js:75:11)

Error [ERR_IPC_DISCONNECTED]: IPC channel is already disconnected
    at ChildProcess.target.disconnect (internal/child_process.js:858:26)
    at QueryProcessWrapper.destroy (C:\Users\pccom\Documents\local_test_server\DH\.lib-dist\process-manager.js:178:16)
    at QueryProcessWrapper.release (C:\Users\pccom\Documents\local_test_server\DH\.lib-dist\process-manager.js:164:9)
    at QueryProcessManager.releaseCrashed (C:\Users\pccom\Documents\local_test_server\DH\.lib-dist\process-manager.js:423:16)
    at ChildProcess.<anonymous> (C:\Users\pccom\Documents\local_test_server\DH\.lib-dist\process-manager.js:470:48)
    at ChildProcess.emit (events.js:315:20)
    at ChildProcess.EventEmitter.emit (domain.js:467:12)
    at finish (internal/child_process.js:888:14)
    at processTicksAndRejections (internal/process/task_queues.js:75:11)

Error [ERR_IPC_DISCONNECTED]: IPC channel is already disconnected
    at ChildProcess.target.disconnect (internal/child_process.js:858:26)
    at QueryProcessWrapper.destroy (C:\Users\pccom\Documents\local_test_server\DH\.lib-dist\process-manager.js:178:16)
    at QueryProcessWrapper.release (C:\Users\pccom\Documents\local_test_server\DH\.lib-dist\process-manager.js:164:9)
    at QueryProcessManager.releaseCrashed (C:\Users\pccom\Documents\local_test_server\DH\.lib-dist\process-manager.js:423:16)
    at ChildProcess.<anonymous> (C:\Users\pccom\Documents\local_test_server\DH\.lib-dist\process-manager.js:470:48)
    at ChildProcess.emit (events.js:315:20)
    at ChildProcess.EventEmitter.emit (domain.js:467:12)
    at finish (internal/child_process.js:888:14)
    at processTicksAndRejections (internal/process/task_queues.js:75:11)

Error [ERR_IPC_DISCONNECTED]: IPC channel is already disconnected
    at ChildProcess.target.disconnect (internal/child_process.js:858:26)
    at QueryProcessWrapper.destroy (C:\Users\pccom\Documents\local_test_server\DH\.lib-dist\process-manager.js:178:16)
    at QueryProcessWrapper.release (C:\Users\pccom\Documents\local_test_server\DH\.lib-dist\process-manager.js:164:9)
    at QueryProcessManager.releaseCrashed (C:\Users\pccom\Documents\local_test_server\DH\.lib-dist\process-manager.js:423:16)
    at ChildProcess.<anonymous> (C:\Users\pccom\Documents\local_test_server\DH\.lib-dist\process-manager.js:470:48)
    at ChildProcess.emit (events.js:315:20)
    at ChildProcess.EventEmitter.emit (domain.js:467:12)
    at finish (internal/child_process.js:888:14)
    at processTicksAndRejections (internal/process/task_queues.js:75:11)

Error [ERR_IPC_DISCONNECTED]: IPC channel is already disconnected
    at ChildProcess.target.disconnect (internal/child_process.js:858:26)
    at QueryProcessWrapper.destroy (C:\Users\pccom\Documents\local_test_server\DH\.lib-dist\process-manager.js:178:16)
    at QueryProcessWrapper.release (C:\Users\pccom\Documents\local_test_server\DH\.lib-dist\process-manager.js:164:9)
    at QueryProcessManager.releaseCrashed (C:\Users\pccom\Documents\local_test_server\DH\.lib-dist\process-manager.js:423:16)
    at ChildProcess.<anonymous> (C:\Users\pccom\Documents\local_test_server\DH\.lib-dist\process-manager.js:470:48)
    at ChildProcess.emit (events.js:315:20)
    at ChildProcess.EventEmitter.emit (domain.js:467:12)
    at finish (internal/child_process.js:888:14)
    at processTicksAndRejections (internal/process/task_queues.js:75:11)

Error [ERR_IPC_DISCONNECTED]: IPC channel is already disconnected
    at ChildProcess.target.disconnect (internal/child_process.js:858:26)
    at QueryProcessWrapper.destroy (C:\Users\pccom\Documents\local_test_server\DH\.lib-dist\process-manager.js:178:16)
    at QueryProcessWrapper.release (C:\Users\pccom\Documents\local_test_server\DH\.lib-dist\process-manager.js:164:9)
    at QueryProcessManager.releaseCrashed (C:\Users\pccom\Documents\local_test_server\DH\.lib-dist\process-manager.js:423:16)
    at ChildProcess.<anonymous> (C:\Users\pccom\Documents\local_test_server\DH\.lib-dist\process-manager.js:470:48)
    at ChildProcess.emit (events.js:315:20)
    at ChildProcess.EventEmitter.emit (domain.js:467:12)
    at finish (internal/child_process.js:888:14)
    at processTicksAndRejections (internal/process/task_queues.js:75:11)

Error: Process sockets.js 36044 crashed and had to be restarted
    at RawProcessManager.releaseCrashed (C:\Users\pccom\Documents\local_test_server\DH\.lib-dist\process-manager.js:439:4)
    at Worker.<anonymous> (C:\Users\pccom\Documents\local_test_server\DH\.lib-dist\process-manager.js:470:48)
    at Worker.emit (events.js:315:20)
    at Worker.EventEmitter.emit (domain.js:467:12)
    at ChildProcess.<anonymous> (internal/cluster/master.js:220:12)
    at Object.onceWrapper (events.js:421:28)
    at ChildProcess.emit (events.js:315:20)
    at ChildProcess.EventEmitter.emit (domain.js:467:12)
    at finish (internal/child_process.js:888:14)
    at processTicksAndRejections (internal/process/task_queues.js:75:11)

Error [ERR_IPC_DISCONNECTED]: IPC channel is already disconnected
    at ChildProcess.target.disconnect (internal/child_process.js:858:26)
    at QueryProcessWrapper.destroy (C:\Users\pccom\Documents\local_test_server\DH\.lib-dist\process-manager.js:178:16)
    at QueryProcessWrapper.release (C:\Users\pccom\Documents\local_test_server\DH\.lib-dist\process-manager.js:164:9)
    at QueryProcessManager.releaseCrashed (C:\Users\pccom\Documents\local_test_server\DH\.lib-dist\process-manager.js:423:16)
    at ChildProcess.<anonymous> (C:\Users\pccom\Documents\local_test_server\DH\.lib-dist\process-manager.js:470:48)
    at ChildProcess.emit (events.js:315:20)
    at ChildProcess.EventEmitter.emit (domain.js:467:12)
    at finish (internal/child_process.js:888:14)
    at processTicksAndRejections (internal/process/task_queues.js:75:11)

Error [ERR_IPC_DISCONNECTED]: IPC channel is already disconnected
    at ChildProcess.target.disconnect (internal/child_process.js:858:26)
    at QueryProcessWrapper.destroy (C:\Users\pccom\Documents\local_test_server\DH\.lib-dist\process-manager.js:178:16)
    at QueryProcessWrapper.release (C:\Users\pccom\Documents\local_test_server\DH\.lib-dist\process-manager.js:164:9)
    at QueryProcessManager.releaseCrashed (C:\Users\pccom\Documents\local_test_server\DH\.lib-dist\process-manager.js:423:16)
    at ChildProcess.<anonymous> (C:\Users\pccom\Documents\local_test_server\DH\.lib-dist\process-manager.js:470:48)
    at ChildProcess.emit (events.js:315:20)
    at ChildProcess.EventEmitter.emit (domain.js:467:12)
    at finish (internal/child_process.js:888:14)
    at processTicksAndRejections (internal/process/task_queues.js:75:11)

Error [ERR_IPC_DISCONNECTED]: IPC channel is already disconnected
    at ChildProcess.target.disconnect (internal/child_process.js:858:26)
    at QueryProcessWrapper.destroy (C:\Users\pccom\Documents\local_test_server\DH\.lib-dist\process-manager.js:178:16)
    at QueryProcessWrapper.release (C:\Users\pccom\Documents\local_test_server\DH\.lib-dist\process-manager.js:164:9)
    at QueryProcessManager.releaseCrashed (C:\Users\pccom\Documents\local_test_server\DH\.lib-dist\process-manager.js:423:16)
    at ChildProcess.<anonymous> (C:\Users\pccom\Documents\local_test_server\DH\.lib-dist\process-manager.js:470:48)
    at ChildProcess.emit (events.js:315:20)
    at ChildProcess.EventEmitter.emit (domain.js:467:12)
    at finish (internal/child_process.js:888:14)
    at processTicksAndRejections (internal/process/task_queues.js:75:11)

Error [ERR_IPC_DISCONNECTED]: IPC channel is already disconnected
    at ChildProcess.target.disconnect (internal/child_process.js:858:26)
    at QueryProcessWrapper.destroy (C:\Users\pccom\Documents\local_test_server\DH\.lib-dist\process-manager.js:178:16)
    at QueryProcessWrapper.release (C:\Users\pccom\Documents\local_test_server\DH\.lib-dist\process-manager.js:164:9)
    at QueryProcessManager.releaseCrashed (C:\Users\pccom\Documents\local_test_server\DH\.lib-dist\process-manager.js:423:16)
    at ChildProcess.<anonymous> (C:\Users\pccom\Documents\local_test_server\DH\.lib-dist\process-manager.js:470:48)
    at ChildProcess.emit (events.js:315:20)
    at ChildProcess.EventEmitter.emit (domain.js:467:12)
    at finish (internal/child_process.js:888:14)
    at processTicksAndRejections (internal/process/task_queues.js:75:11)

Error [ERR_IPC_DISCONNECTED]: IPC channel is already disconnected
    at ChildProcess.target.disconnect (internal/child_process.js:858:26)
    at QueryProcessWrapper.destroy (C:\Users\pccom\Documents\local_test_server\DH\.lib-dist\process-manager.js:178:16)
    at QueryProcessWrapper.release (C:\Users\pccom\Documents\local_test_server\DH\.lib-dist\process-manager.js:164:9)
    at QueryProcessManager.releaseCrashed (C:\Users\pccom\Documents\local_test_server\DH\.lib-dist\process-manager.js:423:16)
    at ChildProcess.<anonymous> (C:\Users\pccom\Documents\local_test_server\DH\.lib-dist\process-manager.js:470:48)
    at ChildProcess.emit (events.js:315:20)
    at ChildProcess.EventEmitter.emit (domain.js:467:12)
    at finish (internal/child_process.js:888:14)
    at processTicksAndRejections (internal/process/task_queues.js:75:11)

Error [ERR_IPC_DISCONNECTED]: IPC channel is already disconnected
    at ChildProcess.target.disconnect (internal/child_process.js:858:26)
    at QueryProcessWrapper.destroy (C:\Users\pccom\Documents\local_test_server\DH\.lib-dist\process-manager.js:178:16)
    at QueryProcessWrapper.release (C:\Users\pccom\Documents\local_test_server\DH\.lib-dist\process-manager.js:164:9)
    at QueryProcessManager.releaseCrashed (C:\Users\pccom\Documents\local_test_server\DH\.lib-dist\process-manager.js:423:16)
    at ChildProcess.<anonymous> (C:\Users\pccom\Documents\local_test_server\DH\.lib-dist\process-manager.js:470:48)
    at ChildProcess.emit (events.js:315:20)
    at ChildProcess.EventEmitter.emit (domain.js:467:12)
    at finish (internal/child_process.js:888:14)
    at processTicksAndRejections (internal/process/task_queues.js:75:11)

Error: Process sockets.js 25596 crashed and had to be restarted
    at RawProcessManager.releaseCrashed (C:\Users\pccom\Documents\local_test_server\DH\.lib-dist\process-manager.js:439:4)
    at Worker.<anonymous> (C:\Users\pccom\Documents\local_test_server\DH\.lib-dist\process-manager.js:470:48)
    at Worker.emit (events.js:315:20)
    at Worker.EventEmitter.emit (domain.js:467:12)
    at ChildProcess.<anonymous> (internal/cluster/master.js:220:12)
    at Object.onceWrapper (events.js:421:28)
    at ChildProcess.emit (events.js:315:20)
    at ChildProcess.EventEmitter.emit (domain.js:467:12)
    at finish (internal/child_process.js:888:14)
    at processTicksAndRejections (internal/process/task_queues.js:75:11)

Error [ERR_IPC_DISCONNECTED]: IPC channel is already disconnected
    at ChildProcess.target.disconnect (internal/child_process.js:858:26)
    at QueryProcessWrapper.destroy (C:\Users\pccom\Documents\local_test_server\DH\.lib-dist\process-manager.js:178:16)
    at QueryProcessWrapper.release (C:\Users\pccom\Documents\local_test_server\DH\.lib-dist\process-manager.js:164:9)
    at QueryProcessManager.releaseCrashed (C:\Users\pccom\Documents\local_test_server\DH\.lib-dist\process-manager.js:423:16)
    at ChildProcess.<anonymous> (C:\Users\pccom\Documents\local_test_server\DH\.lib-dist\process-manager.js:470:48)
    at ChildProcess.emit (events.js:315:20)
    at ChildProcess.EventEmitter.emit (domain.js:467:12)
    at finish (internal/child_process.js:888:14)
    at processTicksAndRejections (internal/process/task_queues.js:75:11)

Error [ERR_IPC_DISCONNECTED]: IPC channel is already disconnected
    at ChildProcess.target.disconnect (internal/child_process.js:858:26)
    at QueryProcessWrapper.destroy (C:\Users\pccom\Documents\local_test_server\DH\.lib-dist\process-manager.js:178:16)
    at QueryProcessWrapper.release (C:\Users\pccom\Documents\local_test_server\DH\.lib-dist\process-manager.js:164:9)
    at QueryProcessManager.releaseCrashed (C:\Users\pccom\Documents\local_test_server\DH\.lib-dist\process-manager.js:423:16)
    at ChildProcess.<anonymous> (C:\Users\pccom\Documents\local_test_server\DH\.lib-dist\process-manager.js:470:48)
    at ChildProcess.emit (events.js:315:20)
    at ChildProcess.EventEmitter.emit (domain.js:467:12)
    at finish (internal/child_process.js:888:14)
    at processTicksAndRejections (internal/process/task_queues.js:75:11)

Error [ERR_IPC_DISCONNECTED]: IPC channel is already disconnected
    at ChildProcess.target.disconnect (internal/child_process.js:858:26)
    at QueryProcessWrapper.destroy (C:\Users\pccom\Documents\local_test_server\DH\.lib-dist\process-manager.js:178:16)
    at QueryProcessWrapper.release (C:\Users\pccom\Documents\local_test_server\DH\.lib-dist\process-manager.js:164:9)
    at QueryProcessManager.releaseCrashed (C:\Users\pccom\Documents\local_test_server\DH\.lib-dist\process-manager.js:423:16)
    at ChildProcess.<anonymous> (C:\Users\pccom\Documents\local_test_server\DH\.lib-dist\process-manager.js:470:48)
    at ChildProcess.emit (events.js:315:20)
    at ChildProcess.EventEmitter.emit (domain.js:467:12)
    at finish (internal/child_process.js:888:14)
    at processTicksAndRejections (internal/process/task_queues.js:75:11)

Error [ERR_IPC_DISCONNECTED]: IPC channel is already disconnected
    at ChildProcess.target.disconnect (internal/child_process.js:858:26)
    at QueryProcessWrapper.destroy (C:\Users\pccom\Documents\local_test_server\DH\.lib-dist\process-manager.js:178:16)
    at QueryProcessWrapper.release (C:\Users\pccom\Documents\local_test_server\DH\.lib-dist\process-manager.js:164:9)
    at QueryProcessManager.releaseCrashed (C:\Users\pccom\Documents\local_test_server\DH\.lib-dist\process-manager.js:423:16)
    at ChildProcess.<anonymous> (C:\Users\pccom\Documents\local_test_server\DH\.lib-dist\process-manager.js:470:48)
    at ChildProcess.emit (events.js:315:20)
    at ChildProcess.EventEmitter.emit (domain.js:467:12)
    at finish (internal/child_process.js:888:14)
    at processTicksAndRejections (internal/process/task_queues.js:75:11)

Error: Process sockets.js 15072 crashed and had to be restarted
    at RawProcessManager.releaseCrashed (C:\Users\pccom\Documents\local_test_server\DH\.lib-dist\process-manager.js:439:4)
    at Worker.<anonymous> (C:\Users\pccom\Documents\local_test_server\DH\.lib-dist\process-manager.js:470:48)
    at Worker.emit (events.js:315:20)
    at Worker.EventEmitter.emit (domain.js:467:12)
    at ChildProcess.<anonymous> (internal/cluster/master.js:220:12)
    at Object.onceWrapper (events.js:421:28)
    at ChildProcess.emit (events.js:315:20)
    at ChildProcess.EventEmitter.emit (domain.js:467:12)
    at finish (internal/child_process.js:888:14)
    at processTicksAndRejections (internal/process/task_queues.js:75:11)

Error [ERR_IPC_DISCONNECTED]: IPC channel is already disconnected
    at ChildProcess.target.disconnect (internal/child_process.js:858:26)
    at QueryProcessWrapper.destroy (C:\Users\pccom\Documents\local_test_server\DH\.lib-dist\process-manager.js:178:16)
    at QueryProcessWrapper.release (C:\Users\pccom\Documents\local_test_server\DH\.lib-dist\process-manager.js:164:9)
    at QueryProcessManager.releaseCrashed (C:\Users\pccom\Documents\local_test_server\DH\.lib-dist\process-manager.js:423:16)
    at ChildProcess.<anonymous> (C:\Users\pccom\Documents\local_test_server\DH\.lib-dist\process-manager.js:470:48)
    at ChildProcess.emit (events.js:315:20)
    at ChildProcess.EventEmitter.emit (domain.js:467:12)
    at finish (internal/child_process.js:888:14)
    at processTicksAndRejections (internal/process/task_queues.js:75:11)

Error [ERR_IPC_DISCONNECTED]: IPC channel is already disconnected
    at ChildProcess.target.disconnect (internal/child_process.js:858:26)
    at QueryProcessWrapper.destroy (C:\Users\pccom\Documents\local_test_server\DH\.lib-dist\process-manager.js:178:16)
    at QueryProcessWrapper.release (C:\Users\pccom\Documents\local_test_server\DH\.lib-dist\process-manager.js:164:9)
    at QueryProcessManager.releaseCrashed (C:\Users\pccom\Documents\local_test_server\DH\.lib-dist\process-manager.js:423:16)
    at ChildProcess.<anonymous> (C:\Users\pccom\Documents\local_test_server\DH\.lib-dist\process-manager.js:470:48)
    at ChildProcess.emit (events.js:315:20)
    at ChildProcess.EventEmitter.emit (domain.js:467:12)
    at finish (internal/child_process.js:888:14)
    at processTicksAndRejections (internal/process/task_queues.js:75:11)

Error [ERR_IPC_DISCONNECTED]: IPC channel is already disconnected
    at ChildProcess.target.disconnect (internal/child_process.js:858:26)
    at QueryProcessWrapper.destroy (C:\Users\pccom\Documents\local_test_server\DH\.lib-dist\process-manager.js:178:16)
    at QueryProcessWrapper.release (C:\Users\pccom\Documents\local_test_server\DH\.lib-dist\process-manager.js:164:9)
    at QueryProcessManager.releaseCrashed (C:\Users\pccom\Documents\local_test_server\DH\.lib-dist\process-manager.js:423:16)
    at ChildProcess.<anonymous> (C:\Users\pccom\Documents\local_test_server\DH\.lib-dist\process-manager.js:470:48)
    at ChildProcess.emit (events.js:315:20)
    at ChildProcess.EventEmitter.emit (domain.js:467:12)
    at finish (internal/child_process.js:888:14)
    at processTicksAndRejections (internal/process/task_queues.js:75:11)

Error [ERR_IPC_DISCONNECTED]: IPC channel is already disconnected
    at ChildProcess.target.disconnect (internal/child_process.js:858:26)
    at QueryProcessWrapper.destroy (C:\Users\pccom\Documents\local_test_server\DH\.lib-dist\process-manager.js:178:16)
    at QueryProcessWrapper.release (C:\Users\pccom\Documents\local_test_server\DH\.lib-dist\process-manager.js:164:9)
    at QueryProcessManager.releaseCrashed (C:\Users\pccom\Documents\local_test_server\DH\.lib-dist\process-manager.js:423:16)
    at ChildProcess.<anonymous> (C:\Users\pccom\Documents\local_test_server\DH\.lib-dist\process-manager.js:470:48)
    at ChildProcess.emit (events.js:315:20)
    at ChildProcess.EventEmitter.emit (domain.js:467:12)
    at finish (internal/child_process.js:888:14)
    at processTicksAndRejections (internal/process/task_queues.js:75:11)

Error [ERR_IPC_DISCONNECTED]: IPC channel is already disconnected
    at ChildProcess.target.disconnect (internal/child_process.js:858:26)
    at QueryProcessWrapper.destroy (C:\Users\pccom\Documents\local_test_server\DH\.lib-dist\process-manager.js:178:16)
    at QueryProcessWrapper.release (C:\Users\pccom\Documents\local_test_server\DH\.lib-dist\process-manager.js:164:9)
    at QueryProcessManager.releaseCrashed (C:\Users\pccom\Documents\local_test_server\DH\.lib-dist\process-manager.js:423:16)
    at ChildProcess.<anonymous> (C:\Users\pccom\Documents\local_test_server\DH\.lib-dist\process-manager.js:470:48)
    at ChildProcess.emit (events.js:315:20)
    at ChildProcess.EventEmitter.emit (domain.js:467:12)
    at finish (internal/child_process.js:888:14)
    at processTicksAndRejections (internal/process/task_queues.js:75:11)

Error: Process sockets.js 5408 crashed and had to be restarted
    at RawProcessManager.releaseCrashed (C:\Users\pccom\Documents\local_test_server\DH\.lib-dist\process-manager.js:439:4)
    at Worker.<anonymous> (C:\Users\pccom\Documents\local_test_server\DH\.lib-dist\process-manager.js:470:48)
    at Worker.emit (events.js:315:20)
    at Worker.EventEmitter.emit (domain.js:467:12)
    at ChildProcess.<anonymous> (internal/cluster/master.js:220:12)
    at Object.onceWrapper (events.js:421:28)
    at ChildProcess.emit (events.js:315:20)
    at ChildProcess.EventEmitter.emit (domain.js:467:12)
    at finish (internal/child_process.js:888:14)
    at processTicksAndRejections (internal/process/task_queues.js:75:11)

Error [ERR_IPC_DISCONNECTED]: IPC channel is already disconnected
    at ChildProcess.target.disconnect (internal/child_process.js:858:26)
    at QueryProcessWrapper.destroy (C:\Users\pccom\Documents\local_test_server\DH\.lib-dist\process-manager.js:178:16)
    at QueryProcessWrapper.release (C:\Users\pccom\Documents\local_test_server\DH\.lib-dist\process-manager.js:164:9)
    at QueryProcessManager.releaseCrashed (C:\Users\pccom\Documents\local_test_server\DH\.lib-dist\process-manager.js:423:16)
    at ChildProcess.<anonymous> (C:\Users\pccom\Documents\local_test_server\DH\.lib-dist\process-manager.js:470:48)
    at ChildProcess.emit (events.js:315:20)
    at ChildProcess.EventEmitter.emit (domain.js:467:12)
    at finish (internal/child_process.js:888:14)
    at processTicksAndRejections (internal/process/task_queues.js:75:11)

ReferenceError: length is not defined
    at Battle.onStart (C:\Users\pccom\Documents\local_test_server\DH\.data-dist\mods\alternatium\abilities.js:297:29)
    at Battle.singleEvent (C:\Users\pccom\Documents\local_test_server\DH\.sim-dist\battle.js:487:25)
    at Battle.runSwitch (C:\Users\pccom\Documents\local_test_server\DH\.sim-dist\battle.js:1343:9)
    at Battle.runAction (C:\Users\pccom\Documents\local_test_server\DH\.sim-dist\battle.js:2631:9)
    at Battle.go (C:\Users\pccom\Documents\local_test_server\DH\.sim-dist\battle.js:2761:9)
    at Battle.commitDecisions (C:\Users\pccom\Documents\local_test_server\DH\.sim-dist\battle.js:2827:8)
    at Battle.choose (C:\Users\pccom\Documents\local_test_server\DH\.sim-dist\battle.js:2783:35)
    at RoomBattleStream._writeLine (C:\Users\pccom\Documents\local_test_server\DH\.sim-dist\battle-stream.js:119:17)
    at RoomBattleStream._writeLine (C:\Users\pccom\Documents\local_test_server\DH\.server-dist\room-battle.js:1255:18)
    at RoomBattleStream._writeLines (C:\Users\pccom\Documents\local_test_server\DH\.sim-dist\battle-stream.js:77:10)

Additional information:
  chunk = >p1 team 1
  inputLog = 
>version 5c368443547256a20f463d3383d899746cf19958
>start {"formatid":"gen8alternatium","seed":[23559,21486,51751,57185]}
>player p1 {"name":"iamasandwich","avatar":"pokekid","team":"Genesect-Password||burndrive|privatewifi|flamethrower,thunderbolt,uturn,flashcannon|Timid|,,,252,4,252|N||||","rating":0}
>player p2 {"name":"asdasdvasdv","avatar":"1","team":"Ninetales-Alola||lightclay|snowwarning|snowstorm,willowisp,auroraveil,recover|Calm|252,,200,,,56||,0,,,,|||]Giratina-Shadow||spelltag|shadowworld|willowisp,hex,moonlight,calmmind|Bold|252,,132,60,,64|N|,0,,,,|||]Silvally-Psychic||lifeorb|rkssystem|icebeam,psychic,earthpower,recover|Modest|20,,,252,,236|N|,0,,,,|||]Thundurus||leftovers|levitate|voltswitch,recover,knockoff,toxic|Bold|252,,244,,,12|M|,,,,,0|||]Deoxys-Wood||lifeorb|triage|drainpunch,hornleech,bulkup,thunderwave|Adamant|252,252,,,4,|N||||]Silvally-Dark||lumberry|rkssystem|swordsdance,multiattack,psychicfangs,recover|Jolly|,252,4,,,252|N||||","rating":0}
>p1 team 1
>p2 team 1, 2, 3, 4, 5, 6
  log = 
|t:|1629767911
|player|p1|iamasandwich|pokekid|
|player|p2|asdasdvasdv|1|
|teamsize|p1|1
|teamsize|p2|6
|gametype|singles
|gen|8
|tier|[Gen 8] Alternatium
|clearpoke
|poke|p1|Genesect-Password|
|poke|p2|Ninetales-Alola, F|
|poke|p2|Giratina-Shadow|
|poke|p2|Silvally-*|
|poke|p2|Thundurus, M|
|poke|p2|Deoxys-Wood|
|poke|p2|Silvally-*|
|rule|HP Percentage Mod: HP is shown in percentages
|rule|Endless Battle Clause: Forcing endless battles is banned
|rule|OHKO Clause: OHKO moves are banned
|rule|Evasion Moves Clause: Evasion moves are banned
|rule|Dynamax Clause: You cannot dynamax
|rule|Sleep Clause Mod: Limit one foe put to sleep
|teampreview
|
|t:|1629767915
|start
|switch|p1a: Genesect-Password|Genesect-Password|311/311
|switch|p2a: Ninetales-Alola|Ninetales-Alola, F|364/364
|-start|p1a: Genesect-Password|typechange|Steel/Bug|[silent]
|raw|<ul class="utilichart"><li class="result"><span class="col pokemonnamecol" style="white-space: nowrap">Genesect-Password</span> <span class="col typecol"><img src="https://play.pokemonshowdown.com/sprites/types/Steel.png" alt="Steel" height="14" width="32"><img src="https://play.pokemonshowdown.com/sprites/types/Bug.png" alt="Bug" height="14" width="32"></span> <span style="float: left ; min-height: 26px"><span class="col abilitycol">Private Wi-Fi</span><span class="col abilitycol"></span></span></li><li style="clear: both"></li></ul>
|raw|<ul class="utilichart"><li class="result"><span style="float: left ; min-height: 26px"><span class="col statcol"><em>HP</em><br>85</span> <span class="col statcol"><em>Atk</em><br>110</span> <span class="col statcol"><em>Def</em><br>75</span> <span class="col statcol"><em>SpA</em><br>110</span> <span class="col statcol"><em>SpD</em><br>75</span> <span class="col statcol"><em>Spe</em><br>110</span> </span></li><li style="clear: both"></li></ul>
|-activate|p1a: Genesect-Password|ability: Private Wi-Fi
|-message|Genesect-Password changed its type to match its Drive!


Error [ERR_IPC_DISCONNECTED]: IPC channel is already disconnected
    at ChildProcess.target.disconnect (internal/child_process.js:858:26)
    at QueryProcessWrapper.destroy (C:\Users\pccom\Documents\local_test_server\DH\.lib-dist\process-manager.js:178:16)
    at QueryProcessWrapper.release (C:\Users\pccom\Documents\local_test_server\DH\.lib-dist\process-manager.js:164:9)
    at QueryProcessManager.releaseCrashed (C:\Users\pccom\Documents\local_test_server\DH\.lib-dist\process-manager.js:423:16)
    at ChildProcess.<anonymous> (C:\Users\pccom\Documents\local_test_server\DH\.lib-dist\process-manager.js:470:48)
    at ChildProcess.emit (events.js:315:20)
    at ChildProcess.EventEmitter.emit (domain.js:467:12)
    at finish (internal/child_process.js:888:14)
    at processTicksAndRejections (internal/process/task_queues.js:75:11)

Error [ERR_IPC_DISCONNECTED]: IPC channel is already disconnected
    at ChildProcess.target.disconnect (internal/child_process.js:858:26)
    at QueryProcessWrapper.destroy (C:\Users\pccom\Documents\local_test_server\DH\.lib-dist\process-manager.js:178:16)
    at QueryProcessWrapper.release (C:\Users\pccom\Documents\local_test_server\DH\.lib-dist\process-manager.js:164:9)
    at QueryProcessManager.releaseCrashed (C:\Users\pccom\Documents\local_test_server\DH\.lib-dist\process-manager.js:423:16)
    at ChildProcess.<anonymous> (C:\Users\pccom\Documents\local_test_server\DH\.lib-dist\process-manager.js:470:48)
    at ChildProcess.emit (events.js:315:20)
    at ChildProcess.EventEmitter.emit (domain.js:467:12)
    at finish (internal/child_process.js:888:14)
    at processTicksAndRejections (internal/process/task_queues.js:75:11)

Error [ERR_IPC_DISCONNECTED]: IPC channel is already disconnected
    at ChildProcess.target.disconnect (internal/child_process.js:858:26)
    at QueryProcessWrapper.destroy (C:\Users\pccom\Documents\local_test_server\DH\.lib-dist\process-manager.js:178:16)
    at QueryProcessWrapper.release (C:\Users\pccom\Documents\local_test_server\DH\.lib-dist\process-manager.js:164:9)
    at QueryProcessManager.releaseCrashed (C:\Users\pccom\Documents\local_test_server\DH\.lib-dist\process-manager.js:423:16)
    at ChildProcess.<anonymous> (C:\Users\pccom\Documents\local_test_server\DH\.lib-dist\process-manager.js:470:48)
    at ChildProcess.emit (events.js:315:20)
    at ChildProcess.EventEmitter.emit (domain.js:467:12)
    at finish (internal/child_process.js:888:14)
    at processTicksAndRejections (internal/process/task_queues.js:75:11)

Error [ERR_IPC_DISCONNECTED]: IPC channel is already disconnected
    at ChildProcess.target.disconnect (internal/child_process.js:858:26)
    at QueryProcessWrapper.destroy (C:\Users\pccom\Documents\local_test_server\DH\.lib-dist\process-manager.js:178:16)
    at QueryProcessWrapper.release (C:\Users\pccom\Documents\local_test_server\DH\.lib-dist\process-manager.js:164:9)
    at QueryProcessManager.releaseCrashed (C:\Users\pccom\Documents\local_test_server\DH\.lib-dist\process-manager.js:423:16)
    at ChildProcess.<anonymous> (C:\Users\pccom\Documents\local_test_server\DH\.lib-dist\process-manager.js:470:48)
    at ChildProcess.emit (events.js:315:20)
    at ChildProcess.EventEmitter.emit (domain.js:467:12)
    at finish (internal/child_process.js:888:14)
    at processTicksAndRejections (internal/process/task_queues.js:75:11)

Error: Process sockets.js 21448 crashed and had to be restarted
    at RawProcessManager.releaseCrashed (C:\Users\pccom\Documents\local_test_server\DH\.lib-dist\process-manager.js:439:4)
    at Worker.<anonymous> (C:\Users\pccom\Documents\local_test_server\DH\.lib-dist\process-manager.js:470:48)
    at Worker.emit (events.js:315:20)
    at Worker.EventEmitter.emit (domain.js:467:12)
    at ChildProcess.<anonymous> (internal/cluster/master.js:220:12)
    at Object.onceWrapper (events.js:421:28)
    at ChildProcess.emit (events.js:315:20)
    at ChildProcess.EventEmitter.emit (domain.js:467:12)
    at finish (internal/child_process.js:888:14)
    at processTicksAndRejections (internal/process/task_queues.js:75:11)

Error [ERR_IPC_DISCONNECTED]: IPC channel is already disconnected
    at ChildProcess.target.disconnect (internal/child_process.js:858:26)
    at QueryProcessWrapper.destroy (C:\Users\pccom\Documents\local_test_server\DH\.lib-dist\process-manager.js:178:16)
    at QueryProcessWrapper.release (C:\Users\pccom\Documents\local_test_server\DH\.lib-dist\process-manager.js:164:9)
    at QueryProcessManager.releaseCrashed (C:\Users\pccom\Documents\local_test_server\DH\.lib-dist\process-manager.js:423:16)
    at ChildProcess.<anonymous> (C:\Users\pccom\Documents\local_test_server\DH\.lib-dist\process-manager.js:470:48)
    at ChildProcess.emit (events.js:315:20)
    at ChildProcess.EventEmitter.emit (domain.js:467:12)
    at finish (internal/child_process.js:888:14)
    at processTicksAndRejections (internal/process/task_queues.js:75:11)

Error [ERR_IPC_DISCONNECTED]: IPC channel is already disconnected
    at ChildProcess.target.disconnect (internal/child_process.js:858:26)
    at QueryProcessWrapper.destroy (C:\Users\pccom\Documents\local_test_server\DH\.lib-dist\process-manager.js:178:16)
    at QueryProcessWrapper.release (C:\Users\pccom\Documents\local_test_server\DH\.lib-dist\process-manager.js:164:9)
    at QueryProcessManager.releaseCrashed (C:\Users\pccom\Documents\local_test_server\DH\.lib-dist\process-manager.js:423:16)
    at ChildProcess.<anonymous> (C:\Users\pccom\Documents\local_test_server\DH\.lib-dist\process-manager.js:470:48)
    at ChildProcess.emit (events.js:315:20)
    at ChildProcess.EventEmitter.emit (domain.js:467:12)
    at finish (internal/child_process.js:888:14)
    at processTicksAndRejections (internal/process/task_queues.js:75:11)

Error [ERR_IPC_DISCONNECTED]: IPC channel is already disconnected
    at ChildProcess.target.disconnect (internal/child_process.js:858:26)
    at QueryProcessWrapper.destroy (C:\Users\pccom\Documents\local_test_server\DH\.lib-dist\process-manager.js:178:16)
    at QueryProcessWrapper.release (C:\Users\pccom\Documents\local_test_server\DH\.lib-dist\process-manager.js:164:9)
    at QueryProcessManager.releaseCrashed (C:\Users\pccom\Documents\local_test_server\DH\.lib-dist\process-manager.js:423:16)
    at ChildProcess.<anonymous> (C:\Users\pccom\Documents\local_test_server\DH\.lib-dist\process-manager.js:470:48)
    at ChildProcess.emit (events.js:315:20)
    at ChildProcess.EventEmitter.emit (domain.js:467:12)
    at finish (internal/child_process.js:888:14)
    at processTicksAndRejections (internal/process/task_queues.js:75:11)

Error [ERR_IPC_DISCONNECTED]: IPC channel is already disconnected
    at ChildProcess.target.disconnect (internal/child_process.js:858:26)
    at QueryProcessWrapper.destroy (C:\Users\pccom\Documents\local_test_server\DH\.lib-dist\process-manager.js:178:16)
    at QueryProcessWrapper.release (C:\Users\pccom\Documents\local_test_server\DH\.lib-dist\process-manager.js:164:9)
    at QueryProcessManager.releaseCrashed (C:\Users\pccom\Documents\local_test_server\DH\.lib-dist\process-manager.js:423:16)
    at ChildProcess.<anonymous> (C:\Users\pccom\Documents\local_test_server\DH\.lib-dist\process-manager.js:470:48)
    at ChildProcess.emit (events.js:315:20)
    at ChildProcess.EventEmitter.emit (domain.js:467:12)
    at finish (internal/child_process.js:888:14)
    at processTicksAndRejections (internal/process/task_queues.js:75:11)

Error [ERR_IPC_DISCONNECTED]: IPC channel is already disconnected
    at ChildProcess.target.disconnect (internal/child_process.js:858:26)
    at QueryProcessWrapper.destroy (C:\Users\pccom\Documents\local_test_server\DH\.lib-dist\process-manager.js:178:16)
    at QueryProcessWrapper.release (C:\Users\pccom\Documents\local_test_server\DH\.lib-dist\process-manager.js:164:9)
    at QueryProcessManager.releaseCrashed (C:\Users\pccom\Documents\local_test_server\DH\.lib-dist\process-manager.js:423:16)
    at ChildProcess.<anonymous> (C:\Users\pccom\Documents\local_test_server\DH\.lib-dist\process-manager.js:470:48)
    at ChildProcess.emit (events.js:315:20)
    at ChildProcess.EventEmitter.emit (domain.js:467:12)
    at finish (internal/child_process.js:888:14)
    at processTicksAndRejections (internal/process/task_queues.js:75:11)

Error [ERR_IPC_DISCONNECTED]: IPC channel is already disconnected
    at ChildProcess.target.disconnect (internal/child_process.js:858:26)
    at QueryProcessWrapper.destroy (C:\Users\pccom\Documents\local_test_server\DH\.lib-dist\process-manager.js:178:16)
    at QueryProcessWrapper.release (C:\Users\pccom\Documents\local_test_server\DH\.lib-dist\process-manager.js:164:9)
    at QueryProcessManager.releaseCrashed (C:\Users\pccom\Documents\local_test_server\DH\.lib-dist\process-manager.js:423:16)
    at ChildProcess.<anonymous> (C:\Users\pccom\Documents\local_test_server\DH\.lib-dist\process-manager.js:470:48)
    at ChildProcess.emit (events.js:315:20)
    at ChildProcess.EventEmitter.emit (domain.js:467:12)
    at finish (internal/child_process.js:888:14)
    at processTicksAndRejections (internal/process/task_queues.js:75:11)

Error: Process sockets.js 29588 crashed and had to be restarted
    at RawProcessManager.releaseCrashed (C:\Users\pccom\Documents\local_test_server\DH\.lib-dist\process-manager.js:439:4)
    at Worker.<anonymous> (C:\Users\pccom\Documents\local_test_server\DH\.lib-dist\process-manager.js:470:48)
    at Worker.emit (events.js:315:20)
    at Worker.EventEmitter.emit (domain.js:467:12)
    at ChildProcess.<anonymous> (internal/cluster/master.js:220:12)
    at Object.onceWrapper (events.js:421:28)
    at ChildProcess.emit (events.js:315:20)
    at ChildProcess.EventEmitter.emit (domain.js:467:12)
    at finish (internal/child_process.js:888:14)
    at processTicksAndRejections (internal/process/task_queues.js:75:11)

Error: Nothing matches ""
    at ModdedDex.validateBanRule (C:\Users\pswan\Downloads\DH\.sim-dist\dex.js:1016:10)
    at C:\Users\pswan\Downloads\DH\.sim-dist\dex.js:933:41
    at Array.map (<anonymous>)
    at ModdedDex.validateRule (C:\Users\pswan\Downloads\DH\.sim-dist\dex.js:933:27)
    at ModdedDex.getRuleTable (C:\Users\pswan\Downloads\DH\.sim-dist\dex.js:821:26)
    at new TeamValidator (C:\Users\pswan\Downloads\DH\.sim-dist\team-validator.js:199:29)
    at Function.get (C:\Users\pswan\Downloads\DH\.sim-dist\team-validator.js:2098:10)
    at QueryProcessManager._query (C:\Users\pswan\Downloads\DH\.server-dist\team-validator-async.js:51:43)
    at process.<anonymous> (C:\Users\pswan\Downloads\DH\.lib-dist\process-manager.js:540:30)
    at process.emit (events.js:400:28)

Additional information:
  formatid = gen8randommons
  team = Barraskewda|||swiftswim|||||,0,,,,|||


Error: Nothing matches "Rand"
    at ModdedDex.validateBanRule (C:\Users\pswan\Downloads\DH\.sim-dist\dex.js:1016:10)
    at ModdedDex.validateRule (C:\Users\pswan\Downloads\DH\.sim-dist\dex.js:943:33)
    at ModdedDex.getRuleTable (C:\Users\pswan\Downloads\DH\.sim-dist\dex.js:821:26)
    at new TeamValidator (C:\Users\pswan\Downloads\DH\.sim-dist\team-validator.js:199:29)
    at Function.get (C:\Users\pswan\Downloads\DH\.sim-dist\team-validator.js:2098:10)
    at QueryProcessManager._query (C:\Users\pswan\Downloads\DH\.server-dist\team-validator-async.js:51:43)
    at process.<anonymous> (C:\Users\pswan\Downloads\DH\.lib-dist\process-manager.js:540:30)
    at process.emit (events.js:400:28)
    at process.emit (domain.js:470:12)
    at emit (internal/child_process.js:910:12)

Additional information:
  formatid = gen8randommons
  team = Barraskewda|||swiftswim|||||,0,,,,|||


Error: Nothing matches "Rand"
    at ModdedDex.validateBanRule (C:\Users\pswan\Downloads\DH\.sim-dist\dex.js:1016:10)
    at ModdedDex.validateRule (C:\Users\pswan\Downloads\DH\.sim-dist\dex.js:943:33)
    at ModdedDex.getRuleTable (C:\Users\pswan\Downloads\DH\.sim-dist\dex.js:821:26)
    at new TeamValidator (C:\Users\pswan\Downloads\DH\.sim-dist\team-validator.js:199:29)
    at Function.get (C:\Users\pswan\Downloads\DH\.sim-dist\team-validator.js:2098:10)
    at QueryProcessManager._query (C:\Users\pswan\Downloads\DH\.server-dist\team-validator-async.js:51:43)
    at process.<anonymous> (C:\Users\pswan\Downloads\DH\.lib-dist\process-manager.js:540:30)
    at process.emit (events.js:400:28)
    at process.emit (domain.js:470:12)
    at emit (internal/child_process.js:910:12)

Additional information:
  formatid = gen8randommons
  team = Favourable Swan|||cloudnine|||||,0,,,,|||


Error: Nothing matches ""
    at ModdedDex.validateBanRule (C:\Users\pswan\Downloads\DH\.sim-dist\dex.js:1016:10)
    at C:\Users\pswan\Downloads\DH\.sim-dist\dex.js:933:41
    at Array.map (<anonymous>)
    at ModdedDex.validateRule (C:\Users\pswan\Downloads\DH\.sim-dist\dex.js:933:27)
    at ModdedDex.getRuleTable (C:\Users\pswan\Downloads\DH\.sim-dist\dex.js:821:26)
    at new TeamValidator (C:\Users\pswan\Downloads\DH\.sim-dist\team-validator.js:199:29)
    at Function.get (C:\Users\pswan\Downloads\DH\.sim-dist\team-validator.js:2098:10)
    at QueryProcessManager._query (C:\Users\pswan\Downloads\DH\.server-dist\team-validator-async.js:51:43)
    at process.<anonymous> (C:\Users\pswan\Downloads\DH\.lib-dist\process-manager.js:540:30)
    at process.emit (events.js:400:28)

Additional information:
  formatid = gen8randommons
  team = Favourable Swan|||cloudnine|||||,0,,,,|||


Error [ERR_IPC_DISCONNECTED]: IPC channel is already disconnected
    at ChildProcess.target.disconnect (internal/child_process.js:865:26)
    at QueryProcessWrapper.destroy (C:\Users\pswan\Downloads\DH\.lib-dist\process-manager.js:178:16)
    at QueryProcessWrapper.release (C:\Users\pswan\Downloads\DH\.lib-dist\process-manager.js:164:9)
    at QueryProcessManager.releaseCrashed (C:\Users\pswan\Downloads\DH\.lib-dist\process-manager.js:423:16)
    at ChildProcess.<anonymous> (C:\Users\pswan\Downloads\DH\.lib-dist\process-manager.js:470:48)
    at ChildProcess.emit (events.js:400:28)
    at ChildProcess.emit (domain.js:470:12)
    at finish (internal/child_process.js:895:14)
    at processTicksAndRejections (internal/process/task_queues.js:77:11)

Error [ERR_IPC_DISCONNECTED]: IPC channel is already disconnected
    at ChildProcess.target.disconnect (internal/child_process.js:865:26)
    at QueryProcessWrapper.destroy (C:\Users\pswan\Downloads\DH\.lib-dist\process-manager.js:178:16)
    at QueryProcessWrapper.release (C:\Users\pswan\Downloads\DH\.lib-dist\process-manager.js:164:9)
    at QueryProcessManager.releaseCrashed (C:\Users\pswan\Downloads\DH\.lib-dist\process-manager.js:423:16)
    at ChildProcess.<anonymous> (C:\Users\pswan\Downloads\DH\.lib-dist\process-manager.js:470:48)
    at ChildProcess.emit (events.js:400:28)
    at ChildProcess.emit (domain.js:470:12)
    at finish (internal/child_process.js:895:14)
    at processTicksAndRejections (internal/process/task_queues.js:77:11)

Error [ERR_IPC_DISCONNECTED]: IPC channel is already disconnected
    at ChildProcess.target.disconnect (internal/child_process.js:865:26)
    at QueryProcessWrapper.destroy (C:\Users\pswan\Downloads\DH\.lib-dist\process-manager.js:178:16)
    at QueryProcessWrapper.release (C:\Users\pswan\Downloads\DH\.lib-dist\process-manager.js:164:9)
    at QueryProcessManager.releaseCrashed (C:\Users\pswan\Downloads\DH\.lib-dist\process-manager.js:423:16)
    at ChildProcess.<anonymous> (C:\Users\pswan\Downloads\DH\.lib-dist\process-manager.js:470:48)
    at ChildProcess.emit (events.js:400:28)
    at ChildProcess.emit (domain.js:470:12)
    at finish (internal/child_process.js:895:14)
    at processTicksAndRejections (internal/process/task_queues.js:77:11)

Error [ERR_IPC_DISCONNECTED]: IPC channel is already disconnected
    at ChildProcess.target.disconnect (internal/child_process.js:865:26)
    at QueryProcessWrapper.destroy (C:\Users\pswan\Downloads\DH\.lib-dist\process-manager.js:178:16)
    at QueryProcessWrapper.release (C:\Users\pswan\Downloads\DH\.lib-dist\process-manager.js:164:9)
    at QueryProcessManager.releaseCrashed (C:\Users\pswan\Downloads\DH\.lib-dist\process-manager.js:423:16)
    at ChildProcess.<anonymous> (C:\Users\pswan\Downloads\DH\.lib-dist\process-manager.js:470:48)
    at ChildProcess.emit (events.js:400:28)
    at ChildProcess.emit (domain.js:470:12)
    at finish (internal/child_process.js:895:14)
    at processTicksAndRejections (internal/process/task_queues.js:77:11)

Error [ERR_IPC_DISCONNECTED]: IPC channel is already disconnected
    at ChildProcess.target.disconnect (internal/child_process.js:865:26)
    at QueryProcessWrapper.destroy (C:\Users\pswan\Downloads\DH\.lib-dist\process-manager.js:178:16)
    at QueryProcessWrapper.release (C:\Users\pswan\Downloads\DH\.lib-dist\process-manager.js:164:9)
    at QueryProcessManager.releaseCrashed (C:\Users\pswan\Downloads\DH\.lib-dist\process-manager.js:423:16)
    at ChildProcess.<anonymous> (C:\Users\pswan\Downloads\DH\.lib-dist\process-manager.js:470:48)
    at ChildProcess.emit (events.js:400:28)
    at ChildProcess.emit (domain.js:470:12)
    at finish (internal/child_process.js:895:14)
    at processTicksAndRejections (internal/process/task_queues.js:77:11)

TypeError: Cannot read property 'then' of null
    at RawProcessManager.releaseCrashed (C:\Users\pswan\Downloads\DH\.lib-dist\process-manager.js:423:25)
    at Worker.<anonymous> (C:\Users\pswan\Downloads\DH\.lib-dist\process-manager.js:470:48)
    at Worker.emit (events.js:400:28)
    at Worker.emit (domain.js:470:12)
    at ChildProcess.<anonymous> (internal/cluster/master.js:220:12)
    at Object.onceWrapper (events.js:519:28)
    at ChildProcess.emit (events.js:400:28)
    at ChildProcess.emit (domain.js:470:12)
    at finish (internal/child_process.js:895:14)
    at processTicksAndRejections (internal/process/task_queues.js:77:11)

Error [ERR_IPC_DISCONNECTED]: IPC channel is already disconnected
    at ChildProcess.target.disconnect (internal/child_process.js:865:26)
    at QueryProcessWrapper.destroy (C:\Users\pswan\Downloads\DH\.lib-dist\process-manager.js:178:16)
    at QueryProcessWrapper.release (C:\Users\pswan\Downloads\DH\.lib-dist\process-manager.js:164:9)
    at QueryProcessManager.releaseCrashed (C:\Users\pswan\Downloads\DH\.lib-dist\process-manager.js:423:16)
    at ChildProcess.<anonymous> (C:\Users\pswan\Downloads\DH\.lib-dist\process-manager.js:470:48)
    at ChildProcess.emit (events.js:400:28)
    at ChildProcess.emit (domain.js:470:12)
    at finish (internal/child_process.js:895:14)
    at processTicksAndRejections (internal/process/task_queues.js:77:11)
